2025-07-18 21:45:12 - app.database.workset_db - INFO - Workset tables created successfully.
2025-07-18 21:45:12 - app.database.basex_connector - DEBUG - Connected to BaseX server at localhost:1984
2025-07-18 21:45:12 - app - INFO - Successfully connected to BaseX server
2025-07-18 21:45:12 - app.database.basex_connector - DEBUG - Command executed successfully: LIST
2025-07-18 21:45:12 - app.database.basex_connector - DEBUG - Command executed successfully: OPEN dictionary
2025-07-18 21:45:12 - app.services.dictionary_service - INFO - Successfully opened database 'dictionary'
2025-07-18 21:45:13 - werkzeug - INFO - WARNING: This is a development server. Do not use it in a production deployment. Use a production WSGI server instead.
 * Running on all addresses (0.0.0.0)
 * Running on http://127.0.0.1:5000
 * Running on http://192.168.0.15:5000
2025-07-18 21:45:13 - werkzeug - INFO - Press CTRL+C to quit
2025-07-18 21:45:13 - werkzeug - INFO -  * Restarting with watchdog (windowsapi)
2025-07-18 21:45:14 - app.database.workset_db - INFO - Workset tables created successfully.
2025-07-18 21:45:14 - app.database.basex_connector - DEBUG - Connected to BaseX server at localhost:1984
2025-07-18 21:45:14 - app - INFO - Successfully connected to BaseX server
2025-07-18 21:45:14 - app.database.basex_connector - DEBUG - Command executed successfully: LIST
2025-07-18 21:45:14 - app.database.basex_connector - DEBUG - Command executed successfully: OPEN dictionary
2025-07-18 21:45:14 - app.services.dictionary_service - INFO - Successfully opened database 'dictionary'
2025-07-18 21:45:14 - werkzeug - WARNING -  * Debugger is active!
2025-07-18 21:45:14 - werkzeug - INFO -  * Debugger PIN: 123-874-974
2025-07-18 21:45:27 - app.database.basex_connector - INFO - Executing BaseX query:
declare namespace lift = "http://fieldworks.sil.org/schemas/lift/0.13";
            exists(collection('dictionary')//lift:lift)
2025-07-18 21:45:27 - app.database.basex_connector - DEBUG - Query executed successfully: declare namespace lift = "http://fieldworks.sil.org/schemas/lift/0.13";
            exists(collectio...
2025-07-18 21:45:27 - app.database.basex_connector - INFO - Executing BaseX query:
exists(collection('dictionary')//lift)
2025-07-18 21:45:27 - app.database.basex_connector - DEBUG - Query executed successfully: exists(collection('dictionary')//lift)...
2025-07-18 21:45:27 - app.services.dictionary_service - INFO - Database uses non-namespaced LIFT elements
2025-07-18 21:45:27 - app.database.basex_connector - INFO - Executing BaseX query:

        for $entry in collection('dictionary')//entry[@id="entry_with_sense_relation_19f5ddc4"]
        return $entry
        
2025-07-18 21:45:27 - app.database.basex_connector - DEBUG - Query executed successfully: 
        for $entry in collection('dictionary')//entry[@id="entry_with_sense_relation_19f5ddc4"]
   ...
2025-07-18 21:45:27 - app.services.dictionary_service - DEBUG - Raw query result: <entry id="entry_with_sense_relation_19f5ddc4"><lexical-unit><form lang="en"><text>related word</text></form></lexical-unit><sense id="related_sense"><gloss lang="en"><text>related meaning</text></gloss><relation type="synonym" ref="test_entry_1#sense_1_1"/></sense></entry>
2025-07-18 21:45:27 - app.parsers.lift_parser - DEBUG - Found 0 pronunciation elements
2025-07-18 21:45:27 - app.parsers.lift_parser - DEBUG - No pronunciations found
2025-07-18 21:45:27 - app.services.dictionary_service - DEBUG - Executing query for LIFT ranges: 
        collection('dictionary')//lift-ranges
        
2025-07-18 21:45:27 - app.database.basex_connector - INFO - Executing BaseX query:

        collection('dictionary')//lift-ranges
        
2025-07-18 21:45:27 - app.database.basex_connector - DEBUG - Query executed successfully: 
        collection('dictionary')//lift-ranges
        ...
2025-07-18 21:45:27 - app.services.dictionary_service - DEBUG - Parsing LIFT ranges XML.
2025-07-18 21:45:28 - app.services.dictionary_service - INFO - Successfully loaded and parsed 21 LIFT ranges.
2025-07-18 21:45:28 - app.services.dictionary_service - DEBUG - list_entries called with: limit=None, offset=0, sort_by=lexical_unit, sort_order=asc, filter_text=
2025-07-18 21:45:28 - app.database.basex_connector - INFO - Executing BaseX query:
 count(collection('dictionary')//entry)
2025-07-18 21:45:28 - app.database.basex_connector - DEBUG - Query executed successfully:  count(collection('dictionary')//entry)...
2025-07-18 21:45:28 - app.services.dictionary_service - DEBUG - Database connection status: True
2025-07-18 21:45:28 - app.services.dictionary_service - DEBUG - Using database: dictionary
2025-07-18 21:45:28 - app.services.dictionary_service - DEBUG - Constructed query for list_entries: 
            
            (for $entry in collection('dictionary')//entry
            order by lower-case(($entry/lexical-unit/form/text)[1]) empty least
            return $entry)
            
2025-07-18 21:45:28 - app.database.basex_connector - INFO - Executing BaseX query:

            
            (for $entry in collection('dictionary')//entry
            order by lower-case(($entry/lexical-unit/form/text)[1]) empty least
            return $entry)
            
2025-07-18 21:45:28 - app.database.basex_connector - DEBUG - Query executed successfully: 
            
            (for $entry in collection('dictionary')//entry
            order by lower-...
2025-07-18 21:45:28 - app.parsers.lift_parser - DEBUG - Found 1 pronunciation elements
2025-07-18 21:45:28 - app.parsers.lift_parser - DEBUG - Extracted pronunciation: seh-fonipa = '\u0259k\u02c8sept\u0259ns test'
2025-07-18 21:45:28 - app.parsers.lift_parser - DEBUG - Final pronunciations: {'seh-fonipa': '\u0259k\u02c8sept\u0259ns test'}
2025-07-18 21:45:28 - app.parsers.lift_parser - DEBUG - Found 0 pronunciation elements
2025-07-18 21:45:28 - app.parsers.lift_parser - DEBUG - No pronunciations found
2025-07-18 21:45:28 - app.parsers.lift_parser - DEBUG - Found 1 pronunciation elements
2025-07-18 21:45:28 - app.parsers.lift_parser - DEBUG - Extracted pronunciation: seh-fonipa = '\u02cc\xe6s\u026ad test'
2025-07-18 21:45:28 - app.parsers.lift_parser - DEBUG - Final pronunciations: {'seh-fonipa': '\u02cc\xe6s\u026ad test'}
2025-07-18 21:45:28 - app.parsers.lift_parser - DEBUG - Found 0 pronunciation elements
2025-07-18 21:45:28 - app.parsers.lift_parser - DEBUG - No pronunciations found
2025-07-18 21:45:28 - app.parsers.lift_parser - DEBUG - Found 0 pronunciation elements
2025-07-18 21:45:28 - app.parsers.lift_parser - DEBUG - No pronunciations found
2025-07-18 21:45:28 - app.parsers.lift_parser - DEBUG - Found 0 pronunciation elements
2025-07-18 21:45:28 - app.parsers.lift_parser - DEBUG - No pronunciations found
2025-07-18 21:45:28 - app.parsers.lift_parser - DEBUG - Found 0 pronunciation elements
2025-07-18 21:45:28 - app.parsers.lift_parser - DEBUG - No pronunciations found
2025-07-18 21:45:28 - app.parsers.lift_parser - DEBUG - Found 0 pronunciation elements
2025-07-18 21:45:28 - app.parsers.lift_parser - DEBUG - No pronunciations found
2025-07-18 21:45:28 - app.parsers.lift_parser - DEBUG - Found 0 pronunciation elements
2025-07-18 21:45:28 - app.parsers.lift_parser - DEBUG - No pronunciations found
2025-07-18 21:45:28 - app.parsers.lift_parser - DEBUG - Found 0 pronunciation elements
2025-07-18 21:45:28 - app.parsers.lift_parser - DEBUG - No pronunciations found
2025-07-18 21:45:28 - app.parsers.lift_parser - DEBUG - Found 1 pronunciation elements
2025-07-18 21:45:28 - app.parsers.lift_parser - DEBUG - Extracted pronunciation: seh-fonipa = '\u0259\u02c8test'
2025-07-18 21:45:28 - app.parsers.lift_parser - DEBUG - Final pronunciations: {'seh-fonipa': '\u0259\u02c8test'}
2025-07-18 21:45:28 - app.parsers.lift_parser - DEBUG - Found 0 pronunciation elements
2025-07-18 21:45:28 - app.parsers.lift_parser - DEBUG - No pronunciations found
2025-07-18 21:45:28 - app.parsers.lift_parser - DEBUG - Found 1 pronunciation elements
2025-07-18 21:45:28 - app.parsers.lift_parser - DEBUG - Extracted pronunciation: seh-fonipa = '\u02cc\xe6te\u02c8ste\u026a\u0283(\u0259)n, \u02cc\xe6tes\u02c8te\u026a\u0283(\u0259)n'
2025-07-18 21:45:28 - app.parsers.lift_parser - DEBUG - Final pronunciations: {'seh-fonipa': '\u02cc\xe6te\u02c8ste\u026a\u0283(\u0259)n, \u02cc\xe6tes\u02c8te\u026a\u0283(\u0259)n'}
2025-07-18 21:45:28 - app.parsers.lift_parser - DEBUG - Found 1 pronunciation elements
2025-07-18 21:45:28 - app.parsers.lift_parser - DEBUG - Extracted pronunciation: seh-fonipa = '\u0259\u02c8test\u026ad'
2025-07-18 21:45:28 - app.parsers.lift_parser - DEBUG - Final pronunciations: {'seh-fonipa': '\u0259\u02c8test\u026ad'}
2025-07-18 21:45:28 - app.parsers.lift_parser - DEBUG - Found 0 pronunciation elements
2025-07-18 21:45:28 - app.parsers.lift_parser - DEBUG - No pronunciations found
2025-07-18 21:45:28 - app.parsers.lift_parser - DEBUG - Found 1 pronunciation elements
2025-07-18 21:45:28 - app.parsers.lift_parser - DEBUG - Extracted pronunciation: seh-fonipa = '\u0259\u02c8test\u0259'
2025-07-18 21:45:28 - app.parsers.lift_parser - DEBUG - Final pronunciations: {'seh-fonipa': '\u0259\u02c8test\u0259'}
2025-07-18 21:45:28 - app.parsers.lift_parser - DEBUG - Found 0 pronunciation elements
2025-07-18 21:45:28 - app.parsers.lift_parser - DEBUG - No pronunciations found
2025-07-18 21:45:28 - app.parsers.lift_parser - DEBUG - Found 0 pronunciation elements
2025-07-18 21:45:28 - app.parsers.lift_parser - DEBUG - No pronunciations found
2025-07-18 21:45:28 - app.parsers.lift_parser - DEBUG - Found 0 pronunciation elements
2025-07-18 21:45:28 - app.parsers.lift_parser - DEBUG - No pronunciations found
2025-07-18 21:45:28 - app.parsers.lift_parser - DEBUG - Found 0 pronunciation elements
2025-07-18 21:45:28 - app.parsers.lift_parser - DEBUG - No pronunciations found
2025-07-18 21:45:28 - app.parsers.lift_parser - DEBUG - Found 0 pronunciation elements
2025-07-18 21:45:28 - app.parsers.lift_parser - DEBUG - No pronunciations found
2025-07-18 21:45:28 - app.parsers.lift_parser - DEBUG - Found 0 pronunciation elements
2025-07-18 21:45:28 - app.parsers.lift_parser - DEBUG - No pronunciations found
2025-07-18 21:45:28 - app.parsers.lift_parser - DEBUG - Found 0 pronunciation elements
2025-07-18 21:45:28 - app.parsers.lift_parser - DEBUG - No pronunciations found
2025-07-18 21:45:28 - app.parsers.lift_parser - DEBUG - Found 0 pronunciation elements
2025-07-18 21:45:28 - app.parsers.lift_parser - DEBUG - No pronunciations found
2025-07-18 21:45:28 - app.parsers.lift_parser - DEBUG - Found 0 pronunciation elements
2025-07-18 21:45:28 - app.parsers.lift_parser - DEBUG - No pronunciations found
2025-07-18 21:45:28 - app.parsers.lift_parser - DEBUG - Found 0 pronunciation elements
2025-07-18 21:45:28 - app.parsers.lift_parser - DEBUG - No pronunciations found
2025-07-18 21:45:28 - app.parsers.lift_parser - DEBUG - Found 0 pronunciation elements
2025-07-18 21:45:28 - app.parsers.lift_parser - DEBUG - No pronunciations found
2025-07-18 21:45:28 - app.parsers.lift_parser - DEBUG - Found 0 pronunciation elements
2025-07-18 21:45:28 - app.parsers.lift_parser - DEBUG - No pronunciations found
2025-07-18 21:45:28 - app.parsers.lift_parser - DEBUG - Found 0 pronunciation elements
2025-07-18 21:45:28 - app.parsers.lift_parser - DEBUG - No pronunciations found
2025-07-18 21:45:28 - app.parsers.lift_parser - DEBUG - Found 0 pronunciation elements
2025-07-18 21:45:28 - app.parsers.lift_parser - DEBUG - No pronunciations found
2025-07-18 21:45:28 - app.parsers.lift_parser - DEBUG - Found 0 pronunciation elements
2025-07-18 21:45:28 - app.parsers.lift_parser - DEBUG - No pronunciations found
2025-07-18 21:45:28 - app.parsers.lift_parser - DEBUG - Found 0 pronunciation elements
2025-07-18 21:45:28 - app.parsers.lift_parser - DEBUG - No pronunciations found
2025-07-18 21:45:28 - app.parsers.lift_parser - DEBUG - Found 0 pronunciation elements
2025-07-18 21:45:28 - app.parsers.lift_parser - DEBUG - No pronunciations found
2025-07-18 21:45:28 - app.parsers.lift_parser - DEBUG - Found 0 pronunciation elements
2025-07-18 21:45:28 - app.parsers.lift_parser - DEBUG - No pronunciations found
2025-07-18 21:45:28 - app.parsers.lift_parser - DEBUG - Found 0 pronunciation elements
2025-07-18 21:45:28 - app.parsers.lift_parser - DEBUG - No pronunciations found
2025-07-18 21:45:28 - app.parsers.lift_parser - DEBUG - Found 0 pronunciation elements
2025-07-18 21:45:28 - app.parsers.lift_parser - DEBUG - No pronunciations found
2025-07-18 21:45:28 - app.parsers.lift_parser - DEBUG - Found 0 pronunciation elements
2025-07-18 21:45:28 - app.parsers.lift_parser - DEBUG - No pronunciations found
2025-07-18 21:45:28 - app.parsers.lift_parser - DEBUG - Found 0 pronunciation elements
2025-07-18 21:45:28 - app.parsers.lift_parser - DEBUG - No pronunciations found
2025-07-18 21:45:28 - app.parsers.lift_parser - DEBUG - Found 0 pronunciation elements
2025-07-18 21:45:28 - app.parsers.lift_parser - DEBUG - No pronunciations found
2025-07-18 21:45:28 - app.parsers.lift_parser - DEBUG - Found 0 pronunciation elements
2025-07-18 21:45:28 - app.parsers.lift_parser - DEBUG - No pronunciations found
2025-07-18 21:45:28 - app.parsers.lift_parser - DEBUG - Found 0 pronunciation elements
2025-07-18 21:45:28 - app.parsers.lift_parser - DEBUG - No pronunciations found
2025-07-18 21:45:28 - app.parsers.lift_parser - DEBUG - Found 1 pronunciation elements
2025-07-18 21:45:28 - app.parsers.lift_parser - DEBUG - Extracted pronunciation: seh-fonipa = '\u02c8bju\u02d0t\u026a \u02cck\u0252ntest'
2025-07-18 21:45:28 - app.parsers.lift_parser - DEBUG - Final pronunciations: {'seh-fonipa': '\u02c8bju\u02d0t\u026a \u02cck\u0252ntest'}
2025-07-18 21:45:28 - app.parsers.lift_parser - DEBUG - Found 1 pronunciation elements
2025-07-18 21:45:28 - app.parsers.lift_parser - DEBUG - Extracted pronunciation: seh-fonipa = 'bent\u0283 test'
2025-07-18 21:45:28 - app.parsers.lift_parser - DEBUG - Final pronunciations: {'seh-fonipa': 'bent\u0283 test'}
2025-07-18 21:45:28 - app.parsers.lift_parser - DEBUG - Found 0 pronunciation elements
2025-07-18 21:45:28 - app.parsers.lift_parser - DEBUG - No pronunciations found
2025-07-18 21:45:28 - app.parsers.lift_parser - DEBUG - Found 1 pronunciation elements
2025-07-18 21:45:28 - app.parsers.lift_parser - DEBUG - Extracted pronunciation: seh-fonipa = 'bl\u028cd test'
2025-07-18 21:45:28 - app.parsers.lift_parser - DEBUG - Final pronunciations: {'seh-fonipa': 'bl\u028cd test'}
2025-07-18 21:45:28 - app.parsers.lift_parser - DEBUG - Found 0 pronunciation elements
2025-07-18 21:45:28 - app.parsers.lift_parser - DEBUG - No pronunciations found
2025-07-18 21:45:28 - app.parsers.lift_parser - DEBUG - Found 0 pronunciation elements
2025-07-18 21:45:28 - app.parsers.lift_parser - DEBUG - No pronunciations found
2025-07-18 21:45:28 - app.parsers.lift_parser - DEBUG - Found 0 pronunciation elements
2025-07-18 21:45:28 - app.parsers.lift_parser - DEBUG - No pronunciations found
2025-07-18 21:45:28 - app.parsers.lift_parser - DEBUG - Found 0 pronunciation elements
2025-07-18 21:45:28 - app.parsers.lift_parser - DEBUG - No pronunciations found
2025-07-18 21:45:28 - app.parsers.lift_parser - DEBUG - Found 0 pronunciation elements
2025-07-18 21:45:28 - app.parsers.lift_parser - DEBUG - No pronunciations found
2025-07-18 21:45:28 - app.parsers.lift_parser - DEBUG - Found 0 pronunciation elements
2025-07-18 21:45:28 - app.parsers.lift_parser - DEBUG - No pronunciations found
2025-07-18 21:45:28 - app.parsers.lift_parser - DEBUG - Found 0 pronunciation elements
2025-07-18 21:45:28 - app.parsers.lift_parser - DEBUG - No pronunciations found
2025-07-18 21:45:28 - app.parsers.lift_parser - DEBUG - Found 0 pronunciation elements
2025-07-18 21:45:28 - app.parsers.lift_parser - DEBUG - No pronunciations found
2025-07-18 21:45:28 - app.parsers.lift_parser - DEBUG - Found 0 pronunciation elements
2025-07-18 21:45:28 - app.parsers.lift_parser - DEBUG - No pronunciations found
2025-07-18 21:45:28 - app.parsers.lift_parser - DEBUG - Found 0 pronunciation elements
2025-07-18 21:45:28 - app.parsers.lift_parser - DEBUG - No pronunciations found
2025-07-18 21:45:28 - app.parsers.lift_parser - DEBUG - Found 0 pronunciation elements
2025-07-18 21:45:28 - app.parsers.lift_parser - DEBUG - No pronunciations found
2025-07-18 21:45:28 - app.parsers.lift_parser - DEBUG - Found 0 pronunciation elements
2025-07-18 21:45:28 - app.parsers.lift_parser - DEBUG - No pronunciations found
2025-07-18 21:45:28 - app.parsers.lift_parser - DEBUG - Found 0 pronunciation elements
2025-07-18 21:45:28 - app.parsers.lift_parser - DEBUG - No pronunciations found
2025-07-18 21:45:28 - app.parsers.lift_parser - DEBUG - Found 0 pronunciation elements
2025-07-18 21:45:28 - app.parsers.lift_parser - DEBUG - No pronunciations found
2025-07-18 21:45:28 - app.parsers.lift_parser - DEBUG - Found 0 pronunciation elements
2025-07-18 21:45:28 - app.parsers.lift_parser - DEBUG - No pronunciations found
2025-07-18 21:45:28 - app.parsers.lift_parser - DEBUG - Found 1 pronunciation elements
2025-07-18 21:45:28 - app.parsers.lift_parser - DEBUG - Extracted pronunciation: seh-fonipa = 'bre\u03b8 test'
2025-07-18 21:45:28 - app.parsers.lift_parser - DEBUG - Final pronunciations: {'seh-fonipa': 'bre\u03b8 test'}
2025-07-18 21:45:28 - app.parsers.lift_parser - DEBUG - Found 1 pronunciation elements
2025-07-18 21:45:28 - app.parsers.lift_parser - DEBUG - Extracted pronunciation: seh-fonipa = 'bre\u03b8 test'
2025-07-18 21:45:28 - app.parsers.lift_parser - DEBUG - Final pronunciations: {'seh-fonipa': 'bre\u03b8 test'}
2025-07-18 21:45:28 - app.parsers.lift_parser - DEBUG - Found 1 pronunciation elements
2025-07-18 21:45:28 - app.parsers.lift_parser - DEBUG - Extracted pronunciation: seh-fonipa = 'bre\u03b8 \u02c8test\u026a\u014b'
2025-07-18 21:45:28 - app.parsers.lift_parser - DEBUG - Final pronunciations: {'seh-fonipa': 'bre\u03b8 \u02c8test\u026a\u014b'}
2025-07-18 21:45:28 - app.parsers.lift_parser - DEBUG - Found 0 pronunciation elements
2025-07-18 21:45:28 - app.parsers.lift_parser - DEBUG - No pronunciations found
2025-07-18 21:45:28 - app.parsers.lift_parser - DEBUG - Found 0 pronunciation elements
2025-07-18 21:45:28 - app.parsers.lift_parser - DEBUG - No pronunciations found
2025-07-18 21:45:28 - app.parsers.lift_parser - DEBUG - Found 1 pronunciation elements
2025-07-18 21:45:28 - app.parsers.lift_parser - DEBUG - Extracted pronunciation: seh-fonipa = 'ka\u026a skwe\u0259 test'
2025-07-18 21:45:28 - app.parsers.lift_parser - DEBUG - Final pronunciations: {'seh-fonipa': 'ka\u026a skwe\u0259 test'}
2025-07-18 21:45:28 - app.parsers.lift_parser - DEBUG - Found 0 pronunciation elements
2025-07-18 21:45:28 - app.parsers.lift_parser - DEBUG - No pronunciations found
2025-07-18 21:45:28 - app.parsers.lift_parser - DEBUG - Found 0 pronunciation elements
2025-07-18 21:45:28 - app.parsers.lift_parser - DEBUG - No pronunciations found
2025-07-18 21:45:28 - app.parsers.lift_parser - DEBUG - Found 0 pronunciation elements
2025-07-18 21:45:28 - app.parsers.lift_parser - DEBUG - No pronunciations found
2025-07-18 21:45:28 - app.parsers.lift_parser - DEBUG - Found 0 pronunciation elements
2025-07-18 21:45:28 - app.parsers.lift_parser - DEBUG - No pronunciations found
2025-07-18 21:45:28 - app.parsers.lift_parser - DEBUG - Found 1 pronunciation elements
2025-07-18 21:45:28 - app.parsers.lift_parser - DEBUG - Extracted pronunciation: seh-fonipa = 'kl\u0259\u028az test'
2025-07-18 21:45:28 - app.parsers.lift_parser - DEBUG - Final pronunciations: {'seh-fonipa': 'kl\u0259\u028az test'}
2025-07-18 21:45:28 - app.parsers.lift_parser - DEBUG - Found 0 pronunciation elements
2025-07-18 21:45:28 - app.parsers.lift_parser - DEBUG - No pronunciations found
2025-07-18 21:45:28 - app.parsers.lift_parser - DEBUG - Found 0 pronunciation elements
2025-07-18 21:45:28 - app.parsers.lift_parser - DEBUG - No pronunciations found
2025-07-18 21:45:28 - app.parsers.lift_parser - DEBUG - Found 1 pronunciation elements
2025-07-18 21:45:28 - app.parsers.lift_parser - DEBUG - Extracted pronunciation: seh-fonipa = 'k\u0259m\u02c8p\xe6r\u026as(\u0259)n \u02c8test'
2025-07-18 21:45:28 - app.parsers.lift_parser - DEBUG - Final pronunciations: {'seh-fonipa': 'k\u0259m\u02c8p\xe6r\u026as(\u0259)n \u02c8test'}
2025-07-18 21:45:28 - app.parsers.lift_parser - DEBUG - Found 0 pronunciation elements
2025-07-18 21:45:28 - app.parsers.lift_parser - DEBUG - No pronunciations found
2025-07-18 21:45:28 - app.parsers.lift_parser - DEBUG - Found 1 pronunciation elements
2025-07-18 21:45:28 - app.parsers.lift_parser - DEBUG - Extracted pronunciation: seh-fonipa = 'k\u0259n\u02c8test'
2025-07-18 21:45:28 - app.parsers.lift_parser - DEBUG - Final pronunciations: {'seh-fonipa': 'k\u0259n\u02c8test'}
2025-07-18 21:45:28 - app.parsers.lift_parser - DEBUG - Found 1 pronunciation elements
2025-07-18 21:45:28 - app.parsers.lift_parser - DEBUG - Extracted pronunciation: seh-fonipa = '\u02c8k\u0252ntest'
2025-07-18 21:45:28 - app.parsers.lift_parser - DEBUG - Final pronunciations: {'seh-fonipa': '\u02c8k\u0252ntest'}
2025-07-18 21:45:28 - app.parsers.lift_parser - DEBUG - Found 0 pronunciation elements
2025-07-18 21:45:28 - app.parsers.lift_parser - DEBUG - No pronunciations found
2025-07-18 21:45:28 - app.parsers.lift_parser - DEBUG - Found 0 pronunciation elements
2025-07-18 21:45:28 - app.parsers.lift_parser - DEBUG - No pronunciations found
2025-07-18 21:45:28 - app.parsers.lift_parser - DEBUG - Found 1 pronunciation elements
2025-07-18 21:45:28 - app.parsers.lift_parser - DEBUG - Extracted pronunciation: seh-fonipa = 'k\u0259n\u02c8test\u0259b(\u0259)l'
2025-07-18 21:45:28 - app.parsers.lift_parser - DEBUG - Final pronunciations: {'seh-fonipa': 'k\u0259n\u02c8test\u0259b(\u0259)l'}
2025-07-18 21:45:28 - app.parsers.lift_parser - DEBUG - Found 1 pronunciation elements
2025-07-18 21:45:28 - app.parsers.lift_parser - DEBUG - Extracted pronunciation: seh-fonipa = 'k\u0252n\u02c8test\u0259b\u0259ln\u0259s'
2025-07-18 21:45:28 - app.parsers.lift_parser - DEBUG - Final pronunciations: {'seh-fonipa': 'k\u0252n\u02c8test\u0259b\u0259ln\u0259s'}
2025-07-18 21:45:28 - app.parsers.lift_parser - DEBUG - Found 1 pronunciation elements
2025-07-18 21:45:28 - app.parsers.lift_parser - DEBUG - Extracted pronunciation: seh-fonipa = 'k\u0252n\u02c8test\u0259bl\u026a'
2025-07-18 21:45:28 - app.parsers.lift_parser - DEBUG - Final pronunciations: {'seh-fonipa': 'k\u0252n\u02c8test\u0259bl\u026a'}
2025-07-18 21:45:28 - app.parsers.lift_parser - DEBUG - Found 1 pronunciation elements
2025-07-18 21:45:28 - app.parsers.lift_parser - DEBUG - Extracted pronunciation: seh-fonipa = 'k\u0259n\u02c8test\u0259nt'
2025-07-18 21:45:28 - app.parsers.lift_parser - DEBUG - Final pronunciations: {'seh-fonipa': 'k\u0259n\u02c8test\u0259nt'}
2025-07-18 21:45:28 - app.parsers.lift_parser - DEBUG - Found 1 pronunciation elements
2025-07-18 21:45:28 - app.parsers.lift_parser - DEBUG - Extracted pronunciation: seh-fonipa = '\u02cck\u0252ntes\u02c8te\u026a\u0283n, \u02cck\u0252nte\u02c8ste\u026a\u0283\u0259n, \u02cck\u0252ntes\u02c8te\u026a\u0283\u0259n'
2025-07-18 21:45:28 - app.parsers.lift_parser - DEBUG - Final pronunciations: {'seh-fonipa': '\u02cck\u0252ntes\u02c8te\u026a\u0283n, \u02cck\u0252nte\u02c8ste\u026a\u0283\u0259n, \u02cck\u0252ntes\u02c8te\u026a\u0283\u0259n'}
2025-07-18 21:45:28 - app.parsers.lift_parser - DEBUG - Found 1 pronunciation elements
2025-07-18 21:45:28 - app.parsers.lift_parser - DEBUG - Extracted pronunciation: seh-fonipa = 'k\u0252n\u02c8test\u0259'
2025-07-18 21:45:28 - app.parsers.lift_parser - DEBUG - Final pronunciations: {'seh-fonipa': 'k\u0252n\u02c8test\u0259'}
2025-07-18 21:45:28 - app.parsers.lift_parser - DEBUG - Found 0 pronunciation elements
2025-07-18 21:45:28 - app.parsers.lift_parser - DEBUG - No pronunciations found
2025-07-18 21:45:28 - app.parsers.lift_parser - DEBUG - Found 0 pronunciation elements
2025-07-18 21:45:28 - app.parsers.lift_parser - DEBUG - No pronunciations found
2025-07-18 21:45:28 - app.parsers.lift_parser - DEBUG - Found 1 pronunciation elements
2025-07-18 21:45:28 - app.parsers.lift_parser - DEBUG - Extracted pronunciation: seh-fonipa = 'kr\xe6\u0283 test'
2025-07-18 21:45:28 - app.parsers.lift_parser - DEBUG - Final pronunciations: {'seh-fonipa': 'kr\xe6\u0283 test'}
2025-07-18 21:45:28 - app.parsers.lift_parser - DEBUG - Found 0 pronunciation elements
2025-07-18 21:45:28 - app.parsers.lift_parser - DEBUG - No pronunciations found
2025-07-18 21:45:28 - app.parsers.lift_parser - DEBUG - Found 1 pronunciation elements
2025-07-18 21:45:28 - app.parsers.lift_parser - DEBUG - Extracted pronunciation: seh-fonipa = 'kr\xe6\u0283 test'
2025-07-18 21:45:28 - app.parsers.lift_parser - DEBUG - Final pronunciations: {'seh-fonipa': 'kr\xe6\u0283 test'}
2025-07-18 21:45:28 - app.parsers.lift_parser - DEBUG - Found 1 pronunciation elements
2025-07-18 21:45:28 - app.parsers.lift_parser - DEBUG - Extracted pronunciation: seh-fonipa = 'd\u026a\u02c8test'
2025-07-18 21:45:28 - app.parsers.lift_parser - DEBUG - Final pronunciations: {'seh-fonipa': 'd\u026a\u02c8test'}
2025-07-18 21:45:28 - app.parsers.lift_parser - DEBUG - Found 1 pronunciation elements
2025-07-18 21:45:28 - app.parsers.lift_parser - DEBUG - Extracted pronunciation: seh-fonipa = 'd\u026a\u02c8test\u0259b(\u0259)l'
2025-07-18 21:45:28 - app.parsers.lift_parser - DEBUG - Final pronunciations: {'seh-fonipa': 'd\u026a\u02c8test\u0259b(\u0259)l'}
2025-07-18 21:45:28 - app.parsers.lift_parser - DEBUG - Found 1 pronunciation elements
2025-07-18 21:45:28 - app.parsers.lift_parser - DEBUG - Extracted pronunciation: seh-fonipa = 'd\u026a\u02c8test\u0259bl\u026a'
2025-07-18 21:45:28 - app.parsers.lift_parser - DEBUG - Final pronunciations: {'seh-fonipa': 'd\u026a\u02c8test\u0259bl\u026a'}
2025-07-18 21:45:28 - app.parsers.lift_parser - DEBUG - Found 1 pronunciation elements
2025-07-18 21:45:28 - app.parsers.lift_parser - DEBUG - Extracted pronunciation: seh-fonipa = '\u02ccdi\u02d0te\u02c8ste\u026a\u0283(\u0259)n, \u02ccdi\u02d0tes\u02c8te\u026a\u0283(\u0259)n'
2025-07-18 21:45:28 - app.parsers.lift_parser - DEBUG - Final pronunciations: {'seh-fonipa': '\u02ccdi\u02d0te\u02c8ste\u026a\u0283(\u0259)n, \u02ccdi\u02d0tes\u02c8te\u026a\u0283(\u0259)n'}
2025-07-18 21:45:28 - app.parsers.lift_parser - DEBUG - Found 0 pronunciation elements
2025-07-18 21:45:28 - app.parsers.lift_parser - DEBUG - No pronunciations found
2025-07-18 21:45:28 - app.parsers.lift_parser - DEBUG - Found 0 pronunciation elements
2025-07-18 21:45:28 - app.parsers.lift_parser - DEBUG - No pronunciations found
2025-07-18 21:45:28 - app.parsers.lift_parser - DEBUG - Found 0 pronunciation elements
2025-07-18 21:45:28 - app.parsers.lift_parser - DEBUG - No pronunciations found
2025-07-18 21:45:28 - app.parsers.lift_parser - DEBUG - Found 0 pronunciation elements
2025-07-18 21:45:28 - app.parsers.lift_parser - DEBUG - No pronunciations found
2025-07-18 21:45:28 - app.parsers.lift_parser - DEBUG - Found 0 pronunciation elements
2025-07-18 21:45:28 - app.parsers.lift_parser - DEBUG - No pronunciations found
2025-07-18 21:45:28 - app.parsers.lift_parser - DEBUG - Found 0 pronunciation elements
2025-07-18 21:45:28 - app.parsers.lift_parser - DEBUG - No pronunciations found
2025-07-18 21:45:28 - app.parsers.lift_parser - DEBUG - Found 0 pronunciation elements
2025-07-18 21:45:28 - app.parsers.lift_parser - DEBUG - No pronunciations found
2025-07-18 21:45:28 - app.parsers.lift_parser - DEBUG - Found 1 pronunciation elements
2025-07-18 21:45:28 - app.parsers.lift_parser - DEBUG - Extracted pronunciation: seh-fonipa = 'd\u0259\u028ap test'
2025-07-18 21:45:28 - app.parsers.lift_parser - DEBUG - Final pronunciations: {'seh-fonipa': 'd\u0259\u028ap test'}
2025-07-18 21:45:28 - app.parsers.lift_parser - DEBUG - Found 1 pronunciation elements
2025-07-18 21:45:28 - app.parsers.lift_parser - DEBUG - Extracted pronunciation: seh-fonipa = 'd\u0259\u028ap test'
2025-07-18 21:45:28 - app.parsers.lift_parser - DEBUG - Final pronunciations: {'seh-fonipa': 'd\u0259\u028ap test'}
2025-07-18 21:45:28 - app.parsers.lift_parser - DEBUG - Found 0 pronunciation elements
2025-07-18 21:45:28 - app.parsers.lift_parser - DEBUG - No pronunciations found
2025-07-18 21:45:28 - app.parsers.lift_parser - DEBUG - Found 0 pronunciation elements
2025-07-18 21:45:28 - app.parsers.lift_parser - DEBUG - No pronunciations found
2025-07-18 21:45:28 - app.parsers.lift_parser - DEBUG - Found 0 pronunciation elements
2025-07-18 21:45:28 - app.parsers.lift_parser - DEBUG - No pronunciations found
2025-07-18 21:45:28 - app.parsers.lift_parser - DEBUG - Found 0 pronunciation elements
2025-07-18 21:45:28 - app.parsers.lift_parser - DEBUG - No pronunciations found
2025-07-18 21:45:28 - app.parsers.lift_parser - DEBUG - Found 0 pronunciation elements
2025-07-18 21:45:28 - app.parsers.lift_parser - DEBUG - No pronunciations found
2025-07-18 21:45:28 - app.parsers.lift_parser - DEBUG - Found 1 pronunciation elements
2025-07-18 21:45:28 - app.parsers.lift_parser - DEBUG - Extracted pronunciation: seh-fonipa = 'end\u02c8j\u028a\u0259r\u0259ns test'
2025-07-18 21:45:28 - app.parsers.lift_parser - DEBUG - Final pronunciations: {'seh-fonipa': 'end\u02c8j\u028a\u0259r\u0259ns test'}
2025-07-18 21:45:28 - app.parsers.lift_parser - DEBUG - Found 0 pronunciation elements
2025-07-18 21:45:28 - app.parsers.lift_parser - DEBUG - No pronunciations found
2025-07-18 21:45:28 - app.parsers.lift_parser - DEBUG - Found 0 pronunciation elements
2025-07-18 21:45:28 - app.parsers.lift_parser - DEBUG - No pronunciations found
2025-07-18 21:45:28 - app.parsers.lift_parser - DEBUG - Found 0 pronunciation elements
2025-07-18 21:45:28 - app.parsers.lift_parser - DEBUG - No pronunciations found
2025-07-18 21:45:28 - app.parsers.lift_parser - DEBUG - Found 0 pronunciation elements
2025-07-18 21:45:28 - app.parsers.lift_parser - DEBUG - No pronunciations found
2025-07-18 21:45:28 - app.parsers.lift_parser - DEBUG - Found 1 pronunciation elements
2025-07-18 21:45:28 - app.parsers.lift_parser - DEBUG - Extracted pronunciation: seh-fonipa = 'a\u026a test'
2025-07-18 21:45:28 - app.parsers.lift_parser - DEBUG - Final pronunciations: {'seh-fonipa': 'a\u026a test'}
2025-07-18 21:45:28 - app.parsers.lift_parser - DEBUG - Found 0 pronunciation elements
2025-07-18 21:45:28 - app.parsers.lift_parser - DEBUG - No pronunciations found
2025-07-18 21:45:28 - app.parsers.lift_parser - DEBUG - Found 0 pronunciation elements
2025-07-18 21:45:28 - app.parsers.lift_parser - DEBUG - No pronunciations found
2025-07-18 21:45:28 - app.parsers.lift_parser - DEBUG - Found 0 pronunciation elements
2025-07-18 21:45:28 - app.parsers.lift_parser - DEBUG - No pronunciations found
2025-07-18 21:45:28 - app.parsers.lift_parser - DEBUG - Found 1 pronunciation elements
2025-07-18 21:45:28 - app.parsers.lift_parser - DEBUG - Extracted pronunciation: seh-fonipa = '\u02c8fi\u02d0\u0259ld test'
2025-07-18 21:45:28 - app.parsers.lift_parser - DEBUG - Final pronunciations: {'seh-fonipa': '\u02c8fi\u02d0\u0259ld test'}
2025-07-18 21:45:28 - app.parsers.lift_parser - DEBUG - Found 0 pronunciation elements
2025-07-18 21:45:28 - app.parsers.lift_parser - DEBUG - No pronunciations found
2025-07-18 21:45:28 - app.parsers.lift_parser - DEBUG - Found 0 pronunciation elements
2025-07-18 21:45:28 - app.parsers.lift_parser - DEBUG - No pronunciations found
2025-07-18 21:45:28 - app.parsers.lift_parser - DEBUG - Found 0 pronunciation elements
2025-07-18 21:45:28 - app.parsers.lift_parser - DEBUG - No pronunciations found
2025-07-18 21:45:28 - app.parsers.lift_parser - DEBUG - Found 1 pronunciation elements
2025-07-18 21:45:28 - app.parsers.lift_parser - DEBUG - Extracted pronunciation: seh-fonipa = '\u02cc\u0261\xe6str\u0259\u028a\u026an\u02c8test\u026an(\u0259)l'
2025-07-18 21:45:28 - app.parsers.lift_parser - DEBUG - Final pronunciations: {'seh-fonipa': '\u02cc\u0261\xe6str\u0259\u028a\u026an\u02c8test\u026an(\u0259)l'}
2025-07-18 21:45:28 - app.parsers.lift_parser - DEBUG - Found 1 pronunciation elements
2025-07-18 21:45:28 - app.parsers.lift_parser - DEBUG - Extracted pronunciation: seh-fonipa = 'd\u0292\u026a\u02c8net\u026ak \u02c8test\u026a\u014b'
2025-07-18 21:45:28 - app.parsers.lift_parser - DEBUG - Final pronunciations: {'seh-fonipa': 'd\u0292\u026a\u02c8net\u026ak \u02c8test\u026a\u014b'}
2025-07-18 21:45:28 - app.parsers.lift_parser - DEBUG - Found 0 pronunciation elements
2025-07-18 21:45:28 - app.parsers.lift_parser - DEBUG - No pronunciations found
2025-07-18 21:45:28 - app.parsers.lift_parser - DEBUG - Found 1 pronunciation elements
2025-07-18 21:45:28 - app.parsers.lift_parser - DEBUG - Extracted pronunciation: seh-fonipa = '\u02c8\u0261re\u026at\u026ast \u02c8k\u0252m\u0259n d\u026a\u02c8va\u026az\u0259'
2025-07-18 21:45:28 - app.parsers.lift_parser - DEBUG - Final pronunciations: {'seh-fonipa': '\u02c8\u0261re\u026at\u026ast \u02c8k\u0252m\u0259n d\u026a\u02c8va\u026az\u0259'}
2025-07-18 21:45:28 - app.parsers.lift_parser - DEBUG - Found 1 pronunciation elements
2025-07-18 21:45:28 - app.parsers.lift_parser - DEBUG - Extracted pronunciation: seh-fonipa = '\u02c8\u0261re\u026at\u026ast \u02c8k\u0252m\u0259n \u02c8f\xe6kt\u0259'
2025-07-18 21:45:28 - app.parsers.lift_parser - DEBUG - Final pronunciations: {'seh-fonipa': '\u02c8\u0261re\u026at\u026ast \u02c8k\u0252m\u0259n \u02c8f\xe6kt\u0259'}
2025-07-18 21:45:28 - app.parsers.lift_parser - DEBUG - Found 0 pronunciation elements
2025-07-18 21:45:28 - app.parsers.lift_parser - DEBUG - No pronunciations found
2025-07-18 21:45:28 - app.parsers.lift_parser - DEBUG - Found 0 pronunciation elements
2025-07-18 21:45:28 - app.parsers.lift_parser - DEBUG - No pronunciations found
2025-07-18 21:45:28 - app.parsers.lift_parser - DEBUG - Found 0 pronunciation elements
2025-07-18 21:45:28 - app.parsers.lift_parser - DEBUG - No pronunciations found
2025-07-18 21:45:28 - app.parsers.lift_parser - DEBUG - Found 0 pronunciation elements
2025-07-18 21:45:28 - app.parsers.lift_parser - DEBUG - No pronunciations found
2025-07-18 21:45:28 - app.parsers.lift_parser - DEBUG - Found 1 pronunciation elements
2025-07-18 21:45:28 - app.parsers.lift_parser - DEBUG - Extracted pronunciation: seh-fonipa = '\u02c8h\u0251\u02d0dn\u0259s \u02c8test\u0259'
2025-07-18 21:45:28 - app.parsers.lift_parser - DEBUG - Final pronunciations: {'seh-fonipa': '\u02c8h\u0251\u02d0dn\u0259s \u02c8test\u0259'}
2025-07-18 21:45:28 - app.parsers.lift_parser - DEBUG - Found 0 pronunciation elements
2025-07-18 21:45:28 - app.parsers.lift_parser - DEBUG - No pronunciations found
2025-07-18 21:45:28 - app.parsers.lift_parser - DEBUG - Found 0 pronunciation elements
2025-07-18 21:45:28 - app.parsers.lift_parser - DEBUG - No pronunciations found
2025-07-18 21:45:28 - app.parsers.lift_parser - DEBUG - Found 1 pronunciation elements
2025-07-18 21:45:28 - app.parsers.lift_parser - DEBUG - Extracted pronunciation: seh-fonipa = '\u02c8h\u026a\u0259r\u026a\u014b test'
2025-07-18 21:45:28 - app.parsers.lift_parser - DEBUG - Final pronunciations: {'seh-fonipa': '\u02c8h\u026a\u0259r\u026a\u014b test'}
2025-07-18 21:45:28 - app.parsers.lift_parser - DEBUG - Found 0 pronunciation elements
2025-07-18 21:45:28 - app.parsers.lift_parser - DEBUG - No pronunciations found
2025-07-18 21:45:28 - app.parsers.lift_parser - DEBUG - Found 1 pronunciation elements
2025-07-18 21:45:28 - app.parsers.lift_parser - DEBUG - Extracted pronunciation: seh-fonipa = 'ha\u026a test'
2025-07-18 21:45:28 - app.parsers.lift_parser - DEBUG - Final pronunciations: {'seh-fonipa': 'ha\u026a test'}
2025-07-18 21:45:28 - app.parsers.lift_parser - DEBUG - Found 0 pronunciation elements
2025-07-18 21:45:28 - app.parsers.lift_parser - DEBUG - No pronunciations found
2025-07-18 21:45:28 - app.parsers.lift_parser - DEBUG - Found 0 pronunciation elements
2025-07-18 21:45:28 - app.parsers.lift_parser - DEBUG - No pronunciations found
2025-07-18 21:45:28 - app.parsers.lift_parser - DEBUG - Found 0 pronunciation elements
2025-07-18 21:45:28 - app.parsers.lift_parser - DEBUG - No pronunciations found
2025-07-18 21:45:28 - app.parsers.lift_parser - DEBUG - Found 0 pronunciation elements
2025-07-18 21:45:28 - app.parsers.lift_parser - DEBUG - No pronunciations found
2025-07-18 21:45:28 - app.parsers.lift_parser - DEBUG - Found 0 pronunciation elements
2025-07-18 21:45:28 - app.parsers.lift_parser - DEBUG - No pronunciations found
2025-07-18 21:45:28 - app.parsers.lift_parser - DEBUG - Found 0 pronunciation elements
2025-07-18 21:45:28 - app.parsers.lift_parser - DEBUG - No pronunciations found
2025-07-18 21:45:28 - app.parsers.lift_parser - DEBUG - Found 0 pronunciation elements
2025-07-18 21:45:28 - app.parsers.lift_parser - DEBUG - No pronunciations found
2025-07-18 21:45:28 - app.parsers.lift_parser - DEBUG - Found 0 pronunciation elements
2025-07-18 21:45:28 - app.parsers.lift_parser - DEBUG - No pronunciations found
2025-07-18 21:45:28 - app.parsers.lift_parser - DEBUG - Found 0 pronunciation elements
2025-07-18 21:45:28 - app.parsers.lift_parser - DEBUG - No pronunciations found
2025-07-18 21:45:28 - app.parsers.lift_parser - DEBUG - Found 0 pronunciation elements
2025-07-18 21:45:28 - app.parsers.lift_parser - DEBUG - No pronunciations found
2025-07-18 21:45:28 - app.parsers.lift_parser - DEBUG - Found 0 pronunciation elements
2025-07-18 21:45:28 - app.parsers.lift_parser - DEBUG - No pronunciations found
2025-07-18 21:45:28 - app.parsers.lift_parser - DEBUG - Found 0 pronunciation elements
2025-07-18 21:45:28 - app.parsers.lift_parser - DEBUG - No pronunciations found
2025-07-18 21:45:28 - app.parsers.lift_parser - DEBUG - Found 0 pronunciation elements
2025-07-18 21:45:28 - app.parsers.lift_parser - DEBUG - No pronunciations found
2025-07-18 21:45:28 - app.parsers.lift_parser - DEBUG - Found 0 pronunciation elements
2025-07-18 21:45:28 - app.parsers.lift_parser - DEBUG - No pronunciations found
2025-07-18 21:45:28 - app.parsers.lift_parser - DEBUG - Found 0 pronunciation elements
2025-07-18 21:45:28 - app.parsers.lift_parser - DEBUG - No pronunciations found
2025-07-18 21:45:28 - app.parsers.lift_parser - DEBUG - Found 0 pronunciation elements
2025-07-18 21:45:28 - app.parsers.lift_parser - DEBUG - No pronunciations found
2025-07-18 21:45:28 - app.parsers.lift_parser - DEBUG - Found 0 pronunciation elements
2025-07-18 21:45:28 - app.parsers.lift_parser - DEBUG - No pronunciations found
2025-07-18 21:45:28 - app.parsers.lift_parser - DEBUG - Found 0 pronunciation elements
2025-07-18 21:45:28 - app.parsers.lift_parser - DEBUG - No pronunciations found
2025-07-18 21:45:28 - app.parsers.lift_parser - DEBUG - Found 0 pronunciation elements
2025-07-18 21:45:28 - app.parsers.lift_parser - DEBUG - No pronunciations found
2025-07-18 21:45:28 - app.parsers.lift_parser - DEBUG - Found 0 pronunciation elements
2025-07-18 21:45:28 - app.parsers.lift_parser - DEBUG - No pronunciations found
2025-07-18 21:45:28 - app.parsers.lift_parser - DEBUG - Found 0 pronunciation elements
2025-07-18 21:45:28 - app.parsers.lift_parser - DEBUG - No pronunciations found
2025-07-18 21:45:28 - app.parsers.lift_parser - DEBUG - Found 0 pronunciation elements
2025-07-18 21:45:28 - app.parsers.lift_parser - DEBUG - No pronunciations found
2025-07-18 21:45:28 - app.parsers.lift_parser - DEBUG - Found 0 pronunciation elements
2025-07-18 21:45:28 - app.parsers.lift_parser - DEBUG - No pronunciations found
2025-07-18 21:45:28 - app.parsers.lift_parser - DEBUG - Found 1 pronunciation elements
2025-07-18 21:45:28 - app.parsers.lift_parser - DEBUG - Extracted pronunciation: seh-fonipa = '\u02cc\u026ank\u0259n\u02cctest\u0259\u02c8b\u026al\u0259t\u026a'
2025-07-18 21:45:28 - app.parsers.lift_parser - DEBUG - Final pronunciations: {'seh-fonipa': '\u02cc\u026ank\u0259n\u02cctest\u0259\u02c8b\u026al\u0259t\u026a'}
2025-07-18 21:45:28 - app.parsers.lift_parser - DEBUG - Found 1 pronunciation elements
2025-07-18 21:45:28 - app.parsers.lift_parser - DEBUG - Extracted pronunciation: seh-fonipa = '\u02cc\u026ank\u0259n\u02c8test\u0259b(\u0259)l'
2025-07-18 21:45:28 - app.parsers.lift_parser - DEBUG - Final pronunciations: {'seh-fonipa': '\u02cc\u026ank\u0259n\u02c8test\u0259b(\u0259)l'}
2025-07-18 21:45:28 - app.parsers.lift_parser - DEBUG - Found 1 pronunciation elements
2025-07-18 21:45:28 - app.parsers.lift_parser - DEBUG - Extracted pronunciation: seh-fonipa = '\u02cc\u026ank\u0259n\u02c8test\u0259bl\u026a'
2025-07-18 21:45:28 - app.parsers.lift_parser - DEBUG - Final pronunciations: {'seh-fonipa': '\u02cc\u026ank\u0259n\u02c8test\u0259bl\u026a'}
2025-07-18 21:45:28 - app.parsers.lift_parser - DEBUG - Found 1 pronunciation elements
2025-07-18 21:45:28 - app.parsers.lift_parser - DEBUG - Extracted pronunciation: seh-fonipa = '\u02cc\u026anden\u02c8te\u026a\u0283(\u0259)n test'
2025-07-18 21:45:28 - app.parsers.lift_parser - DEBUG - Final pronunciations: {'seh-fonipa': '\u02cc\u026anden\u02c8te\u026a\u0283(\u0259)n test'}
2025-07-18 21:45:28 - app.parsers.lift_parser - DEBUG - Found 1 pronunciation elements
2025-07-18 21:45:28 - app.parsers.lift_parser - DEBUG - Extracted pronunciation: seh-fonipa = '\u026a\u02c8n\u026a\u0283\u0259t\u026av test'
2025-07-18 21:45:28 - app.parsers.lift_parser - DEBUG - Final pronunciations: {'seh-fonipa': '\u026a\u02c8n\u026a\u0283\u0259t\u026av test'}
2025-07-18 21:45:28 - app.parsers.lift_parser - DEBUG - Found 1 pronunciation elements
2025-07-18 21:45:28 - app.parsers.lift_parser - DEBUG - Extracted pronunciation: seh-fonipa = '\u02c8\u026a\u014bk\u02ccbl\u0251\u02d0t test'
2025-07-18 21:45:28 - app.parsers.lift_parser - DEBUG - Final pronunciations: {'seh-fonipa': '\u02c8\u026a\u014bk\u02ccbl\u0251\u02d0t test'}
2025-07-18 21:45:28 - app.parsers.lift_parser - DEBUG - Found 0 pronunciation elements
2025-07-18 21:45:28 - app.parsers.lift_parser - DEBUG - No pronunciations found
2025-07-18 21:45:28 - app.parsers.lift_parser - DEBUG - Found 1 pronunciation elements
2025-07-18 21:45:28 - app.parsers.lift_parser - DEBUG - Extracted pronunciation: seh-fonipa = '\u026an\u02c8test\u0259s\u026a'
2025-07-18 21:45:28 - app.parsers.lift_parser - DEBUG - Final pronunciations: {'seh-fonipa': '\u026an\u02c8test\u0259s\u026a'}
2025-07-18 21:45:28 - app.parsers.lift_parser - DEBUG - Found 1 pronunciation elements
2025-07-18 21:45:28 - app.parsers.lift_parser - DEBUG - Extracted pronunciation: seh-fonipa = '\u026an\u02c8test(e)\u026at'
2025-07-18 21:45:28 - app.parsers.lift_parser - DEBUG - Final pronunciations: {'seh-fonipa': '\u026an\u02c8test(e)\u026at'}
2025-07-18 21:45:28 - app.parsers.lift_parser - DEBUG - Found 1 pronunciation elements
2025-07-18 21:45:28 - app.parsers.lift_parser - DEBUG - Extracted pronunciation: seh-fonipa = '\u026an\u02c8test(e)\u026at'
2025-07-18 21:45:28 - app.parsers.lift_parser - DEBUG - Final pronunciations: {'seh-fonipa': '\u026an\u02c8test(e)\u026at'}
2025-07-18 21:45:28 - app.parsers.lift_parser - DEBUG - Found 0 pronunciation elements
2025-07-18 21:45:28 - app.parsers.lift_parser - DEBUG - No pronunciations found
2025-07-18 21:45:28 - app.parsers.lift_parser - DEBUG - Found 1 pronunciation elements
2025-07-18 21:45:28 - app.parsers.lift_parser - DEBUG - Extracted pronunciation: seh-fonipa = '\u026an\u02c8test\u026an(\u0259)l'
2025-07-18 21:45:28 - app.parsers.lift_parser - DEBUG - Final pronunciations: {'seh-fonipa': '\u026an\u02c8test\u026an(\u0259)l'}
2025-07-18 21:45:28 - app.parsers.lift_parser - DEBUG - Found 0 pronunciation elements
2025-07-18 21:45:28 - app.parsers.lift_parser - DEBUG - No pronunciations found
2025-07-18 21:45:28 - app.parsers.lift_parser - DEBUG - Found 1 pronunciation elements
2025-07-18 21:45:28 - app.parsers.lift_parser - DEBUG - Extracted pronunciation: seh-fonipa = '\u026an\u02c8test\u026an(\u0259)l k\u0259\u02c8t\u0251\u02d0'
2025-07-18 21:45:28 - app.parsers.lift_parser - DEBUG - Final pronunciations: {'seh-fonipa': '\u026an\u02c8test\u026an(\u0259)l k\u0259\u02c8t\u0251\u02d0'}
2025-07-18 21:45:28 - app.parsers.lift_parser - DEBUG - Found 1 pronunciation elements
2025-07-18 21:45:28 - app.parsers.lift_parser - DEBUG - Extracted pronunciation: seh-fonipa = '\u026an\u02c8test\u026an(\u0259)l \u02c8k\u0252l\u026ak'
2025-07-18 21:45:28 - app.parsers.lift_parser - DEBUG - Final pronunciations: {'seh-fonipa': '\u026an\u02c8test\u026an(\u0259)l \u02c8k\u0252l\u026ak'}
2025-07-18 21:45:28 - app.parsers.lift_parser - DEBUG - Found 1 pronunciation elements
2025-07-18 21:45:28 - app.parsers.lift_parser - DEBUG - Extracted pronunciation: seh-fonipa = '\u026an\u02c8test\u026an(\u0259)l \u02c8fl\u0254\u02d0r\u0259'
2025-07-18 21:45:28 - app.parsers.lift_parser - DEBUG - Final pronunciations: {'seh-fonipa': '\u026an\u02c8test\u026an(\u0259)l \u02c8fl\u0254\u02d0r\u0259'}
2025-07-18 21:45:28 - app.parsers.lift_parser - DEBUG - Found 0 pronunciation elements
2025-07-18 21:45:28 - app.parsers.lift_parser - DEBUG - No pronunciations found
2025-07-18 21:45:28 - app.parsers.lift_parser - DEBUG - Found 0 pronunciation elements
2025-07-18 21:45:28 - app.parsers.lift_parser - DEBUG - No pronunciations found
2025-07-18 21:45:28 - app.parsers.lift_parser - DEBUG - Found 0 pronunciation elements
2025-07-18 21:45:28 - app.parsers.lift_parser - DEBUG - No pronunciations found
2025-07-18 21:45:28 - app.parsers.lift_parser - DEBUG - Found 1 pronunciation elements
2025-07-18 21:45:28 - app.parsers.lift_parser - DEBUG - Extracted pronunciation: seh-fonipa = '\u026an\u02c8test\u026an'
2025-07-18 21:45:28 - app.parsers.lift_parser - DEBUG - Final pronunciations: {'seh-fonipa': '\u026an\u02c8test\u026an'}
2025-07-18 21:45:28 - app.parsers.lift_parser - DEBUG - Found 1 pronunciation elements
2025-07-18 21:45:28 - app.parsers.lift_parser - DEBUG - Extracted pronunciation: seh-fonipa = '\u026an\u02c8test\u026an'
2025-07-18 21:45:28 - app.parsers.lift_parser - DEBUG - Final pronunciations: {'seh-fonipa': '\u026an\u02c8test\u026an'}
2025-07-18 21:45:28 - app.parsers.lift_parser - DEBUG - Found 1 pronunciation elements
2025-07-18 21:45:28 - app.parsers.lift_parser - DEBUG - Extracted pronunciation: seh-fonipa = '\u026an\u02c8test\u026anz'
2025-07-18 21:45:28 - app.parsers.lift_parser - DEBUG - Final pronunciations: {'seh-fonipa': '\u026an\u02c8test\u026anz'}
2025-07-18 21:45:28 - app.parsers.lift_parser - DEBUG - Found 0 pronunciation elements
2025-07-18 21:45:28 - app.parsers.lift_parser - DEBUG - No pronunciations found
2025-07-18 21:45:28 - app.parsers.lift_parser - DEBUG - Found 0 pronunciation elements
2025-07-18 21:45:28 - app.parsers.lift_parser - DEBUG - No pronunciations found
2025-07-18 21:45:28 - app.parsers.lift_parser - DEBUG - Found 0 pronunciation elements
2025-07-18 21:45:28 - app.parsers.lift_parser - DEBUG - No pronunciations found
2025-07-18 21:45:28 - app.parsers.lift_parser - DEBUG - Found 0 pronunciation elements
2025-07-18 21:45:28 - app.parsers.lift_parser - DEBUG - No pronunciations found
2025-07-18 21:45:28 - app.parsers.lift_parser - DEBUG - Found 0 pronunciation elements
2025-07-18 21:45:28 - app.parsers.lift_parser - DEBUG - No pronunciations found
2025-07-18 21:45:28 - app.parsers.lift_parser - DEBUG - Found 0 pronunciation elements
2025-07-18 21:45:28 - app.parsers.lift_parser - DEBUG - No pronunciations found
2025-07-18 21:45:28 - app.parsers.lift_parser - DEBUG - Found 0 pronunciation elements
2025-07-18 21:45:28 - app.parsers.lift_parser - DEBUG - No pronunciations found
2025-07-18 21:45:28 - app.parsers.lift_parser - DEBUG - Found 0 pronunciation elements
2025-07-18 21:45:28 - app.parsers.lift_parser - DEBUG - No pronunciations found
2025-07-18 21:45:28 - app.parsers.lift_parser - DEBUG - Found 0 pronunciation elements
2025-07-18 21:45:28 - app.parsers.lift_parser - DEBUG - No pronunciations found
2025-07-18 21:45:28 - app.parsers.lift_parser - DEBUG - Found 0 pronunciation elements
2025-07-18 21:45:28 - app.parsers.lift_parser - DEBUG - No pronunciations found
2025-07-18 21:45:28 - app.parsers.lift_parser - DEBUG - Found 0 pronunciation elements
2025-07-18 21:45:28 - app.parsers.lift_parser - DEBUG - No pronunciations found
2025-07-18 21:45:28 - app.parsers.lift_parser - DEBUG - Found 0 pronunciation elements
2025-07-18 21:45:28 - app.parsers.lift_parser - DEBUG - No pronunciations found
2025-07-18 21:45:28 - app.parsers.lift_parser - DEBUG - Found 0 pronunciation elements
2025-07-18 21:45:28 - app.parsers.lift_parser - DEBUG - No pronunciations found
2025-07-18 21:45:28 - app.parsers.lift_parser - DEBUG - Found 0 pronunciation elements
2025-07-18 21:45:28 - app.parsers.lift_parser - DEBUG - No pronunciations found
2025-07-18 21:45:28 - app.parsers.lift_parser - DEBUG - Found 0 pronunciation elements
2025-07-18 21:45:28 - app.parsers.lift_parser - DEBUG - No pronunciations found
2025-07-18 21:45:28 - app.parsers.lift_parser - DEBUG - Found 0 pronunciation elements
2025-07-18 21:45:28 - app.parsers.lift_parser - DEBUG - No pronunciations found
2025-07-18 21:45:28 - app.parsers.lift_parser - DEBUG - Found 0 pronunciation elements
2025-07-18 21:45:28 - app.parsers.lift_parser - DEBUG - No pronunciations found
2025-07-18 21:45:28 - app.parsers.lift_parser - DEBUG - Found 0 pronunciation elements
2025-07-18 21:45:28 - app.parsers.lift_parser - DEBUG - No pronunciations found
2025-07-18 21:45:28 - app.parsers.lift_parser - DEBUG - Found 0 pronunciation elements
2025-07-18 21:45:28 - app.parsers.lift_parser - DEBUG - No pronunciations found
2025-07-18 21:45:28 - app.parsers.lift_parser - DEBUG - Found 0 pronunciation elements
2025-07-18 21:45:28 - app.parsers.lift_parser - DEBUG - No pronunciations found
2025-07-18 21:45:28 - app.parsers.lift_parser - DEBUG - Found 0 pronunciation elements
2025-07-18 21:45:28 - app.parsers.lift_parser - DEBUG - No pronunciations found
2025-07-18 21:45:28 - app.parsers.lift_parser - DEBUG - Found 0 pronunciation elements
2025-07-18 21:45:28 - app.parsers.lift_parser - DEBUG - No pronunciations found
2025-07-18 21:45:28 - app.parsers.lift_parser - DEBUG - Found 0 pronunciation elements
2025-07-18 21:45:28 - app.parsers.lift_parser - DEBUG - No pronunciations found
2025-07-18 21:45:28 - app.parsers.lift_parser - DEBUG - Found 0 pronunciation elements
2025-07-18 21:45:28 - app.parsers.lift_parser - DEBUG - No pronunciations found
2025-07-18 21:45:28 - app.parsers.lift_parser - DEBUG - Found 0 pronunciation elements
2025-07-18 21:45:28 - app.parsers.lift_parser - DEBUG - No pronunciations found
2025-07-18 21:45:28 - app.parsers.lift_parser - DEBUG - Found 0 pronunciation elements
2025-07-18 21:45:28 - app.parsers.lift_parser - DEBUG - No pronunciations found
2025-07-18 21:45:28 - app.parsers.lift_parser - DEBUG - Found 0 pronunciation elements
2025-07-18 21:45:28 - app.parsers.lift_parser - DEBUG - No pronunciations found
2025-07-18 21:45:28 - app.parsers.lift_parser - DEBUG - Found 1 pronunciation elements
2025-07-18 21:45:28 - app.parsers.lift_parser - DEBUG - Extracted pronunciation: seh-fonipa = 'l\u0251\u02d0d\u0292 \u026an\u02c8testi\u02d0n'
2025-07-18 21:45:28 - app.parsers.lift_parser - DEBUG - Final pronunciations: {'seh-fonipa': 'l\u0251\u02d0d\u0292 \u026an\u02c8testi\u02d0n'}
2025-07-18 21:45:28 - app.parsers.lift_parser - DEBUG - Found 0 pronunciation elements
2025-07-18 21:45:28 - app.parsers.lift_parser - DEBUG - No pronunciations found
2025-07-18 21:45:28 - app.parsers.lift_parser - DEBUG - Found 0 pronunciation elements
2025-07-18 21:45:28 - app.parsers.lift_parser - DEBUG - No pronunciations found
2025-07-18 21:45:28 - app.parsers.lift_parser - DEBUG - Found 0 pronunciation elements
2025-07-18 21:45:28 - app.parsers.lift_parser - DEBUG - No pronunciations found
2025-07-18 21:45:28 - app.parsers.lift_parser - DEBUG - Found 1 pronunciation elements
2025-07-18 21:45:28 - app.parsers.lift_parser - DEBUG - Extracted pronunciation: seh-fonipa = '\u02c8le\u026at\u026ast'
2025-07-18 21:45:28 - app.parsers.lift_parser - DEBUG - Final pronunciations: {'seh-fonipa': '\u02c8le\u026at\u026ast'}
2025-07-18 21:45:28 - app.parsers.lift_parser - DEBUG - Found 1 pronunciation elements
2025-07-18 21:45:28 - app.parsers.lift_parser - DEBUG - Extracted pronunciation: seh-fonipa = '\u02c8li\u02d0d\u0259\u02cc\u0283\u026ap \u02c8k\u0252ntest'
2025-07-18 21:45:28 - app.parsers.lift_parser - DEBUG - Final pronunciations: {'seh-fonipa': '\u02c8li\u02d0d\u0259\u02cc\u0283\u026ap \u02c8k\u0252ntest'}
2025-07-18 21:45:28 - app.parsers.lift_parser - DEBUG - Found 1 pronunciation elements
2025-07-18 21:45:28 - app.parsers.lift_parser - DEBUG - Extracted pronunciation: seh-fonipa = '\u02c8li\u02d0kpru\u02d0f test'
2025-07-18 21:45:28 - app.parsers.lift_parser - DEBUG - Final pronunciations: {'seh-fonipa': '\u02c8li\u02d0kpru\u02d0f test'}
2025-07-18 21:45:28 - app.parsers.lift_parser - DEBUG - Found 1 pronunciation elements
2025-07-18 21:45:28 - app.parsers.lift_parser - DEBUG - Extracted pronunciation: seh-fonipa = '\u02c8let\u0259z \u02cctest\u0259\u02c8ment\u0259r\u026a'
2025-07-18 21:45:28 - app.parsers.lift_parser - DEBUG - Final pronunciations: {'seh-fonipa': '\u02c8let\u0259z \u02cctest\u0259\u02c8ment\u0259r\u026a'}
2025-07-18 21:45:28 - app.parsers.lift_parser - DEBUG - Found 1 pronunciation elements
2025-07-18 21:45:28 - app.parsers.lift_parser - DEBUG - Extracted pronunciation: seh-fonipa = 'la\u026af test'
2025-07-18 21:45:28 - app.parsers.lift_parser - DEBUG - Final pronunciations: {'seh-fonipa': 'la\u026af test'}
2025-07-18 21:45:28 - app.parsers.lift_parser - DEBUG - Found 0 pronunciation elements
2025-07-18 21:45:28 - app.parsers.lift_parser - DEBUG - No pronunciations found
2025-07-18 21:45:28 - app.parsers.lift_parser - DEBUG - Found 0 pronunciation elements
2025-07-18 21:45:28 - app.parsers.lift_parser - DEBUG - No pronunciations found
2025-07-18 21:45:28 - app.parsers.lift_parser - DEBUG - Found 1 pronunciation elements
2025-07-18 21:45:28 - app.parsers.lift_parser - DEBUG - Extracted pronunciation: seh-fonipa = '\u02c8l\u026atm\u0259s test'
2025-07-18 21:45:28 - app.parsers.lift_parser - DEBUG - Final pronunciations: {'seh-fonipa': '\u02c8l\u026atm\u0259s test'}
2025-07-18 21:45:28 - app.parsers.lift_parser - DEBUG - Found 0 pronunciation elements
2025-07-18 21:45:28 - app.parsers.lift_parser - DEBUG - No pronunciations found
2025-07-18 21:45:28 - app.parsers.lift_parser - DEBUG - Found 0 pronunciation elements
2025-07-18 21:45:28 - app.parsers.lift_parser - DEBUG - No pronunciations found
2025-07-18 21:45:28 - app.parsers.lift_parser - DEBUG - Found 0 pronunciation elements
2025-07-18 21:45:28 - app.parsers.lift_parser - DEBUG - No pronunciations found
2025-07-18 21:45:28 - app.parsers.lift_parser - DEBUG - Found 0 pronunciation elements
2025-07-18 21:45:28 - app.parsers.lift_parser - DEBUG - No pronunciations found
2025-07-18 21:45:28 - app.parsers.lift_parser - DEBUG - Found 0 pronunciation elements
2025-07-18 21:45:28 - app.parsers.lift_parser - DEBUG - No pronunciations found
2025-07-18 21:45:28 - app.parsers.lift_parser - DEBUG - Found 0 pronunciation elements
2025-07-18 21:45:28 - app.parsers.lift_parser - DEBUG - No pronunciations found
2025-07-18 21:45:28 - app.parsers.lift_parser - DEBUG - Found 0 pronunciation elements
2025-07-18 21:45:28 - app.parsers.lift_parser - DEBUG - No pronunciations found
2025-07-18 21:45:28 - app.parsers.lift_parser - DEBUG - Found 0 pronunciation elements
2025-07-18 21:45:28 - app.parsers.lift_parser - DEBUG - No pronunciations found
2025-07-18 21:45:28 - app.parsers.lift_parser - DEBUG - Found 0 pronunciation elements
2025-07-18 21:45:28 - app.parsers.lift_parser - DEBUG - No pronunciations found
2025-07-18 21:45:28 - app.parsers.lift_parser - DEBUG - Found 1 pronunciation elements
2025-07-18 21:45:28 - app.parsers.lift_parser - DEBUG - Extracted pronunciation: seh-fonipa = 'mi\u02d0nz test'
2025-07-18 21:45:28 - app.parsers.lift_parser - DEBUG - Final pronunciations: {'seh-fonipa': 'mi\u02d0nz test'}
2025-07-18 21:45:28 - app.parsers.lift_parser - DEBUG - Found 1 pronunciation elements
2025-07-18 21:45:28 - app.parsers.lift_parser - DEBUG - Extracted pronunciation: seh-fonipa = 'mi\u02d0nz test'
2025-07-18 21:45:28 - app.parsers.lift_parser - DEBUG - Final pronunciations: {'seh-fonipa': 'mi\u02d0nz test'}
2025-07-18 21:45:28 - app.parsers.lift_parser - DEBUG - Found 1 pronunciation elements
2025-07-18 21:45:28 - app.parsers.lift_parser - DEBUG - Extracted pronunciation: seh-fonipa = '\u02c8mi\u02d0nz\u02c8test\u026ad'
2025-07-18 21:45:28 - app.parsers.lift_parser - DEBUG - Final pronunciations: {'seh-fonipa': '\u02c8mi\u02d0nz\u02c8test\u026ad'}
2025-07-18 21:45:28 - app.parsers.lift_parser - DEBUG - Found 0 pronunciation elements
2025-07-18 21:45:28 - app.parsers.lift_parser - DEBUG - No pronunciations found
2025-07-18 21:45:28 - app.parsers.lift_parser - DEBUG - Found 0 pronunciation elements
2025-07-18 21:45:28 - app.parsers.lift_parser - DEBUG - No pronunciations found
2025-07-18 21:45:28 - app.parsers.lift_parser - DEBUG - Found 0 pronunciation elements
2025-07-18 21:45:28 - app.parsers.lift_parser - DEBUG - No pronunciations found
2025-07-18 21:45:28 - app.parsers.lift_parser - DEBUG - Found 0 pronunciation elements
2025-07-18 21:45:28 - app.parsers.lift_parser - DEBUG - No pronunciations found
2025-07-18 21:45:28 - app.parsers.lift_parser - DEBUG - Found 0 pronunciation elements
2025-07-18 21:45:28 - app.parsers.lift_parser - DEBUG - No pronunciations found
2025-07-18 21:45:28 - app.parsers.lift_parser - DEBUG - Found 0 pronunciation elements
2025-07-18 21:45:28 - app.parsers.lift_parser - DEBUG - No pronunciations found
2025-07-18 21:45:28 - app.parsers.lift_parser - DEBUG - Found 0 pronunciation elements
2025-07-18 21:45:28 - app.parsers.lift_parser - DEBUG - No pronunciations found
2025-07-18 21:45:28 - app.parsers.lift_parser - DEBUG - Found 0 pronunciation elements
2025-07-18 21:45:28 - app.parsers.lift_parser - DEBUG - No pronunciations found
2025-07-18 21:45:28 - app.parsers.lift_parser - DEBUG - Found 0 pronunciation elements
2025-07-18 21:45:28 - app.parsers.lift_parser - DEBUG - No pronunciations found
2025-07-18 21:45:28 - app.parsers.lift_parser - DEBUG - Found 0 pronunciation elements
2025-07-18 21:45:28 - app.parsers.lift_parser - DEBUG - No pronunciations found
2025-07-18 21:45:28 - app.parsers.lift_parser - DEBUG - Found 0 pronunciation elements
2025-07-18 21:45:28 - app.parsers.lift_parser - DEBUG - No pronunciations found
2025-07-18 21:45:28 - app.parsers.lift_parser - DEBUG - Found 0 pronunciation elements
2025-07-18 21:45:28 - app.parsers.lift_parser - DEBUG - No pronunciations found
2025-07-18 21:45:28 - app.parsers.lift_parser - DEBUG - Found 0 pronunciation elements
2025-07-18 21:45:28 - app.parsers.lift_parser - DEBUG - No pronunciations found
2025-07-18 21:45:28 - app.parsers.lift_parser - DEBUG - Found 0 pronunciation elements
2025-07-18 21:45:28 - app.parsers.lift_parser - DEBUG - No pronunciations found
2025-07-18 21:45:28 - app.parsers.lift_parser - DEBUG - Found 0 pronunciation elements
2025-07-18 21:45:28 - app.parsers.lift_parser - DEBUG - No pronunciations found
2025-07-18 21:45:28 - app.parsers.lift_parser - DEBUG - Found 0 pronunciation elements
2025-07-18 21:45:28 - app.parsers.lift_parser - DEBUG - No pronunciations found
2025-07-18 21:45:28 - app.parsers.lift_parser - DEBUG - Found 0 pronunciation elements
2025-07-18 21:45:28 - app.parsers.lift_parser - DEBUG - No pronunciations found
2025-07-18 21:45:28 - app.parsers.lift_parser - DEBUG - Found 0 pronunciation elements
2025-07-18 21:45:28 - app.parsers.lift_parser - DEBUG - No pronunciations found
2025-07-18 21:45:28 - app.parsers.lift_parser - DEBUG - Found 0 pronunciation elements
2025-07-18 21:45:28 - app.parsers.lift_parser - DEBUG - No pronunciations found
2025-07-18 21:45:28 - app.parsers.lift_parser - DEBUG - Found 0 pronunciation elements
2025-07-18 21:45:28 - app.parsers.lift_parser - DEBUG - No pronunciations found
2025-07-18 21:45:28 - app.parsers.lift_parser - DEBUG - Found 0 pronunciation elements
2025-07-18 21:45:28 - app.parsers.lift_parser - DEBUG - No pronunciations found
2025-07-18 21:45:28 - app.parsers.lift_parser - DEBUG - Found 0 pronunciation elements
2025-07-18 21:45:28 - app.parsers.lift_parser - DEBUG - No pronunciations found
2025-07-18 21:45:28 - app.parsers.lift_parser - DEBUG - Found 1 pronunciation elements
2025-07-18 21:45:28 - app.parsers.lift_parser - DEBUG - Extracted pronunciation: seh-fonipa = 'nju\u02d0 \u02c8test\u0259m\u0259nt'
2025-07-18 21:45:28 - app.parsers.lift_parser - DEBUG - Final pronunciations: {'seh-fonipa': 'nju\u02d0 \u02c8test\u0259m\u0259nt'}
2025-07-18 21:45:28 - app.parsers.lift_parser - DEBUG - Found 0 pronunciation elements
2025-07-18 21:45:28 - app.parsers.lift_parser - DEBUG - No pronunciations found
2025-07-18 21:45:28 - app.parsers.lift_parser - DEBUG - Found 0 pronunciation elements
2025-07-18 21:45:28 - app.parsers.lift_parser - DEBUG - No pronunciations found
2025-07-18 21:45:28 - app.parsers.lift_parser - DEBUG - Found 0 pronunciation elements
2025-07-18 21:45:28 - app.parsers.lift_parser - DEBUG - No pronunciations found
2025-07-18 21:45:28 - app.parsers.lift_parser - DEBUG - Found 0 pronunciation elements
2025-07-18 21:45:28 - app.parsers.lift_parser - DEBUG - No pronunciations found
2025-07-18 21:45:28 - app.parsers.lift_parser - DEBUG - Found 0 pronunciation elements
2025-07-18 21:45:28 - app.parsers.lift_parser - DEBUG - No pronunciations found
2025-07-18 21:45:28 - app.parsers.lift_parser - DEBUG - Found 1 pronunciation elements
2025-07-18 21:45:28 - app.parsers.lift_parser - DEBUG - Extracted pronunciation: seh-fonipa = '\u0252b\u02c8test'
2025-07-18 21:45:28 - app.parsers.lift_parser - DEBUG - Final pronunciations: {'seh-fonipa': '\u0252b\u02c8test'}
2025-07-18 21:45:28 - app.parsers.lift_parser - DEBUG - Found 1 pronunciation elements
2025-07-18 21:45:28 - app.parsers.lift_parser - DEBUG - Extracted pronunciation: seh-fonipa = '\u0259\u028ald \u02c8test\u0259m\u0259nt'
2025-07-18 21:45:28 - app.parsers.lift_parser - DEBUG - Final pronunciations: {'seh-fonipa': '\u0259\u028ald \u02c8test\u0259m\u0259nt'}
2025-07-18 21:45:28 - app.parsers.lift_parser - DEBUG - Found 0 pronunciation elements
2025-07-18 21:45:28 - app.parsers.lift_parser - DEBUG - No pronunciations found
2025-07-18 21:45:28 - app.parsers.lift_parser - DEBUG - Found 1 pronunciation elements
2025-07-18 21:45:28 - app.parsers.lift_parser - DEBUG - Extracted pronunciation: seh-fonipa = 'p\xe6p test'
2025-07-18 21:45:28 - app.parsers.lift_parser - DEBUG - Final pronunciations: {'seh-fonipa': 'p\xe6p test'}
2025-07-18 21:45:28 - app.parsers.lift_parser - DEBUG - Found 1 pronunciation elements
2025-07-18 21:45:28 - app.parsers.lift_parser - DEBUG - Extracted pronunciation: seh-fonipa = 'p\xe6t\u0283 test'
2025-07-18 21:45:28 - app.parsers.lift_parser - DEBUG - Final pronunciations: {'seh-fonipa': 'p\xe6t\u0283 test'}
2025-07-18 21:45:28 - app.parsers.lift_parser - DEBUG - Found 1 pronunciation elements
2025-07-18 21:45:28 - app.parsers.lift_parser - DEBUG - Extracted pronunciation: seh-fonipa = 'p\u0259\u02c8t\u025c\u02d0n\u026at\u026a test'
2025-07-18 21:45:28 - app.parsers.lift_parser - DEBUG - Final pronunciations: {'seh-fonipa': 'p\u0259\u02c8t\u025c\u02d0n\u026at\u026a test'}
2025-07-18 21:45:28 - app.parsers.lift_parser - DEBUG - Found 1 pronunciation elements
2025-07-18 21:45:28 - app.parsers.lift_parser - DEBUG - Extracted pronunciation: seh-fonipa = '\u02ccp\u025c\u02d0s\u0259\u02c8n\xe6l\u026at\u026a test'
2025-07-18 21:45:28 - app.parsers.lift_parser - DEBUG - Final pronunciations: {'seh-fonipa': '\u02ccp\u025c\u02d0s\u0259\u02c8n\xe6l\u026at\u026a test'}
2025-07-18 21:45:28 - app.parsers.lift_parser - DEBUG - Found 0 pronunciation elements
2025-07-18 21:45:28 - app.parsers.lift_parser - DEBUG - No pronunciations found
2025-07-18 21:45:28 - app.parsers.lift_parser - DEBUG - Found 0 pronunciation elements
2025-07-18 21:45:28 - app.parsers.lift_parser - DEBUG - No pronunciations found
2025-07-18 21:45:28 - app.parsers.lift_parser - DEBUG - Found 1 pronunciation elements
2025-07-18 21:45:28 - app.parsers.lift_parser - DEBUG - Extracted pronunciation: seh-fonipa = '\u02c8pri\u02d0test'
2025-07-18 21:45:28 - app.parsers.lift_parser - DEBUG - Final pronunciations: {'seh-fonipa': '\u02c8pri\u02d0test'}
2025-07-18 21:45:28 - app.parsers.lift_parser - DEBUG - Found 1 pronunciation elements
2025-07-18 21:45:28 - app.parsers.lift_parser - DEBUG - Extracted pronunciation: seh-fonipa = '\u02c8pri\u02d0test'
2025-07-18 21:45:28 - app.parsers.lift_parser - DEBUG - Final pronunciations: {'seh-fonipa': '\u02c8pri\u02d0test'}
2025-07-18 21:45:28 - app.parsers.lift_parser - DEBUG - Found 0 pronunciation elements
2025-07-18 21:45:28 - app.parsers.lift_parser - DEBUG - No pronunciations found
2025-07-18 21:45:28 - app.parsers.lift_parser - DEBUG - Found 0 pronunciation elements
2025-07-18 21:45:28 - app.parsers.lift_parser - DEBUG - No pronunciations found
2025-07-18 21:45:28 - app.parsers.lift_parser - DEBUG - Found 0 pronunciation elements
2025-07-18 21:45:28 - app.parsers.lift_parser - DEBUG - No pronunciations found
2025-07-18 21:45:28 - app.parsers.lift_parser - DEBUG - Found 1 pronunciation elements
2025-07-18 21:45:28 - app.parsers.lift_parser - DEBUG - Extracted pronunciation: seh-fonipa = 'pr\u0259\u02c8test'
2025-07-18 21:45:28 - app.parsers.lift_parser - DEBUG - Final pronunciations: {'seh-fonipa': 'pr\u0259\u02c8test'}
2025-07-18 21:45:28 - app.parsers.lift_parser - DEBUG - Found 1 pronunciation elements
2025-07-18 21:45:28 - app.parsers.lift_parser - DEBUG - Extracted pronunciation: seh-fonipa = '\u02c8pr\u0259\u028atest'
2025-07-18 21:45:28 - app.parsers.lift_parser - DEBUG - Final pronunciations: {'seh-fonipa': '\u02c8pr\u0259\u028atest'}
2025-07-18 21:45:28 - app.parsers.lift_parser - DEBUG - Found 0 pronunciation elements
2025-07-18 21:45:28 - app.parsers.lift_parser - DEBUG - No pronunciations found
2025-07-18 21:45:28 - app.parsers.lift_parser - DEBUG - Found 0 pronunciation elements
2025-07-18 21:45:28 - app.parsers.lift_parser - DEBUG - No pronunciations found
2025-07-18 21:45:28 - app.parsers.lift_parser - DEBUG - Found 0 pronunciation elements
2025-07-18 21:45:28 - app.parsers.lift_parser - DEBUG - No pronunciations found
2025-07-18 21:45:28 - app.parsers.lift_parser - DEBUG - Found 0 pronunciation elements
2025-07-18 21:45:28 - app.parsers.lift_parser - DEBUG - No pronunciations found
2025-07-18 21:45:28 - app.parsers.lift_parser - DEBUG - Found 0 pronunciation elements
2025-07-18 21:45:28 - app.parsers.lift_parser - DEBUG - No pronunciations found
2025-07-18 21:45:28 - app.parsers.lift_parser - DEBUG - Found 1 pronunciation elements
2025-07-18 21:45:28 - app.parsers.lift_parser - DEBUG - Final pronunciations: {'seh-fonipa': '\u02c8pr\u0252t\u026ast\u0259nt'}
2025-07-18 21:45:28 - app.parsers.lift_parser - DEBUG - Found 0 pronunciation elements
2025-07-18 21:45:28 - app.parsers.lift_parser - DEBUG - No pronunciations found
2025-07-18 21:45:28 - app.parsers.lift_parser - DEBUG - Found 0 pronunciation elements
2025-07-18 21:45:28 - app.parsers.lift_parser - DEBUG - No pronunciations found
2025-07-18 21:45:28 - app.parsers.lift_parser - DEBUG - Found 0 pronunciation elements
2025-07-18 21:45:28 - app.parsers.lift_parser - DEBUG - No pronunciations found
2025-07-18 21:45:28 - app.parsers.lift_parser - DEBUG - Found 1 pronunciation elements
2025-07-18 21:45:28 - app.parsers.lift_parser - DEBUG - Extracted pronunciation: seh-fonipa = '\u02ccpr\u0259\u028ates\u02c8te\u026a\u0283(\u0259)n, \u02ccpr\u0252t\u026a\u02c8ste\u026a\u0283(\u0259)n'
2025-07-18 21:45:28 - app.parsers.lift_parser - DEBUG - Final pronunciations: {'seh-fonipa': '\u02ccpr\u0259\u028ates\u02c8te\u026a\u0283(\u0259)n, \u02ccpr\u0252t\u026a\u02c8ste\u026a\u0283(\u0259)n'}
2025-07-18 21:45:28 - app.parsers.lift_parser - DEBUG - Found 0 pronunciation elements
2025-07-18 21:45:28 - app.parsers.lift_parser - DEBUG - No pronunciations found
2025-07-18 21:45:28 - app.parsers.lift_parser - DEBUG - Found 1 pronunciation elements
2025-07-18 21:45:28 - app.parsers.lift_parser - DEBUG - Extracted pronunciation: seh-fonipa = 'pr\u0259\u02c8test\u0259'
2025-07-18 21:45:28 - app.parsers.lift_parser - DEBUG - Final pronunciations: {'seh-fonipa': 'pr\u0259\u02c8test\u0259'}
2025-07-18 21:45:28 - app.parsers.lift_parser - DEBUG - Found 0 pronunciation elements
2025-07-18 21:45:28 - app.parsers.lift_parser - DEBUG - No pronunciations found
2025-07-18 21:45:28 - app.parsers.lift_parser - DEBUG - Found 0 pronunciation elements
2025-07-18 21:45:28 - app.parsers.lift_parser - DEBUG - No pronunciations found
2025-07-18 21:45:28 - app.parsers.lift_parser - DEBUG - Found 0 pronunciation elements
2025-07-18 21:45:28 - app.parsers.lift_parser - DEBUG - No pronunciations found
2025-07-18 21:45:28 - app.parsers.lift_parser - DEBUG - Found 0 pronunciation elements
2025-07-18 21:45:28 - app.parsers.lift_parser - DEBUG - No pronunciations found
2025-07-18 21:45:28 - app.parsers.lift_parser - DEBUG - Found 0 pronunciation elements
2025-07-18 21:45:28 - app.parsers.lift_parser - DEBUG - No pronunciations found
2025-07-18 21:45:28 - app.parsers.lift_parser - DEBUG - Found 0 pronunciation elements
2025-07-18 21:45:28 - app.parsers.lift_parser - DEBUG - No pronunciations found
2025-07-18 21:45:28 - app.parsers.lift_parser - DEBUG - Found 0 pronunciation elements
2025-07-18 21:45:28 - app.parsers.lift_parser - DEBUG - No pronunciations found
2025-07-18 21:45:28 - app.parsers.lift_parser - DEBUG - Found 0 pronunciation elements
2025-07-18 21:45:28 - app.parsers.lift_parser - DEBUG - No pronunciations found
2025-07-18 21:45:28 - app.parsers.lift_parser - DEBUG - Found 0 pronunciation elements
2025-07-18 21:45:28 - app.parsers.lift_parser - DEBUG - No pronunciations found
2025-07-18 21:45:28 - app.parsers.lift_parser - DEBUG - Found 0 pronunciation elements
2025-07-18 21:45:28 - app.parsers.lift_parser - DEBUG - No pronunciations found
2025-07-18 21:45:28 - app.parsers.lift_parser - DEBUG - Found 1 pronunciation elements
2025-07-18 21:45:28 - app.parsers.lift_parser - DEBUG - Extracted pronunciation: seh-fonipa = '\u02ccri\u02d0\u02c8test'
2025-07-18 21:45:28 - app.parsers.lift_parser - DEBUG - Final pronunciations: {'seh-fonipa': '\u02ccri\u02d0\u02c8test'}
2025-07-18 21:45:28 - app.parsers.lift_parser - DEBUG - Found 1 pronunciation elements
2025-07-18 21:45:28 - app.parsers.lift_parser - DEBUG - Extracted pronunciation: seh-fonipa = '\u02ccri\u02d0\u02c8test'
2025-07-18 21:45:28 - app.parsers.lift_parser - DEBUG - Final pronunciations: {'seh-fonipa': '\u02ccri\u02d0\u02c8test'}
2025-07-18 21:45:28 - app.parsers.lift_parser - DEBUG - Found 0 pronunciation elements
2025-07-18 21:45:28 - app.parsers.lift_parser - DEBUG - No pronunciations found
2025-07-18 21:45:28 - app.parsers.lift_parser - DEBUG - Found 1 pronunciation elements
2025-07-18 21:45:28 - app.parsers.lift_parser - DEBUG - Extracted pronunciation: seh-fonipa = 'r\u0259\u028ad test'
2025-07-18 21:45:28 - app.parsers.lift_parser - DEBUG - Final pronunciations: {'seh-fonipa': 'r\u0259\u028ad test'}
2025-07-18 21:45:28 - app.parsers.lift_parser - DEBUG - Found 1 pronunciation elements
2025-07-18 21:45:28 - app.parsers.lift_parser - DEBUG - Extracted pronunciation: seh-fonipa = 'r\u0259\u028ad test'
2025-07-18 21:45:28 - app.parsers.lift_parser - DEBUG - Final pronunciations: {'seh-fonipa': 'r\u0259\u028ad test'}
2025-07-18 21:45:28 - app.parsers.lift_parser - DEBUG - Found 0 pronunciation elements
2025-07-18 21:45:28 - app.parsers.lift_parser - DEBUG - No pronunciations found
2025-07-18 21:45:28 - app.parsers.lift_parser - DEBUG - Found 0 pronunciation elements
2025-07-18 21:45:28 - app.parsers.lift_parser - DEBUG - No pronunciations found
2025-07-18 21:45:28 - app.parsers.lift_parser - DEBUG - Found 1 pronunciation elements
2025-07-18 21:45:28 - app.parsers.lift_parser - DEBUG - Final pronunciations: {'seh-fonipa': '\u02c8r\u0254\u02d0\u02cc\u0283\u0251\u02d0 test'}
2025-07-18 21:45:28 - app.parsers.lift_parser - DEBUG - Found 0 pronunciation elements
2025-07-18 21:45:28 - app.parsers.lift_parser - DEBUG - No pronunciations found
2025-07-18 21:45:28 - app.parsers.lift_parser - DEBUG - Found 0 pronunciation elements
2025-07-18 21:45:28 - app.parsers.lift_parser - DEBUG - No pronunciations found
2025-07-18 21:45:28 - app.parsers.lift_parser - DEBUG - Found 0 pronunciation elements
2025-07-18 21:45:28 - app.parsers.lift_parser - DEBUG - No pronunciations found
2025-07-18 21:45:28 - app.parsers.lift_parser - DEBUG - Found 0 pronunciation elements
2025-07-18 21:45:28 - app.parsers.lift_parser - DEBUG - No pronunciations found
2025-07-18 21:45:28 - app.parsers.lift_parser - DEBUG - Found 1 pronunciation elements
2025-07-18 21:45:28 - app.parsers.lift_parser - DEBUG - Extracted pronunciation: seh-fonipa = '\u0283\u026ak test'
2025-07-18 21:45:28 - app.parsers.lift_parser - DEBUG - Final pronunciations: {'seh-fonipa': '\u0283\u026ak test'}
2025-07-18 21:45:28 - app.parsers.lift_parser - DEBUG - Found 1 pronunciation elements
2025-07-18 21:45:28 - app.parsers.lift_parser - DEBUG - Extracted pronunciation: seh-fonipa = 'sk\u0259\u02c8l\xe6st\u026ak \u02c8\xe6pt\u026a\u02cctju\u02d0d test'
2025-07-18 21:45:28 - app.parsers.lift_parser - DEBUG - Final pronunciations: {'seh-fonipa': 'sk\u0259\u02c8l\xe6st\u026ak \u02c8\xe6pt\u026a\u02cctju\u02d0d test'}
2025-07-18 21:45:28 - app.parsers.lift_parser - DEBUG - Found 0 pronunciation elements
2025-07-18 21:45:28 - app.parsers.lift_parser - DEBUG - No pronunciations found
2025-07-18 21:45:28 - app.parsers.lift_parser - DEBUG - Found 1 pronunciation elements
2025-07-18 21:45:28 - app.parsers.lift_parser - DEBUG - Extracted pronunciation: seh-fonipa = 'skr\xe6t\u0283 test'
2025-07-18 21:45:28 - app.parsers.lift_parser - DEBUG - Final pronunciations: {'seh-fonipa': 'skr\xe6t\u0283 test'}
2025-07-18 21:45:28 - app.parsers.lift_parser - DEBUG - Found 0 pronunciation elements
2025-07-18 21:45:28 - app.parsers.lift_parser - DEBUG - No pronunciations found
2025-07-18 21:45:28 - app.parsers.lift_parser - DEBUG - Found 1 pronunciation elements
2025-07-18 21:45:28 - app.parsers.lift_parser - DEBUG - Extracted pronunciation: seh-fonipa = 'skri\u02d0n test'
2025-07-18 21:45:28 - app.parsers.lift_parser - DEBUG - Final pronunciations: {'seh-fonipa': 'skri\u02d0n test'}
2025-07-18 21:45:28 - app.parsers.lift_parser - DEBUG - Found 1 pronunciation elements
2025-07-18 21:45:28 - app.parsers.lift_parser - DEBUG - Extracted pronunciation: seh-fonipa = 'self test'
2025-07-18 21:45:28 - app.parsers.lift_parser - DEBUG - Final pronunciations: {'seh-fonipa': 'self test'}
2025-07-18 21:45:28 - app.parsers.lift_parser - DEBUG - Found 0 pronunciation elements
2025-07-18 21:45:28 - app.parsers.lift_parser - DEBUG - No pronunciations found
2025-07-18 21:45:28 - app.parsers.lift_parser - DEBUG - Found 0 pronunciation elements
2025-07-18 21:45:28 - app.parsers.lift_parser - DEBUG - No pronunciations found
2025-07-18 21:45:28 - app.parsers.lift_parser - DEBUG - Found 1 pronunciation elements
2025-07-18 21:45:28 - app.parsers.lift_parser - DEBUG - Extracted pronunciation: seh-fonipa = 'sk\u026an test'
2025-07-18 21:45:28 - app.parsers.lift_parser - DEBUG - Final pronunciations: {'seh-fonipa': 'sk\u026an test'}
2025-07-18 21:45:28 - app.parsers.lift_parser - DEBUG - Found 1 pronunciation elements
2025-07-18 21:45:28 - app.parsers.lift_parser - DEBUG - Extracted pronunciation: seh-fonipa = 'sm\u0254\u02d0l \u026an\u02c8test\u026an'
2025-07-18 21:45:28 - app.parsers.lift_parser - DEBUG - Final pronunciations: {'seh-fonipa': 'sm\u0254\u02d0l \u026an\u02c8test\u026an'}
2025-07-18 21:45:28 - app.parsers.lift_parser - DEBUG - Found 1 pronunciation elements
2025-07-18 21:45:28 - app.parsers.lift_parser - DEBUG - Extracted pronunciation: seh-fonipa = 'sm\u026a\u0259 test'
2025-07-18 21:45:28 - app.parsers.lift_parser - DEBUG - Final pronunciations: {'seh-fonipa': 'sm\u026a\u0259 test'}
2025-07-18 21:45:28 - app.parsers.lift_parser - DEBUG - Found 0 pronunciation elements
2025-07-18 21:45:28 - app.parsers.lift_parser - DEBUG - No pronunciations found
2025-07-18 21:45:28 - app.parsers.lift_parser - DEBUG - Found 0 pronunciation elements
2025-07-18 21:45:28 - app.parsers.lift_parser - DEBUG - No pronunciations found
2025-07-18 21:45:28 - app.parsers.lift_parser - DEBUG - Found 0 pronunciation elements
2025-07-18 21:45:28 - app.parsers.lift_parser - DEBUG - No pronunciations found
2025-07-18 21:45:28 - app.parsers.lift_parser - DEBUG - Found 0 pronunciation elements
2025-07-18 21:45:28 - app.parsers.lift_parser - DEBUG - No pronunciations found
2025-07-18 21:45:28 - app.parsers.lift_parser - DEBUG - Found 0 pronunciation elements
2025-07-18 21:45:28 - app.parsers.lift_parser - DEBUG - No pronunciations found
2025-07-18 21:45:28 - app.parsers.lift_parser - DEBUG - Found 0 pronunciation elements
2025-07-18 21:45:28 - app.parsers.lift_parser - DEBUG - No pronunciations found
2025-07-18 21:45:28 - app.parsers.lift_parser - DEBUG - Found 0 pronunciation elements
2025-07-18 21:45:28 - app.parsers.lift_parser - DEBUG - No pronunciations found
2025-07-18 21:45:28 - app.parsers.lift_parser - DEBUG - Found 0 pronunciation elements
2025-07-18 21:45:28 - app.parsers.lift_parser - DEBUG - No pronunciations found
2025-07-18 21:45:28 - app.parsers.lift_parser - DEBUG - Found 0 pronunciation elements
2025-07-18 21:45:28 - app.parsers.lift_parser - DEBUG - No pronunciations found
2025-07-18 21:45:28 - app.parsers.lift_parser - DEBUG - Found 0 pronunciation elements
2025-07-18 21:45:28 - app.parsers.lift_parser - DEBUG - No pronunciations found
2025-07-18 21:45:28 - app.parsers.lift_parser - DEBUG - Found 0 pronunciation elements
2025-07-18 21:45:28 - app.parsers.lift_parser - DEBUG - No pronunciations found
2025-07-18 21:45:28 - app.parsers.lift_parser - DEBUG - Found 0 pronunciation elements
2025-07-18 21:45:28 - app.parsers.lift_parser - DEBUG - No pronunciations found
2025-07-18 21:45:28 - app.parsers.lift_parser - DEBUG - Found 0 pronunciation elements
2025-07-18 21:45:28 - app.parsers.lift_parser - DEBUG - No pronunciations found
2025-07-18 21:45:28 - app.parsers.lift_parser - DEBUG - Found 0 pronunciation elements
2025-07-18 21:45:28 - app.parsers.lift_parser - DEBUG - No pronunciations found
2025-07-18 21:45:28 - app.parsers.lift_parser - DEBUG - Found 0 pronunciation elements
2025-07-18 21:45:28 - app.parsers.lift_parser - DEBUG - No pronunciations found
2025-07-18 21:45:28 - app.parsers.lift_parser - DEBUG - Found 0 pronunciation elements
2025-07-18 21:45:28 - app.parsers.lift_parser - DEBUG - No pronunciations found
2025-07-18 21:45:28 - app.parsers.lift_parser - DEBUG - Found 0 pronunciation elements
2025-07-18 21:45:28 - app.parsers.lift_parser - DEBUG - No pronunciations found
2025-07-18 21:45:28 - app.parsers.lift_parser - DEBUG - Found 0 pronunciation elements
2025-07-18 21:45:28 - app.parsers.lift_parser - DEBUG - No pronunciations found
2025-07-18 21:45:28 - app.parsers.lift_parser - DEBUG - Found 0 pronunciation elements
2025-07-18 21:45:28 - app.parsers.lift_parser - DEBUG - No pronunciations found
2025-07-18 21:45:28 - app.parsers.lift_parser - DEBUG - Found 0 pronunciation elements
2025-07-18 21:45:28 - app.parsers.lift_parser - DEBUG - No pronunciations found
2025-07-18 21:45:28 - app.parsers.lift_parser - DEBUG - Found 0 pronunciation elements
2025-07-18 21:45:28 - app.parsers.lift_parser - DEBUG - No pronunciations found
2025-07-18 21:45:28 - app.parsers.lift_parser - DEBUG - Found 0 pronunciation elements
2025-07-18 21:45:28 - app.parsers.lift_parser - DEBUG - No pronunciations found
2025-07-18 21:45:28 - app.parsers.lift_parser - DEBUG - Found 0 pronunciation elements
2025-07-18 21:45:28 - app.parsers.lift_parser - DEBUG - No pronunciations found
2025-07-18 21:45:28 - app.parsers.lift_parser - DEBUG - Found 0 pronunciation elements
2025-07-18 21:45:28 - app.parsers.lift_parser - DEBUG - No pronunciations found
2025-07-18 21:45:28 - app.parsers.lift_parser - DEBUG - Found 0 pronunciation elements
2025-07-18 21:45:28 - app.parsers.lift_parser - DEBUG - No pronunciations found
2025-07-18 21:45:28 - app.parsers.lift_parser - DEBUG - Found 0 pronunciation elements
2025-07-18 21:45:28 - app.parsers.lift_parser - DEBUG - No pronunciations found
2025-07-18 21:45:28 - app.parsers.lift_parser - DEBUG - Found 0 pronunciation elements
2025-07-18 21:45:28 - app.parsers.lift_parser - DEBUG - No pronunciations found
2025-07-18 21:45:28 - app.parsers.lift_parser - DEBUG - Found 0 pronunciation elements
2025-07-18 21:45:28 - app.parsers.lift_parser - DEBUG - No pronunciations found
2025-07-18 21:45:28 - app.parsers.lift_parser - DEBUG - Found 0 pronunciation elements
2025-07-18 21:45:28 - app.parsers.lift_parser - DEBUG - No pronunciations found
2025-07-18 21:45:28 - app.parsers.lift_parser - DEBUG - Found 0 pronunciation elements
2025-07-18 21:45:28 - app.parsers.lift_parser - DEBUG - No pronunciations found
2025-07-18 21:45:28 - app.parsers.lift_parser - DEBUG - Found 0 pronunciation elements
2025-07-18 21:45:28 - app.parsers.lift_parser - DEBUG - No pronunciations found
2025-07-18 21:45:28 - app.parsers.lift_parser - DEBUG - Found 0 pronunciation elements
2025-07-18 21:45:28 - app.parsers.lift_parser - DEBUG - No pronunciations found
2025-07-18 21:45:28 - app.parsers.lift_parser - DEBUG - Found 0 pronunciation elements
2025-07-18 21:45:28 - app.parsers.lift_parser - DEBUG - No pronunciations found
2025-07-18 21:45:28 - app.parsers.lift_parser - DEBUG - Found 0 pronunciation elements
2025-07-18 21:45:28 - app.parsers.lift_parser - DEBUG - No pronunciations found
2025-07-18 21:45:28 - app.parsers.lift_parser - DEBUG - Found 0 pronunciation elements
2025-07-18 21:45:28 - app.parsers.lift_parser - DEBUG - No pronunciations found
2025-07-18 21:45:28 - app.parsers.lift_parser - DEBUG - Found 0 pronunciation elements
2025-07-18 21:45:28 - app.parsers.lift_parser - DEBUG - No pronunciations found
2025-07-18 21:45:28 - app.parsers.lift_parser - DEBUG - Found 0 pronunciation elements
2025-07-18 21:45:28 - app.parsers.lift_parser - DEBUG - No pronunciations found
2025-07-18 21:45:28 - app.parsers.lift_parser - DEBUG - Found 0 pronunciation elements
2025-07-18 21:45:28 - app.parsers.lift_parser - DEBUG - No pronunciations found
2025-07-18 21:45:28 - app.parsers.lift_parser - DEBUG - Found 0 pronunciation elements
2025-07-18 21:45:28 - app.parsers.lift_parser - DEBUG - No pronunciations found
2025-07-18 21:45:28 - app.parsers.lift_parser - DEBUG - Found 0 pronunciation elements
2025-07-18 21:45:28 - app.parsers.lift_parser - DEBUG - No pronunciations found
2025-07-18 21:45:28 - app.parsers.lift_parser - DEBUG - Found 0 pronunciation elements
2025-07-18 21:45:28 - app.parsers.lift_parser - DEBUG - No pronunciations found
2025-07-18 21:45:28 - app.parsers.lift_parser - DEBUG - Found 0 pronunciation elements
2025-07-18 21:45:28 - app.parsers.lift_parser - DEBUG - No pronunciations found
2025-07-18 21:45:28 - app.parsers.lift_parser - DEBUG - Found 0 pronunciation elements
2025-07-18 21:45:28 - app.parsers.lift_parser - DEBUG - No pronunciations found
2025-07-18 21:45:28 - app.parsers.lift_parser - DEBUG - Found 0 pronunciation elements
2025-07-18 21:45:28 - app.parsers.lift_parser - DEBUG - No pronunciations found
2025-07-18 21:45:28 - app.parsers.lift_parser - DEBUG - Found 0 pronunciation elements
2025-07-18 21:45:28 - app.parsers.lift_parser - DEBUG - No pronunciations found
2025-07-18 21:45:28 - app.parsers.lift_parser - DEBUG - Found 0 pronunciation elements
2025-07-18 21:45:28 - app.parsers.lift_parser - DEBUG - No pronunciations found
2025-07-18 21:45:28 - app.parsers.lift_parser - DEBUG - Found 0 pronunciation elements
2025-07-18 21:45:28 - app.parsers.lift_parser - DEBUG - No pronunciations found
2025-07-18 21:45:28 - app.parsers.lift_parser - DEBUG - Found 0 pronunciation elements
2025-07-18 21:45:28 - app.parsers.lift_parser - DEBUG - No pronunciations found
2025-07-18 21:45:28 - app.parsers.lift_parser - DEBUG - Found 0 pronunciation elements
2025-07-18 21:45:28 - app.parsers.lift_parser - DEBUG - No pronunciations found
2025-07-18 21:45:28 - app.parsers.lift_parser - DEBUG - Found 0 pronunciation elements
2025-07-18 21:45:28 - app.parsers.lift_parser - DEBUG - No pronunciations found
2025-07-18 21:45:28 - app.parsers.lift_parser - DEBUG - Found 0 pronunciation elements
2025-07-18 21:45:28 - app.parsers.lift_parser - DEBUG - No pronunciations found
2025-07-18 21:45:28 - app.parsers.lift_parser - DEBUG - Found 0 pronunciation elements
2025-07-18 21:45:28 - app.parsers.lift_parser - DEBUG - No pronunciations found
2025-07-18 21:45:28 - app.parsers.lift_parser - DEBUG - Found 0 pronunciation elements
2025-07-18 21:45:28 - app.parsers.lift_parser - DEBUG - No pronunciations found
2025-07-18 21:45:28 - app.parsers.lift_parser - DEBUG - Found 0 pronunciation elements
2025-07-18 21:45:28 - app.parsers.lift_parser - DEBUG - No pronunciations found
2025-07-18 21:45:28 - app.parsers.lift_parser - DEBUG - Found 0 pronunciation elements
2025-07-18 21:45:28 - app.parsers.lift_parser - DEBUG - No pronunciations found
2025-07-18 21:45:28 - app.parsers.lift_parser - DEBUG - Found 0 pronunciation elements
2025-07-18 21:45:28 - app.parsers.lift_parser - DEBUG - No pronunciations found
2025-07-18 21:45:28 - app.parsers.lift_parser - DEBUG - Found 0 pronunciation elements
2025-07-18 21:45:28 - app.parsers.lift_parser - DEBUG - No pronunciations found
2025-07-18 21:45:28 - app.parsers.lift_parser - DEBUG - Found 0 pronunciation elements
2025-07-18 21:45:28 - app.parsers.lift_parser - DEBUG - No pronunciations found
2025-07-18 21:45:28 - app.parsers.lift_parser - DEBUG - Found 0 pronunciation elements
2025-07-18 21:45:28 - app.parsers.lift_parser - DEBUG - No pronunciations found
2025-07-18 21:45:28 - app.parsers.lift_parser - DEBUG - Found 0 pronunciation elements
2025-07-18 21:45:28 - app.parsers.lift_parser - DEBUG - No pronunciations found
2025-07-18 21:45:28 - app.parsers.lift_parser - DEBUG - Found 0 pronunciation elements
2025-07-18 21:45:28 - app.parsers.lift_parser - DEBUG - No pronunciations found
2025-07-18 21:45:28 - app.parsers.lift_parser - DEBUG - Found 0 pronunciation elements
2025-07-18 21:45:28 - app.parsers.lift_parser - DEBUG - No pronunciations found
2025-07-18 21:45:28 - app.parsers.lift_parser - DEBUG - Found 0 pronunciation elements
2025-07-18 21:45:28 - app.parsers.lift_parser - DEBUG - No pronunciations found
2025-07-18 21:45:28 - app.parsers.lift_parser - DEBUG - Found 0 pronunciation elements
2025-07-18 21:45:28 - app.parsers.lift_parser - DEBUG - No pronunciations found
2025-07-18 21:45:28 - app.parsers.lift_parser - DEBUG - Found 0 pronunciation elements
2025-07-18 21:45:28 - app.parsers.lift_parser - DEBUG - No pronunciations found
2025-07-18 21:45:28 - app.parsers.lift_parser - DEBUG - Found 0 pronunciation elements
2025-07-18 21:45:28 - app.parsers.lift_parser - DEBUG - No pronunciations found
2025-07-18 21:45:28 - app.parsers.lift_parser - DEBUG - Found 0 pronunciation elements
2025-07-18 21:45:28 - app.parsers.lift_parser - DEBUG - No pronunciations found
2025-07-18 21:45:28 - app.parsers.lift_parser - DEBUG - Found 0 pronunciation elements
2025-07-18 21:45:28 - app.parsers.lift_parser - DEBUG - No pronunciations found
2025-07-18 21:45:28 - app.parsers.lift_parser - DEBUG - Found 0 pronunciation elements
2025-07-18 21:45:28 - app.parsers.lift_parser - DEBUG - No pronunciations found
2025-07-18 21:45:28 - app.parsers.lift_parser - DEBUG - Found 0 pronunciation elements
2025-07-18 21:45:28 - app.parsers.lift_parser - DEBUG - No pronunciations found
2025-07-18 21:45:28 - app.parsers.lift_parser - DEBUG - Found 0 pronunciation elements
2025-07-18 21:45:28 - app.parsers.lift_parser - DEBUG - No pronunciations found
2025-07-18 21:45:28 - app.parsers.lift_parser - DEBUG - Found 0 pronunciation elements
2025-07-18 21:45:28 - app.parsers.lift_parser - DEBUG - No pronunciations found
2025-07-18 21:45:28 - app.parsers.lift_parser - DEBUG - Found 0 pronunciation elements
2025-07-18 21:45:28 - app.parsers.lift_parser - DEBUG - No pronunciations found
2025-07-18 21:45:28 - app.parsers.lift_parser - DEBUG - Found 0 pronunciation elements
2025-07-18 21:45:28 - app.parsers.lift_parser - DEBUG - No pronunciations found
2025-07-18 21:45:28 - app.parsers.lift_parser - DEBUG - Found 0 pronunciation elements
2025-07-18 21:45:28 - app.parsers.lift_parser - DEBUG - No pronunciations found
2025-07-18 21:45:28 - app.parsers.lift_parser - DEBUG - Found 0 pronunciation elements
2025-07-18 21:45:28 - app.parsers.lift_parser - DEBUG - No pronunciations found
2025-07-18 21:45:28 - app.parsers.lift_parser - DEBUG - Found 0 pronunciation elements
2025-07-18 21:45:28 - app.parsers.lift_parser - DEBUG - No pronunciations found
2025-07-18 21:45:28 - app.parsers.lift_parser - DEBUG - Found 0 pronunciation elements
2025-07-18 21:45:28 - app.parsers.lift_parser - DEBUG - No pronunciations found
2025-07-18 21:45:28 - app.parsers.lift_parser - DEBUG - Found 0 pronunciation elements
2025-07-18 21:45:28 - app.parsers.lift_parser - DEBUG - No pronunciations found
2025-07-18 21:45:28 - app.parsers.lift_parser - DEBUG - Found 0 pronunciation elements
2025-07-18 21:45:28 - app.parsers.lift_parser - DEBUG - No pronunciations found
2025-07-18 21:45:28 - app.parsers.lift_parser - DEBUG - Found 0 pronunciation elements
2025-07-18 21:45:28 - app.parsers.lift_parser - DEBUG - No pronunciations found
2025-07-18 21:45:28 - app.parsers.lift_parser - DEBUG - Found 0 pronunciation elements
2025-07-18 21:45:28 - app.parsers.lift_parser - DEBUG - No pronunciations found
2025-07-18 21:45:28 - app.parsers.lift_parser - DEBUG - Found 0 pronunciation elements
2025-07-18 21:45:28 - app.parsers.lift_parser - DEBUG - No pronunciations found
2025-07-18 21:45:28 - app.parsers.lift_parser - DEBUG - Found 0 pronunciation elements
2025-07-18 21:45:28 - app.parsers.lift_parser - DEBUG - No pronunciations found
2025-07-18 21:45:28 - app.parsers.lift_parser - DEBUG - Found 0 pronunciation elements
2025-07-18 21:45:28 - app.parsers.lift_parser - DEBUG - No pronunciations found
2025-07-18 21:45:28 - app.parsers.lift_parser - DEBUG - Found 0 pronunciation elements
2025-07-18 21:45:28 - app.parsers.lift_parser - DEBUG - No pronunciations found
2025-07-18 21:45:28 - app.parsers.lift_parser - DEBUG - Found 0 pronunciation elements
2025-07-18 21:45:28 - app.parsers.lift_parser - DEBUG - No pronunciations found
2025-07-18 21:45:28 - app.parsers.lift_parser - DEBUG - Found 0 pronunciation elements
2025-07-18 21:45:28 - app.parsers.lift_parser - DEBUG - No pronunciations found
2025-07-18 21:45:28 - app.parsers.lift_parser - DEBUG - Found 0 pronunciation elements
2025-07-18 21:45:28 - app.parsers.lift_parser - DEBUG - No pronunciations found
2025-07-18 21:45:28 - app.parsers.lift_parser - DEBUG - Found 0 pronunciation elements
2025-07-18 21:45:28 - app.parsers.lift_parser - DEBUG - No pronunciations found
2025-07-18 21:45:28 - app.parsers.lift_parser - DEBUG - Found 0 pronunciation elements
2025-07-18 21:45:28 - app.parsers.lift_parser - DEBUG - No pronunciations found
2025-07-18 21:45:28 - app.parsers.lift_parser - DEBUG - Found 0 pronunciation elements
2025-07-18 21:45:28 - app.parsers.lift_parser - DEBUG - No pronunciations found
2025-07-18 21:45:28 - app.parsers.lift_parser - DEBUG - Found 0 pronunciation elements
2025-07-18 21:45:28 - app.parsers.lift_parser - DEBUG - No pronunciations found
2025-07-18 21:45:28 - app.parsers.lift_parser - DEBUG - Found 0 pronunciation elements
2025-07-18 21:45:28 - app.parsers.lift_parser - DEBUG - No pronunciations found
2025-07-18 21:45:28 - app.parsers.lift_parser - DEBUG - Found 0 pronunciation elements
2025-07-18 21:45:28 - app.parsers.lift_parser - DEBUG - No pronunciations found
2025-07-18 21:45:28 - app.parsers.lift_parser - DEBUG - Found 0 pronunciation elements
2025-07-18 21:45:28 - app.parsers.lift_parser - DEBUG - No pronunciations found
2025-07-18 21:45:28 - app.parsers.lift_parser - DEBUG - Found 0 pronunciation elements
2025-07-18 21:45:28 - app.parsers.lift_parser - DEBUG - No pronunciations found
2025-07-18 21:45:28 - app.parsers.lift_parser - DEBUG - Found 0 pronunciation elements
2025-07-18 21:45:28 - app.parsers.lift_parser - DEBUG - No pronunciations found
2025-07-18 21:45:28 - app.parsers.lift_parser - DEBUG - Found 0 pronunciation elements
2025-07-18 21:45:28 - app.parsers.lift_parser - DEBUG - No pronunciations found
2025-07-18 21:45:28 - app.parsers.lift_parser - DEBUG - Found 0 pronunciation elements
2025-07-18 21:45:28 - app.parsers.lift_parser - DEBUG - No pronunciations found
2025-07-18 21:45:28 - app.parsers.lift_parser - DEBUG - Found 0 pronunciation elements
2025-07-18 21:45:28 - app.parsers.lift_parser - DEBUG - No pronunciations found
2025-07-18 21:45:28 - app.parsers.lift_parser - DEBUG - Found 0 pronunciation elements
2025-07-18 21:45:28 - app.parsers.lift_parser - DEBUG - No pronunciations found
2025-07-18 21:45:28 - app.parsers.lift_parser - DEBUG - Found 0 pronunciation elements
2025-07-18 21:45:28 - app.parsers.lift_parser - DEBUG - No pronunciations found
2025-07-18 21:45:28 - app.parsers.lift_parser - DEBUG - Found 0 pronunciation elements
2025-07-18 21:45:28 - app.parsers.lift_parser - DEBUG - No pronunciations found
2025-07-18 21:45:28 - app.parsers.lift_parser - DEBUG - Found 0 pronunciation elements
2025-07-18 21:45:28 - app.parsers.lift_parser - DEBUG - No pronunciations found
2025-07-18 21:45:28 - app.parsers.lift_parser - DEBUG - Found 0 pronunciation elements
2025-07-18 21:45:28 - app.parsers.lift_parser - DEBUG - No pronunciations found
2025-07-18 21:45:28 - app.parsers.lift_parser - DEBUG - Found 0 pronunciation elements
2025-07-18 21:45:28 - app.parsers.lift_parser - DEBUG - No pronunciations found
2025-07-18 21:45:28 - app.parsers.lift_parser - DEBUG - Found 0 pronunciation elements
2025-07-18 21:45:28 - app.parsers.lift_parser - DEBUG - No pronunciations found
2025-07-18 21:45:28 - app.parsers.lift_parser - DEBUG - Found 0 pronunciation elements
2025-07-18 21:45:28 - app.parsers.lift_parser - DEBUG - No pronunciations found
2025-07-18 21:45:28 - app.parsers.lift_parser - DEBUG - Found 0 pronunciation elements
2025-07-18 21:45:28 - app.parsers.lift_parser - DEBUG - No pronunciations found
2025-07-18 21:45:28 - app.parsers.lift_parser - DEBUG - Found 0 pronunciation elements
2025-07-18 21:45:28 - app.parsers.lift_parser - DEBUG - No pronunciations found
2025-07-18 21:45:28 - app.parsers.lift_parser - DEBUG - Found 0 pronunciation elements
2025-07-18 21:45:28 - app.parsers.lift_parser - DEBUG - No pronunciations found
2025-07-18 21:45:28 - app.parsers.lift_parser - DEBUG - Found 0 pronunciation elements
2025-07-18 21:45:28 - app.parsers.lift_parser - DEBUG - No pronunciations found
2025-07-18 21:45:28 - app.parsers.lift_parser - DEBUG - Found 0 pronunciation elements
2025-07-18 21:45:28 - app.parsers.lift_parser - DEBUG - No pronunciations found
2025-07-18 21:45:28 - app.parsers.lift_parser - DEBUG - Found 0 pronunciation elements
2025-07-18 21:45:28 - app.parsers.lift_parser - DEBUG - No pronunciations found
2025-07-18 21:45:28 - app.parsers.lift_parser - DEBUG - Found 0 pronunciation elements
2025-07-18 21:45:28 - app.parsers.lift_parser - DEBUG - No pronunciations found
2025-07-18 21:45:28 - app.parsers.lift_parser - DEBUG - Found 0 pronunciation elements
2025-07-18 21:45:28 - app.parsers.lift_parser - DEBUG - No pronunciations found
2025-07-18 21:45:28 - app.parsers.lift_parser - DEBUG - Found 0 pronunciation elements
2025-07-18 21:45:28 - app.parsers.lift_parser - DEBUG - No pronunciations found
2025-07-18 21:45:28 - app.parsers.lift_parser - DEBUG - Found 0 pronunciation elements
2025-07-18 21:45:28 - app.parsers.lift_parser - DEBUG - No pronunciations found
2025-07-18 21:45:28 - app.parsers.lift_parser - DEBUG - Found 0 pronunciation elements
2025-07-18 21:45:28 - app.parsers.lift_parser - DEBUG - No pronunciations found
2025-07-18 21:45:28 - app.parsers.lift_parser - DEBUG - Found 0 pronunciation elements
2025-07-18 21:45:28 - app.parsers.lift_parser - DEBUG - No pronunciations found
2025-07-18 21:45:28 - app.parsers.lift_parser - DEBUG - Found 0 pronunciation elements
2025-07-18 21:45:28 - app.parsers.lift_parser - DEBUG - No pronunciations found
2025-07-18 21:45:28 - app.parsers.lift_parser - DEBUG - Found 0 pronunciation elements
2025-07-18 21:45:28 - app.parsers.lift_parser - DEBUG - No pronunciations found
2025-07-18 21:45:28 - app.parsers.lift_parser - DEBUG - Found 0 pronunciation elements
2025-07-18 21:45:28 - app.parsers.lift_parser - DEBUG - No pronunciations found
2025-07-18 21:45:28 - app.parsers.lift_parser - DEBUG - Found 0 pronunciation elements
2025-07-18 21:45:28 - app.parsers.lift_parser - DEBUG - No pronunciations found
2025-07-18 21:45:28 - app.parsers.lift_parser - DEBUG - Found 0 pronunciation elements
2025-07-18 21:45:28 - app.parsers.lift_parser - DEBUG - No pronunciations found
2025-07-18 21:45:28 - app.parsers.lift_parser - DEBUG - Found 0 pronunciation elements
2025-07-18 21:45:28 - app.parsers.lift_parser - DEBUG - No pronunciations found
2025-07-18 21:45:28 - app.parsers.lift_parser - DEBUG - Found 0 pronunciation elements
2025-07-18 21:45:28 - app.parsers.lift_parser - DEBUG - No pronunciations found
2025-07-18 21:45:28 - app.parsers.lift_parser - DEBUG - Found 0 pronunciation elements
2025-07-18 21:45:28 - app.parsers.lift_parser - DEBUG - No pronunciations found
2025-07-18 21:45:28 - app.parsers.lift_parser - DEBUG - Found 0 pronunciation elements
2025-07-18 21:45:28 - app.parsers.lift_parser - DEBUG - No pronunciations found
2025-07-18 21:45:28 - app.parsers.lift_parser - DEBUG - Found 0 pronunciation elements
2025-07-18 21:45:28 - app.parsers.lift_parser - DEBUG - No pronunciations found
2025-07-18 21:45:28 - app.parsers.lift_parser - DEBUG - Found 0 pronunciation elements
2025-07-18 21:45:28 - app.parsers.lift_parser - DEBUG - No pronunciations found
2025-07-18 21:45:28 - app.parsers.lift_parser - DEBUG - Found 0 pronunciation elements
2025-07-18 21:45:28 - app.parsers.lift_parser - DEBUG - No pronunciations found
2025-07-18 21:45:28 - app.parsers.lift_parser - DEBUG - Found 0 pronunciation elements
2025-07-18 21:45:28 - app.parsers.lift_parser - DEBUG - No pronunciations found
2025-07-18 21:45:28 - app.parsers.lift_parser - DEBUG - Found 0 pronunciation elements
2025-07-18 21:45:28 - app.parsers.lift_parser - DEBUG - No pronunciations found
2025-07-18 21:45:28 - app.parsers.lift_parser - DEBUG - Found 0 pronunciation elements
2025-07-18 21:45:28 - app.parsers.lift_parser - DEBUG - No pronunciations found
2025-07-18 21:45:28 - app.parsers.lift_parser - DEBUG - Found 0 pronunciation elements
2025-07-18 21:45:28 - app.parsers.lift_parser - DEBUG - No pronunciations found
2025-07-18 21:45:28 - app.parsers.lift_parser - DEBUG - Found 0 pronunciation elements
2025-07-18 21:45:28 - app.parsers.lift_parser - DEBUG - No pronunciations found
2025-07-18 21:45:28 - app.parsers.lift_parser - DEBUG - Found 0 pronunciation elements
2025-07-18 21:45:28 - app.parsers.lift_parser - DEBUG - No pronunciations found
2025-07-18 21:45:28 - app.parsers.lift_parser - DEBUG - Found 0 pronunciation elements
2025-07-18 21:45:28 - app.parsers.lift_parser - DEBUG - No pronunciations found
2025-07-18 21:45:28 - app.parsers.lift_parser - DEBUG - Found 0 pronunciation elements
2025-07-18 21:45:28 - app.parsers.lift_parser - DEBUG - No pronunciations found
2025-07-18 21:45:28 - app.parsers.lift_parser - DEBUG - Found 0 pronunciation elements
2025-07-18 21:45:28 - app.parsers.lift_parser - DEBUG - No pronunciations found
2025-07-18 21:45:28 - app.parsers.lift_parser - DEBUG - Found 0 pronunciation elements
2025-07-18 21:45:28 - app.parsers.lift_parser - DEBUG - No pronunciations found
2025-07-18 21:45:28 - app.parsers.lift_parser - DEBUG - Found 0 pronunciation elements
2025-07-18 21:45:28 - app.parsers.lift_parser - DEBUG - No pronunciations found
2025-07-18 21:45:28 - app.parsers.lift_parser - DEBUG - Found 0 pronunciation elements
2025-07-18 21:45:28 - app.parsers.lift_parser - DEBUG - No pronunciations found
2025-07-18 21:45:28 - app.parsers.lift_parser - DEBUG - Found 0 pronunciation elements
2025-07-18 21:45:28 - app.parsers.lift_parser - DEBUG - No pronunciations found
2025-07-18 21:45:28 - app.parsers.lift_parser - DEBUG - Found 0 pronunciation elements
2025-07-18 21:45:28 - app.parsers.lift_parser - DEBUG - No pronunciations found
2025-07-18 21:45:28 - app.parsers.lift_parser - DEBUG - Found 0 pronunciation elements
2025-07-18 21:45:28 - app.parsers.lift_parser - DEBUG - No pronunciations found
2025-07-18 21:45:28 - app.parsers.lift_parser - DEBUG - Found 0 pronunciation elements
2025-07-18 21:45:28 - app.parsers.lift_parser - DEBUG - No pronunciations found
2025-07-18 21:45:28 - app.parsers.lift_parser - DEBUG - Found 0 pronunciation elements
2025-07-18 21:45:28 - app.parsers.lift_parser - DEBUG - No pronunciations found
2025-07-18 21:45:28 - app.parsers.lift_parser - DEBUG - Found 0 pronunciation elements
2025-07-18 21:45:28 - app.parsers.lift_parser - DEBUG - No pronunciations found
2025-07-18 21:45:28 - app.parsers.lift_parser - DEBUG - Found 0 pronunciation elements
2025-07-18 21:45:28 - app.parsers.lift_parser - DEBUG - No pronunciations found
2025-07-18 21:45:28 - app.parsers.lift_parser - DEBUG - Found 0 pronunciation elements
2025-07-18 21:45:28 - app.parsers.lift_parser - DEBUG - No pronunciations found
2025-07-18 21:45:28 - app.parsers.lift_parser - DEBUG - Found 0 pronunciation elements
2025-07-18 21:45:28 - app.parsers.lift_parser - DEBUG - No pronunciations found
2025-07-18 21:45:28 - app.parsers.lift_parser - DEBUG - Found 0 pronunciation elements
2025-07-18 21:45:28 - app.parsers.lift_parser - DEBUG - No pronunciations found
2025-07-18 21:45:28 - app.parsers.lift_parser - DEBUG - Found 0 pronunciation elements
2025-07-18 21:45:28 - app.parsers.lift_parser - DEBUG - No pronunciations found
2025-07-18 21:45:28 - app.parsers.lift_parser - DEBUG - Found 0 pronunciation elements
2025-07-18 21:45:28 - app.parsers.lift_parser - DEBUG - No pronunciations found
2025-07-18 21:45:28 - app.parsers.lift_parser - DEBUG - Found 0 pronunciation elements
2025-07-18 21:45:28 - app.parsers.lift_parser - DEBUG - No pronunciations found
2025-07-18 21:45:28 - app.parsers.lift_parser - DEBUG - Found 0 pronunciation elements
2025-07-18 21:45:28 - app.parsers.lift_parser - DEBUG - No pronunciations found
2025-07-18 21:45:28 - app.parsers.lift_parser - DEBUG - Found 0 pronunciation elements
2025-07-18 21:45:28 - app.parsers.lift_parser - DEBUG - No pronunciations found
2025-07-18 21:45:28 - app.parsers.lift_parser - DEBUG - Found 0 pronunciation elements
2025-07-18 21:45:28 - app.parsers.lift_parser - DEBUG - No pronunciations found
2025-07-18 21:45:28 - app.parsers.lift_parser - DEBUG - Found 0 pronunciation elements
2025-07-18 21:45:28 - app.parsers.lift_parser - DEBUG - No pronunciations found
2025-07-18 21:45:28 - app.parsers.lift_parser - DEBUG - Found 0 pronunciation elements
2025-07-18 21:45:28 - app.parsers.lift_parser - DEBUG - No pronunciations found
2025-07-18 21:45:28 - app.parsers.lift_parser - DEBUG - Found 0 pronunciation elements
2025-07-18 21:45:28 - app.parsers.lift_parser - DEBUG - No pronunciations found
2025-07-18 21:45:28 - app.parsers.lift_parser - DEBUG - Found 0 pronunciation elements
2025-07-18 21:45:28 - app.parsers.lift_parser - DEBUG - No pronunciations found
2025-07-18 21:45:28 - app.parsers.lift_parser - DEBUG - Found 0 pronunciation elements
2025-07-18 21:45:28 - app.parsers.lift_parser - DEBUG - No pronunciations found
2025-07-18 21:45:28 - app.parsers.lift_parser - DEBUG - Found 0 pronunciation elements
2025-07-18 21:45:28 - app.parsers.lift_parser - DEBUG - No pronunciations found
2025-07-18 21:45:28 - app.parsers.lift_parser - DEBUG - Found 0 pronunciation elements
2025-07-18 21:45:28 - app.parsers.lift_parser - DEBUG - No pronunciations found
2025-07-18 21:45:28 - app.parsers.lift_parser - DEBUG - Found 0 pronunciation elements
2025-07-18 21:45:28 - app.parsers.lift_parser - DEBUG - No pronunciations found
2025-07-18 21:45:28 - app.parsers.lift_parser - DEBUG - Found 0 pronunciation elements
2025-07-18 21:45:28 - app.parsers.lift_parser - DEBUG - No pronunciations found
2025-07-18 21:45:28 - app.parsers.lift_parser - DEBUG - Found 0 pronunciation elements
2025-07-18 21:45:28 - app.parsers.lift_parser - DEBUG - No pronunciations found
2025-07-18 21:45:28 - app.parsers.lift_parser - DEBUG - Found 0 pronunciation elements
2025-07-18 21:45:28 - app.parsers.lift_parser - DEBUG - No pronunciations found
2025-07-18 21:45:28 - app.parsers.lift_parser - DEBUG - Found 0 pronunciation elements
2025-07-18 21:45:28 - app.parsers.lift_parser - DEBUG - No pronunciations found
2025-07-18 21:45:28 - app.parsers.lift_parser - DEBUG - Found 0 pronunciation elements
2025-07-18 21:45:28 - app.parsers.lift_parser - DEBUG - No pronunciations found
2025-07-18 21:45:28 - app.parsers.lift_parser - DEBUG - Found 0 pronunciation elements
2025-07-18 21:45:28 - app.parsers.lift_parser - DEBUG - No pronunciations found
2025-07-18 21:45:28 - app.parsers.lift_parser - DEBUG - Found 0 pronunciation elements
2025-07-18 21:45:28 - app.parsers.lift_parser - DEBUG - No pronunciations found
2025-07-18 21:45:28 - app.parsers.lift_parser - DEBUG - Found 1 pronunciation elements
2025-07-18 21:45:28 - app.parsers.lift_parser - DEBUG - Extracted pronunciation: seh-fonipa = '\u02c8ti\u02d0\u02c8test'
2025-07-18 21:45:28 - app.parsers.lift_parser - DEBUG - Final pronunciations: {'seh-fonipa': '\u02c8ti\u02d0\u02c8test'}
2025-07-18 21:45:28 - app.parsers.lift_parser - DEBUG - Found 0 pronunciation elements
2025-07-18 21:45:28 - app.parsers.lift_parser - DEBUG - No pronunciations found
2025-07-18 21:45:28 - app.parsers.lift_parser - DEBUG - Found 0 pronunciation elements
2025-07-18 21:45:28 - app.parsers.lift_parser - DEBUG - No pronunciations found
2025-07-18 21:45:28 - app.parsers.lift_parser - DEBUG - Found 1 pronunciation elements
2025-07-18 21:45:28 - app.parsers.lift_parser - DEBUG - Extracted pronunciation: seh-fonipa = '\u02c8t\xe6l\u0259nt \u02c8k\u0252ntest'
2025-07-18 21:45:28 - app.parsers.lift_parser - DEBUG - Final pronunciations: {'seh-fonipa': '\u02c8t\xe6l\u0259nt \u02c8k\u0252ntest'}
2025-07-18 21:45:28 - app.parsers.lift_parser - DEBUG - Found 0 pronunciation elements
2025-07-18 21:45:28 - app.parsers.lift_parser - DEBUG - No pronunciations found
2025-07-18 21:45:28 - app.parsers.lift_parser - DEBUG - Found 1 pronunciation elements
2025-07-18 21:45:28 - app.parsers.lift_parser - DEBUG - Extracted pronunciation: seh-fonipa = 'test'
2025-07-18 21:45:28 - app.parsers.lift_parser - DEBUG - Final pronunciations: {'seh-fonipa': 'test'}
2025-07-18 21:45:28 - app.parsers.lift_parser - DEBUG - Found 1 pronunciation elements
2025-07-18 21:45:28 - app.parsers.lift_parser - DEBUG - Extracted pronunciation: seh-fonipa = 'test'
2025-07-18 21:45:28 - app.parsers.lift_parser - DEBUG - Final pronunciations: {'seh-fonipa': 'test'}
2025-07-18 21:45:28 - app.parsers.lift_parser - DEBUG - Found 1 pronunciation elements
2025-07-18 21:45:28 - app.parsers.lift_parser - DEBUG - Final pronunciations: {'seh-fonipa': 'test'}
2025-07-18 21:45:28 - app.parsers.lift_parser - DEBUG - Found 0 pronunciation elements
2025-07-18 21:45:28 - app.parsers.lift_parser - DEBUG - No pronunciations found
2025-07-18 21:45:28 - app.parsers.lift_parser - DEBUG - Found 0 pronunciation elements
2025-07-18 21:45:28 - app.parsers.lift_parser - DEBUG - No pronunciations found
2025-07-18 21:45:28 - app.parsers.lift_parser - DEBUG - Found 0 pronunciation elements
2025-07-18 21:45:28 - app.parsers.lift_parser - DEBUG - No pronunciations found
2025-07-18 21:45:28 - app.parsers.lift_parser - DEBUG - Found 0 pronunciation elements
2025-07-18 21:45:28 - app.parsers.lift_parser - DEBUG - No pronunciations found
2025-07-18 21:45:28 - app.parsers.lift_parser - DEBUG - Found 0 pronunciation elements
2025-07-18 21:45:28 - app.parsers.lift_parser - DEBUG - No pronunciations found
2025-07-18 21:45:28 - app.parsers.lift_parser - DEBUG - Found 0 pronunciation elements
2025-07-18 21:45:28 - app.parsers.lift_parser - DEBUG - No pronunciations found
2025-07-18 21:45:28 - app.parsers.lift_parser - DEBUG - Found 0 pronunciation elements
2025-07-18 21:45:28 - app.parsers.lift_parser - DEBUG - No pronunciations found
2025-07-18 21:45:28 - app.parsers.lift_parser - DEBUG - Found 0 pronunciation elements
2025-07-18 21:45:28 - app.parsers.lift_parser - DEBUG - No pronunciations found
2025-07-18 21:45:28 - app.parsers.lift_parser - DEBUG - Found 0 pronunciation elements
2025-07-18 21:45:28 - app.parsers.lift_parser - DEBUG - No pronunciations found
2025-07-18 21:45:28 - app.parsers.lift_parser - DEBUG - Found 0 pronunciation elements
2025-07-18 21:45:28 - app.parsers.lift_parser - DEBUG - No pronunciations found
2025-07-18 21:45:28 - app.parsers.lift_parser - DEBUG - Found 0 pronunciation elements
2025-07-18 21:45:28 - app.parsers.lift_parser - DEBUG - No pronunciations found
2025-07-18 21:45:28 - app.parsers.lift_parser - DEBUG - Found 0 pronunciation elements
2025-07-18 21:45:28 - app.parsers.lift_parser - DEBUG - No pronunciations found
2025-07-18 21:45:28 - app.parsers.lift_parser - DEBUG - Found 0 pronunciation elements
2025-07-18 21:45:28 - app.parsers.lift_parser - DEBUG - No pronunciations found
2025-07-18 21:45:28 - app.parsers.lift_parser - DEBUG - Found 0 pronunciation elements
2025-07-18 21:45:28 - app.parsers.lift_parser - DEBUG - No pronunciations found
2025-07-18 21:45:28 - app.parsers.lift_parser - DEBUG - Found 0 pronunciation elements
2025-07-18 21:45:28 - app.parsers.lift_parser - DEBUG - No pronunciations found
2025-07-18 21:45:28 - app.parsers.lift_parser - DEBUG - Found 0 pronunciation elements
2025-07-18 21:45:28 - app.parsers.lift_parser - DEBUG - No pronunciations found
2025-07-18 21:45:28 - app.parsers.lift_parser - DEBUG - Found 0 pronunciation elements
2025-07-18 21:45:28 - app.parsers.lift_parser - DEBUG - No pronunciations found
2025-07-18 21:45:28 - app.parsers.lift_parser - DEBUG - Found 0 pronunciation elements
2025-07-18 21:45:28 - app.parsers.lift_parser - DEBUG - No pronunciations found
2025-07-18 21:45:28 - app.parsers.lift_parser - DEBUG - Found 0 pronunciation elements
2025-07-18 21:45:28 - app.parsers.lift_parser - DEBUG - No pronunciations found
2025-07-18 21:45:28 - app.parsers.lift_parser - DEBUG - Found 0 pronunciation elements
2025-07-18 21:45:28 - app.parsers.lift_parser - DEBUG - No pronunciations found
2025-07-18 21:45:28 - app.parsers.lift_parser - DEBUG - Found 0 pronunciation elements
2025-07-18 21:45:28 - app.parsers.lift_parser - DEBUG - No pronunciations found
2025-07-18 21:45:28 - app.parsers.lift_parser - DEBUG - Found 0 pronunciation elements
2025-07-18 21:45:28 - app.parsers.lift_parser - DEBUG - No pronunciations found
2025-07-18 21:45:28 - app.parsers.lift_parser - DEBUG - Found 0 pronunciation elements
2025-07-18 21:45:28 - app.parsers.lift_parser - DEBUG - No pronunciations found
2025-07-18 21:45:28 - app.parsers.lift_parser - DEBUG - Found 0 pronunciation elements
2025-07-18 21:45:28 - app.parsers.lift_parser - DEBUG - No pronunciations found
2025-07-18 21:45:28 - app.parsers.lift_parser - DEBUG - Found 0 pronunciation elements
2025-07-18 21:45:28 - app.parsers.lift_parser - DEBUG - No pronunciations found
2025-07-18 21:45:28 - app.parsers.lift_parser - DEBUG - Found 0 pronunciation elements
2025-07-18 21:45:28 - app.parsers.lift_parser - DEBUG - No pronunciations found
2025-07-18 21:45:28 - app.parsers.lift_parser - DEBUG - Found 0 pronunciation elements
2025-07-18 21:45:28 - app.parsers.lift_parser - DEBUG - No pronunciations found
2025-07-18 21:45:28 - app.parsers.lift_parser - DEBUG - Found 0 pronunciation elements
2025-07-18 21:45:28 - app.parsers.lift_parser - DEBUG - No pronunciations found
2025-07-18 21:45:28 - app.parsers.lift_parser - DEBUG - Found 0 pronunciation elements
2025-07-18 21:45:28 - app.parsers.lift_parser - DEBUG - No pronunciations found
2025-07-18 21:45:28 - app.parsers.lift_parser - DEBUG - Found 0 pronunciation elements
2025-07-18 21:45:28 - app.parsers.lift_parser - DEBUG - No pronunciations found
2025-07-18 21:45:28 - app.parsers.lift_parser - DEBUG - Found 0 pronunciation elements
2025-07-18 21:45:28 - app.parsers.lift_parser - DEBUG - No pronunciations found
2025-07-18 21:45:28 - app.parsers.lift_parser - DEBUG - Found 0 pronunciation elements
2025-07-18 21:45:28 - app.parsers.lift_parser - DEBUG - No pronunciations found
2025-07-18 21:45:28 - app.parsers.lift_parser - DEBUG - Found 0 pronunciation elements
2025-07-18 21:45:28 - app.parsers.lift_parser - DEBUG - No pronunciations found
2025-07-18 21:45:28 - app.parsers.lift_parser - DEBUG - Found 0 pronunciation elements
2025-07-18 21:45:28 - app.parsers.lift_parser - DEBUG - No pronunciations found
2025-07-18 21:45:28 - app.parsers.lift_parser - DEBUG - Found 0 pronunciation elements
2025-07-18 21:45:28 - app.parsers.lift_parser - DEBUG - No pronunciations found
2025-07-18 21:45:28 - app.parsers.lift_parser - DEBUG - Found 0 pronunciation elements
2025-07-18 21:45:28 - app.parsers.lift_parser - DEBUG - No pronunciations found
2025-07-18 21:45:28 - app.parsers.lift_parser - DEBUG - Found 0 pronunciation elements
2025-07-18 21:45:28 - app.parsers.lift_parser - DEBUG - No pronunciations found
2025-07-18 21:45:28 - app.parsers.lift_parser - DEBUG - Found 0 pronunciation elements
2025-07-18 21:45:28 - app.parsers.lift_parser - DEBUG - No pronunciations found
2025-07-18 21:45:28 - app.parsers.lift_parser - DEBUG - Found 0 pronunciation elements
2025-07-18 21:45:28 - app.parsers.lift_parser - DEBUG - No pronunciations found
2025-07-18 21:45:28 - app.parsers.lift_parser - DEBUG - Found 0 pronunciation elements
2025-07-18 21:45:28 - app.parsers.lift_parser - DEBUG - No pronunciations found
2025-07-18 21:45:28 - app.parsers.lift_parser - DEBUG - Found 0 pronunciation elements
2025-07-18 21:45:28 - app.parsers.lift_parser - DEBUG - No pronunciations found
2025-07-18 21:45:28 - app.parsers.lift_parser - DEBUG - Found 0 pronunciation elements
2025-07-18 21:45:28 - app.parsers.lift_parser - DEBUG - No pronunciations found
2025-07-18 21:45:28 - app.parsers.lift_parser - DEBUG - Found 0 pronunciation elements
2025-07-18 21:45:28 - app.parsers.lift_parser - DEBUG - No pronunciations found
2025-07-18 21:45:28 - app.parsers.lift_parser - DEBUG - Found 0 pronunciation elements
2025-07-18 21:45:28 - app.parsers.lift_parser - DEBUG - No pronunciations found
2025-07-18 21:45:28 - app.parsers.lift_parser - DEBUG - Found 0 pronunciation elements
2025-07-18 21:45:28 - app.parsers.lift_parser - DEBUG - No pronunciations found
2025-07-18 21:45:28 - app.parsers.lift_parser - DEBUG - Found 0 pronunciation elements
2025-07-18 21:45:28 - app.parsers.lift_parser - DEBUG - No pronunciations found
2025-07-18 21:45:28 - app.parsers.lift_parser - DEBUG - Found 0 pronunciation elements
2025-07-18 21:45:28 - app.parsers.lift_parser - DEBUG - No pronunciations found
2025-07-18 21:45:28 - app.parsers.lift_parser - DEBUG - Found 0 pronunciation elements
2025-07-18 21:45:28 - app.parsers.lift_parser - DEBUG - No pronunciations found
2025-07-18 21:45:28 - app.parsers.lift_parser - DEBUG - Found 0 pronunciation elements
2025-07-18 21:45:28 - app.parsers.lift_parser - DEBUG - No pronunciations found
2025-07-18 21:45:28 - app.parsers.lift_parser - DEBUG - Found 0 pronunciation elements
2025-07-18 21:45:28 - app.parsers.lift_parser - DEBUG - No pronunciations found
2025-07-18 21:45:28 - app.parsers.lift_parser - DEBUG - Found 0 pronunciation elements
2025-07-18 21:45:28 - app.parsers.lift_parser - DEBUG - No pronunciations found
2025-07-18 21:45:28 - app.parsers.lift_parser - DEBUG - Found 0 pronunciation elements
2025-07-18 21:45:28 - app.parsers.lift_parser - DEBUG - No pronunciations found
2025-07-18 21:45:28 - app.parsers.lift_parser - DEBUG - Found 0 pronunciation elements
2025-07-18 21:45:28 - app.parsers.lift_parser - DEBUG - No pronunciations found
2025-07-18 21:45:28 - app.parsers.lift_parser - DEBUG - Found 0 pronunciation elements
2025-07-18 21:45:28 - app.parsers.lift_parser - DEBUG - No pronunciations found
2025-07-18 21:45:28 - app.parsers.lift_parser - DEBUG - Found 0 pronunciation elements
2025-07-18 21:45:28 - app.parsers.lift_parser - DEBUG - No pronunciations found
2025-07-18 21:45:28 - app.parsers.lift_parser - DEBUG - Found 0 pronunciation elements
2025-07-18 21:45:28 - app.parsers.lift_parser - DEBUG - No pronunciations found
2025-07-18 21:45:28 - app.parsers.lift_parser - DEBUG - Found 0 pronunciation elements
2025-07-18 21:45:28 - app.parsers.lift_parser - DEBUG - No pronunciations found
2025-07-18 21:45:28 - app.parsers.lift_parser - DEBUG - Found 0 pronunciation elements
2025-07-18 21:45:28 - app.parsers.lift_parser - DEBUG - No pronunciations found
2025-07-18 21:45:28 - app.parsers.lift_parser - DEBUG - Found 0 pronunciation elements
2025-07-18 21:45:28 - app.parsers.lift_parser - DEBUG - No pronunciations found
2025-07-18 21:45:28 - app.parsers.lift_parser - DEBUG - Found 0 pronunciation elements
2025-07-18 21:45:28 - app.parsers.lift_parser - DEBUG - No pronunciations found
2025-07-18 21:45:28 - app.parsers.lift_parser - DEBUG - Found 0 pronunciation elements
2025-07-18 21:45:28 - app.parsers.lift_parser - DEBUG - No pronunciations found
2025-07-18 21:45:28 - app.parsers.lift_parser - DEBUG - Found 0 pronunciation elements
2025-07-18 21:45:28 - app.parsers.lift_parser - DEBUG - No pronunciations found
2025-07-18 21:45:28 - app.parsers.lift_parser - DEBUG - Found 0 pronunciation elements
2025-07-18 21:45:28 - app.parsers.lift_parser - DEBUG - No pronunciations found
2025-07-18 21:45:28 - app.parsers.lift_parser - DEBUG - Found 0 pronunciation elements
2025-07-18 21:45:28 - app.parsers.lift_parser - DEBUG - No pronunciations found
2025-07-18 21:45:28 - app.parsers.lift_parser - DEBUG - Found 0 pronunciation elements
2025-07-18 21:45:28 - app.parsers.lift_parser - DEBUG - No pronunciations found
2025-07-18 21:45:28 - app.parsers.lift_parser - DEBUG - Found 0 pronunciation elements
2025-07-18 21:45:28 - app.parsers.lift_parser - DEBUG - No pronunciations found
2025-07-18 21:45:28 - app.parsers.lift_parser - DEBUG - Found 0 pronunciation elements
2025-07-18 21:45:28 - app.parsers.lift_parser - DEBUG - No pronunciations found
2025-07-18 21:45:28 - app.parsers.lift_parser - DEBUG - Found 0 pronunciation elements
2025-07-18 21:45:28 - app.parsers.lift_parser - DEBUG - No pronunciations found
2025-07-18 21:45:28 - app.parsers.lift_parser - DEBUG - Found 0 pronunciation elements
2025-07-18 21:45:28 - app.parsers.lift_parser - DEBUG - No pronunciations found
2025-07-18 21:45:28 - app.parsers.lift_parser - DEBUG - Found 0 pronunciation elements
2025-07-18 21:45:28 - app.parsers.lift_parser - DEBUG - No pronunciations found
2025-07-18 21:45:28 - app.parsers.lift_parser - DEBUG - Found 0 pronunciation elements
2025-07-18 21:45:28 - app.parsers.lift_parser - DEBUG - No pronunciations found
2025-07-18 21:45:28 - app.parsers.lift_parser - DEBUG - Found 0 pronunciation elements
2025-07-18 21:45:28 - app.parsers.lift_parser - DEBUG - No pronunciations found
2025-07-18 21:45:28 - app.parsers.lift_parser - DEBUG - Found 0 pronunciation elements
2025-07-18 21:45:28 - app.parsers.lift_parser - DEBUG - No pronunciations found
2025-07-18 21:45:28 - app.parsers.lift_parser - DEBUG - Found 0 pronunciation elements
2025-07-18 21:45:28 - app.parsers.lift_parser - DEBUG - No pronunciations found
2025-07-18 21:45:28 - app.parsers.lift_parser - DEBUG - Found 0 pronunciation elements
2025-07-18 21:45:28 - app.parsers.lift_parser - DEBUG - No pronunciations found
2025-07-18 21:45:28 - app.parsers.lift_parser - DEBUG - Found 0 pronunciation elements
2025-07-18 21:45:28 - app.parsers.lift_parser - DEBUG - No pronunciations found
2025-07-18 21:45:28 - app.parsers.lift_parser - DEBUG - Found 0 pronunciation elements
2025-07-18 21:45:28 - app.parsers.lift_parser - DEBUG - No pronunciations found
2025-07-18 21:45:28 - app.parsers.lift_parser - DEBUG - Found 0 pronunciation elements
2025-07-18 21:45:28 - app.parsers.lift_parser - DEBUG - No pronunciations found
2025-07-18 21:45:28 - app.parsers.lift_parser - DEBUG - Found 0 pronunciation elements
2025-07-18 21:45:28 - app.parsers.lift_parser - DEBUG - No pronunciations found
2025-07-18 21:45:28 - app.parsers.lift_parser - DEBUG - Found 0 pronunciation elements
2025-07-18 21:45:28 - app.parsers.lift_parser - DEBUG - No pronunciations found
2025-07-18 21:45:28 - app.parsers.lift_parser - DEBUG - Found 0 pronunciation elements
2025-07-18 21:45:28 - app.parsers.lift_parser - DEBUG - No pronunciations found
2025-07-18 21:45:28 - app.parsers.lift_parser - DEBUG - Found 0 pronunciation elements
2025-07-18 21:45:28 - app.parsers.lift_parser - DEBUG - No pronunciations found
2025-07-18 21:45:28 - app.parsers.lift_parser - DEBUG - Found 0 pronunciation elements
2025-07-18 21:45:28 - app.parsers.lift_parser - DEBUG - No pronunciations found
2025-07-18 21:45:28 - app.parsers.lift_parser - DEBUG - Found 0 pronunciation elements
2025-07-18 21:45:28 - app.parsers.lift_parser - DEBUG - No pronunciations found
2025-07-18 21:45:28 - app.parsers.lift_parser - DEBUG - Found 0 pronunciation elements
2025-07-18 21:45:28 - app.parsers.lift_parser - DEBUG - No pronunciations found
2025-07-18 21:45:28 - app.parsers.lift_parser - DEBUG - Found 0 pronunciation elements
2025-07-18 21:45:28 - app.parsers.lift_parser - DEBUG - No pronunciations found
2025-07-18 21:45:28 - app.parsers.lift_parser - DEBUG - Found 0 pronunciation elements
2025-07-18 21:45:28 - app.parsers.lift_parser - DEBUG - No pronunciations found
2025-07-18 21:45:28 - app.parsers.lift_parser - DEBUG - Found 0 pronunciation elements
2025-07-18 21:45:28 - app.parsers.lift_parser - DEBUG - No pronunciations found
2025-07-18 21:45:28 - app.parsers.lift_parser - DEBUG - Found 0 pronunciation elements
2025-07-18 21:45:28 - app.parsers.lift_parser - DEBUG - No pronunciations found
2025-07-18 21:45:28 - app.parsers.lift_parser - DEBUG - Found 0 pronunciation elements
2025-07-18 21:45:28 - app.parsers.lift_parser - DEBUG - No pronunciations found
2025-07-18 21:45:28 - app.parsers.lift_parser - DEBUG - Found 0 pronunciation elements
2025-07-18 21:45:28 - app.parsers.lift_parser - DEBUG - No pronunciations found
2025-07-18 21:45:28 - app.parsers.lift_parser - DEBUG - Found 0 pronunciation elements
2025-07-18 21:45:28 - app.parsers.lift_parser - DEBUG - No pronunciations found
2025-07-18 21:45:28 - app.parsers.lift_parser - DEBUG - Found 0 pronunciation elements
2025-07-18 21:45:28 - app.parsers.lift_parser - DEBUG - No pronunciations found
2025-07-18 21:45:28 - app.parsers.lift_parser - DEBUG - Found 0 pronunciation elements
2025-07-18 21:45:28 - app.parsers.lift_parser - DEBUG - No pronunciations found
2025-07-18 21:45:28 - app.parsers.lift_parser - DEBUG - Found 0 pronunciation elements
2025-07-18 21:45:28 - app.parsers.lift_parser - DEBUG - No pronunciations found
2025-07-18 21:45:28 - app.parsers.lift_parser - DEBUG - Found 0 pronunciation elements
2025-07-18 21:45:28 - app.parsers.lift_parser - DEBUG - No pronunciations found
2025-07-18 21:45:28 - app.parsers.lift_parser - DEBUG - Found 0 pronunciation elements
2025-07-18 21:45:28 - app.parsers.lift_parser - DEBUG - No pronunciations found
2025-07-18 21:45:28 - app.parsers.lift_parser - DEBUG - Found 0 pronunciation elements
2025-07-18 21:45:28 - app.parsers.lift_parser - DEBUG - No pronunciations found
2025-07-18 21:45:28 - app.parsers.lift_parser - DEBUG - Found 0 pronunciation elements
2025-07-18 21:45:28 - app.parsers.lift_parser - DEBUG - No pronunciations found
2025-07-18 21:45:28 - app.parsers.lift_parser - DEBUG - Found 0 pronunciation elements
2025-07-18 21:45:28 - app.parsers.lift_parser - DEBUG - No pronunciations found
2025-07-18 21:45:28 - app.parsers.lift_parser - DEBUG - Found 0 pronunciation elements
2025-07-18 21:45:28 - app.parsers.lift_parser - DEBUG - No pronunciations found
2025-07-18 21:45:28 - app.parsers.lift_parser - DEBUG - Found 0 pronunciation elements
2025-07-18 21:45:28 - app.parsers.lift_parser - DEBUG - No pronunciations found
2025-07-18 21:45:28 - app.parsers.lift_parser - DEBUG - Found 0 pronunciation elements
2025-07-18 21:45:28 - app.parsers.lift_parser - DEBUG - No pronunciations found
2025-07-18 21:45:28 - app.parsers.lift_parser - DEBUG - Found 0 pronunciation elements
2025-07-18 21:45:28 - app.parsers.lift_parser - DEBUG - No pronunciations found
2025-07-18 21:45:28 - app.parsers.lift_parser - DEBUG - Found 0 pronunciation elements
2025-07-18 21:45:28 - app.parsers.lift_parser - DEBUG - No pronunciations found
2025-07-18 21:45:28 - app.parsers.lift_parser - DEBUG - Found 0 pronunciation elements
2025-07-18 21:45:28 - app.parsers.lift_parser - DEBUG - No pronunciations found
2025-07-18 21:45:28 - app.parsers.lift_parser - DEBUG - Found 0 pronunciation elements
2025-07-18 21:45:28 - app.parsers.lift_parser - DEBUG - No pronunciations found
2025-07-18 21:45:28 - app.parsers.lift_parser - DEBUG - Found 0 pronunciation elements
2025-07-18 21:45:28 - app.parsers.lift_parser - DEBUG - No pronunciations found
2025-07-18 21:45:28 - app.parsers.lift_parser - DEBUG - Found 0 pronunciation elements
2025-07-18 21:45:28 - app.parsers.lift_parser - DEBUG - No pronunciations found
2025-07-18 21:45:28 - app.parsers.lift_parser - DEBUG - Found 0 pronunciation elements
2025-07-18 21:45:28 - app.parsers.lift_parser - DEBUG - No pronunciations found
2025-07-18 21:45:28 - app.parsers.lift_parser - DEBUG - Found 0 pronunciation elements
2025-07-18 21:45:28 - app.parsers.lift_parser - DEBUG - No pronunciations found
2025-07-18 21:45:28 - app.parsers.lift_parser - DEBUG - Found 0 pronunciation elements
2025-07-18 21:45:28 - app.parsers.lift_parser - DEBUG - No pronunciations found
2025-07-18 21:45:28 - app.parsers.lift_parser - DEBUG - Found 0 pronunciation elements
2025-07-18 21:45:28 - app.parsers.lift_parser - DEBUG - No pronunciations found
2025-07-18 21:45:28 - app.parsers.lift_parser - DEBUG - Found 0 pronunciation elements
2025-07-18 21:45:28 - app.parsers.lift_parser - DEBUG - No pronunciations found
2025-07-18 21:45:28 - app.parsers.lift_parser - DEBUG - Found 0 pronunciation elements
2025-07-18 21:45:28 - app.parsers.lift_parser - DEBUG - No pronunciations found
2025-07-18 21:45:28 - app.parsers.lift_parser - DEBUG - Found 0 pronunciation elements
2025-07-18 21:45:28 - app.parsers.lift_parser - DEBUG - No pronunciations found
2025-07-18 21:45:28 - app.parsers.lift_parser - DEBUG - Found 0 pronunciation elements
2025-07-18 21:45:28 - app.parsers.lift_parser - DEBUG - No pronunciations found
2025-07-18 21:45:28 - app.parsers.lift_parser - DEBUG - Found 0 pronunciation elements
2025-07-18 21:45:28 - app.parsers.lift_parser - DEBUG - No pronunciations found
2025-07-18 21:45:28 - app.parsers.lift_parser - DEBUG - Found 0 pronunciation elements
2025-07-18 21:45:28 - app.parsers.lift_parser - DEBUG - No pronunciations found
2025-07-18 21:45:28 - app.parsers.lift_parser - DEBUG - Found 0 pronunciation elements
2025-07-18 21:45:28 - app.parsers.lift_parser - DEBUG - No pronunciations found
2025-07-18 21:45:28 - app.parsers.lift_parser - DEBUG - Found 0 pronunciation elements
2025-07-18 21:45:28 - app.parsers.lift_parser - DEBUG - No pronunciations found
2025-07-18 21:45:28 - app.parsers.lift_parser - DEBUG - Found 0 pronunciation elements
2025-07-18 21:45:28 - app.parsers.lift_parser - DEBUG - No pronunciations found
2025-07-18 21:45:28 - app.parsers.lift_parser - DEBUG - Found 0 pronunciation elements
2025-07-18 21:45:28 - app.parsers.lift_parser - DEBUG - No pronunciations found
2025-07-18 21:45:28 - app.parsers.lift_parser - DEBUG - Found 0 pronunciation elements
2025-07-18 21:45:28 - app.parsers.lift_parser - DEBUG - No pronunciations found
2025-07-18 21:45:28 - app.parsers.lift_parser - DEBUG - Found 0 pronunciation elements
2025-07-18 21:45:28 - app.parsers.lift_parser - DEBUG - No pronunciations found
2025-07-18 21:45:28 - app.parsers.lift_parser - DEBUG - Found 0 pronunciation elements
2025-07-18 21:45:28 - app.parsers.lift_parser - DEBUG - No pronunciations found
2025-07-18 21:45:28 - app.parsers.lift_parser - DEBUG - Found 0 pronunciation elements
2025-07-18 21:45:28 - app.parsers.lift_parser - DEBUG - No pronunciations found
2025-07-18 21:45:28 - app.parsers.lift_parser - DEBUG - Found 0 pronunciation elements
2025-07-18 21:45:28 - app.parsers.lift_parser - DEBUG - No pronunciations found
2025-07-18 21:45:28 - app.parsers.lift_parser - DEBUG - Found 0 pronunciation elements
2025-07-18 21:45:28 - app.parsers.lift_parser - DEBUG - No pronunciations found
2025-07-18 21:45:28 - app.parsers.lift_parser - DEBUG - Found 0 pronunciation elements
2025-07-18 21:45:28 - app.parsers.lift_parser - DEBUG - No pronunciations found
2025-07-18 21:45:28 - app.parsers.lift_parser - DEBUG - Found 0 pronunciation elements
2025-07-18 21:45:28 - app.parsers.lift_parser - DEBUG - No pronunciations found
2025-07-18 21:45:28 - app.parsers.lift_parser - DEBUG - Found 0 pronunciation elements
2025-07-18 21:45:28 - app.parsers.lift_parser - DEBUG - No pronunciations found
2025-07-18 21:45:28 - app.parsers.lift_parser - DEBUG - Found 0 pronunciation elements
2025-07-18 21:45:28 - app.parsers.lift_parser - DEBUG - No pronunciations found
2025-07-18 21:45:28 - app.parsers.lift_parser - DEBUG - Found 0 pronunciation elements
2025-07-18 21:45:28 - app.parsers.lift_parser - DEBUG - No pronunciations found
2025-07-18 21:45:28 - app.parsers.lift_parser - DEBUG - Found 0 pronunciation elements
2025-07-18 21:45:28 - app.parsers.lift_parser - DEBUG - No pronunciations found
2025-07-18 21:45:28 - app.parsers.lift_parser - DEBUG - Found 0 pronunciation elements
2025-07-18 21:45:28 - app.parsers.lift_parser - DEBUG - No pronunciations found
2025-07-18 21:45:28 - app.parsers.lift_parser - DEBUG - Found 0 pronunciation elements
2025-07-18 21:45:28 - app.parsers.lift_parser - DEBUG - No pronunciations found
2025-07-18 21:45:28 - app.parsers.lift_parser - DEBUG - Found 0 pronunciation elements
2025-07-18 21:45:28 - app.parsers.lift_parser - DEBUG - No pronunciations found
2025-07-18 21:45:28 - app.parsers.lift_parser - DEBUG - Found 1 pronunciation elements
2025-07-18 21:45:28 - app.parsers.lift_parser - DEBUG - Extracted pronunciation: seh-fonipa = 'test tu\u02d0b'
2025-07-18 21:45:28 - app.parsers.lift_parser - DEBUG - Final pronunciations: {'seh-fonipa': 'test tu\u02d0b'}
2025-07-18 21:45:28 - app.parsers.lift_parser - DEBUG - Found 0 pronunciation elements
2025-07-18 21:45:28 - app.parsers.lift_parser - DEBUG - No pronunciations found
2025-07-18 21:45:28 - app.parsers.lift_parser - DEBUG - Found 1 pronunciation elements
2025-07-18 21:45:28 - app.parsers.lift_parser - DEBUG - Extracted pronunciation: seh-fonipa = 'test dra\u026av'
2025-07-18 21:45:28 - app.parsers.lift_parser - DEBUG - Final pronunciations: {'seh-fonipa': 'test dra\u026av'}
2025-07-18 21:45:28 - app.parsers.lift_parser - DEBUG - Found 0 pronunciation elements
2025-07-18 21:45:28 - app.parsers.lift_parser - DEBUG - No pronunciations found
2025-07-18 21:45:28 - app.parsers.lift_parser - DEBUG - Found 0 pronunciation elements
2025-07-18 21:45:28 - app.parsers.lift_parser - DEBUG - No pronunciations found
2025-07-18 21:45:28 - app.parsers.lift_parser - DEBUG - Found 0 pronunciation elements
2025-07-18 21:45:28 - app.parsers.lift_parser - DEBUG - No pronunciations found
2025-07-18 21:45:28 - app.parsers.lift_parser - DEBUG - Found 0 pronunciation elements
2025-07-18 21:45:28 - app.parsers.lift_parser - DEBUG - No pronunciations found
2025-07-18 21:45:28 - app.parsers.lift_parser - DEBUG - Found 0 pronunciation elements
2025-07-18 21:45:28 - app.parsers.lift_parser - DEBUG - No pronunciations found
2025-07-18 21:45:28 - app.parsers.lift_parser - DEBUG - Found 0 pronunciation elements
2025-07-18 21:45:28 - app.parsers.lift_parser - DEBUG - No pronunciations found
2025-07-18 21:45:28 - app.parsers.lift_parser - DEBUG - Found 1 pronunciation elements
2025-07-18 21:45:28 - app.parsers.lift_parser - DEBUG - Extracted pronunciation: seh-fonipa = '\u02c8testflu\u02d0'
2025-07-18 21:45:28 - app.parsers.lift_parser - DEBUG - Final pronunciations: {'seh-fonipa': '\u02c8testflu\u02d0'}
2025-07-18 21:45:28 - app.parsers.lift_parser - DEBUG - Found 1 pronunciation elements
2025-07-18 21:45:28 - app.parsers.lift_parser - DEBUG - Extracted pronunciation: seh-fonipa = '\u02c8testfl\u0259\u028an'
2025-07-18 21:45:28 - app.parsers.lift_parser - DEBUG - Final pronunciations: {'seh-fonipa': '\u02c8testfl\u0259\u028an'}
2025-07-18 21:45:28 - app.parsers.lift_parser - DEBUG - Found 1 pronunciation elements
2025-07-18 21:45:28 - app.parsers.lift_parser - DEBUG - Extracted pronunciation: seh-fonipa = '\u02c8testfla\u026a'
2025-07-18 21:45:28 - app.parsers.lift_parser - DEBUG - Final pronunciations: {'seh-fonipa': '\u02c8testfla\u026a'}
2025-07-18 21:45:28 - app.parsers.lift_parser - DEBUG - Found 1 pronunciation elements
2025-07-18 21:45:28 - app.parsers.lift_parser - DEBUG - Extracted pronunciation: seh-fonipa = 'test \u02c8skri\u02d0n\u026a\u014b'
2025-07-18 21:45:28 - app.parsers.lift_parser - DEBUG - Final pronunciations: {'seh-fonipa': 'test \u02c8skri\u02d0n\u026a\u014b'}
2025-07-18 21:45:28 - app.parsers.lift_parser - DEBUG - Found 0 pronunciation elements
2025-07-18 21:45:28 - app.parsers.lift_parser - DEBUG - No pronunciations found
2025-07-18 21:45:28 - app.parsers.lift_parser - DEBUG - Found 0 pronunciation elements
2025-07-18 21:45:28 - app.parsers.lift_parser - DEBUG - No pronunciations found
2025-07-18 21:45:28 - app.parsers.lift_parser - DEBUG - Found 0 pronunciation elements
2025-07-18 21:45:28 - app.parsers.lift_parser - DEBUG - No pronunciations found
2025-07-18 21:45:28 - app.parsers.lift_parser - DEBUG - Found 1 pronunciation elements
2025-07-18 21:45:28 - app.parsers.lift_parser - DEBUG - Extracted pronunciation: seh-fonipa = 'test tju\u02d0b \u02c8be\u026ab\u026a'
2025-07-18 21:45:28 - app.parsers.lift_parser - DEBUG - Final pronunciations: {'seh-fonipa': 'test tju\u02d0b \u02c8be\u026ab\u026a'}
2025-07-18 21:45:28 - app.parsers.lift_parser - DEBUG - Found 0 pronunciation elements
2025-07-18 21:45:28 - app.parsers.lift_parser - DEBUG - No pronunciations found
2025-07-18 21:45:28 - app.parsers.lift_parser - DEBUG - Found 0 pronunciation elements
2025-07-18 21:45:28 - app.parsers.lift_parser - DEBUG - No pronunciations found
2025-07-18 21:45:28 - app.parsers.lift_parser - DEBUG - Found 0 pronunciation elements
2025-07-18 21:45:28 - app.parsers.lift_parser - DEBUG - No pronunciations found
2025-07-18 21:45:28 - app.parsers.lift_parser - DEBUG - Found 0 pronunciation elements
2025-07-18 21:45:28 - app.parsers.lift_parser - DEBUG - No pronunciations found
2025-07-18 21:45:28 - app.parsers.lift_parser - DEBUG - Found 0 pronunciation elements
2025-07-18 21:45:28 - app.parsers.lift_parser - DEBUG - No pronunciations found
2025-07-18 21:45:28 - app.parsers.lift_parser - DEBUG - Found 0 pronunciation elements
2025-07-18 21:45:28 - app.parsers.lift_parser - DEBUG - No pronunciations found
2025-07-18 21:45:28 - app.parsers.lift_parser - DEBUG - Found 0 pronunciation elements
2025-07-18 21:45:28 - app.parsers.lift_parser - DEBUG - No pronunciations found
2025-07-18 21:45:28 - app.parsers.lift_parser - DEBUG - Found 0 pronunciation elements
2025-07-18 21:45:28 - app.parsers.lift_parser - DEBUG - No pronunciations found
2025-07-18 21:45:28 - app.parsers.lift_parser - DEBUG - Found 0 pronunciation elements
2025-07-18 21:45:28 - app.parsers.lift_parser - DEBUG - No pronunciations found
2025-07-18 21:45:28 - app.parsers.lift_parser - DEBUG - Found 0 pronunciation elements
2025-07-18 21:45:28 - app.parsers.lift_parser - DEBUG - No pronunciations found
2025-07-18 21:45:28 - app.parsers.lift_parser - DEBUG - Found 0 pronunciation elements
2025-07-18 21:45:28 - app.parsers.lift_parser - DEBUG - No pronunciations found
2025-07-18 21:45:28 - app.parsers.lift_parser - DEBUG - Found 0 pronunciation elements
2025-07-18 21:45:28 - app.parsers.lift_parser - DEBUG - No pronunciations found
2025-07-18 21:45:28 - app.parsers.lift_parser - DEBUG - Found 0 pronunciation elements
2025-07-18 21:45:28 - app.parsers.lift_parser - DEBUG - No pronunciations found
2025-07-18 21:45:28 - app.parsers.lift_parser - DEBUG - Found 0 pronunciation elements
2025-07-18 21:45:28 - app.parsers.lift_parser - DEBUG - No pronunciations found
2025-07-18 21:45:28 - app.parsers.lift_parser - DEBUG - Found 0 pronunciation elements
2025-07-18 21:45:28 - app.parsers.lift_parser - DEBUG - No pronunciations found
2025-07-18 21:45:28 - app.parsers.lift_parser - DEBUG - Found 0 pronunciation elements
2025-07-18 21:45:28 - app.parsers.lift_parser - DEBUG - No pronunciations found
2025-07-18 21:45:28 - app.parsers.lift_parser - DEBUG - Found 0 pronunciation elements
2025-07-18 21:45:28 - app.parsers.lift_parser - DEBUG - No pronunciations found
2025-07-18 21:45:28 - app.parsers.lift_parser - DEBUG - Found 1 pronunciation elements
2025-07-18 21:45:28 - app.parsers.lift_parser - DEBUG - Extracted pronunciation: seh-fonipa = '\u02c8test\u0259'
2025-07-18 21:45:28 - app.parsers.lift_parser - DEBUG - Final pronunciations: {'seh-fonipa': '\u02c8test\u0259'}
2025-07-18 21:45:28 - app.parsers.lift_parser - DEBUG - Found 1 pronunciation elements
2025-07-18 21:45:28 - app.parsers.lift_parser - DEBUG - Extracted pronunciation: seh-fonipa = 'te\u02c8ste\u026a\u0283\u0259n'
2025-07-18 21:45:28 - app.parsers.lift_parser - DEBUG - Final pronunciations: {'seh-fonipa': 'te\u02c8ste\u026a\u0283\u0259n'}
2025-07-18 21:45:28 - app.parsers.lift_parser - DEBUG - Found 1 pronunciation elements
2025-07-18 21:45:28 - app.parsers.lift_parser - DEBUG - Extracted pronunciation: seh-fonipa = 'te\u02c8ste\u026a\u0283\u0259n'
2025-07-18 21:45:28 - app.parsers.lift_parser - DEBUG - Final pronunciations: {'seh-fonipa': 'te\u02c8ste\u026a\u0283\u0259n'}
2025-07-18 21:45:28 - app.parsers.lift_parser - DEBUG - Found 1 pronunciation elements
2025-07-18 21:45:28 - app.parsers.lift_parser - DEBUG - Extracted pronunciation: seh-fonipa = 'tes\u02c8te\u026a\u0283\u0259s'
2025-07-18 21:45:28 - app.parsers.lift_parser - DEBUG - Final pronunciations: {'seh-fonipa': 'tes\u02c8te\u026a\u0283\u0259s'}
2025-07-18 21:45:28 - app.parsers.lift_parser - DEBUG - Found 1 pronunciation elements
2025-07-18 21:45:28 - app.parsers.lift_parser - DEBUG - Extracted pronunciation: seh-fonipa = '\u02c8test\u0259s\u026a'
2025-07-18 21:45:28 - app.parsers.lift_parser - DEBUG - Final pronunciations: {'seh-fonipa': '\u02c8test\u0259s\u026a'}
2025-07-18 21:45:28 - app.parsers.lift_parser - DEBUG - Found 1 pronunciation elements
2025-07-18 21:45:28 - app.parsers.lift_parser - DEBUG - Extracted pronunciation: seh-fonipa = '\u02c8testi\u02d0'
2025-07-18 21:45:28 - app.parsers.lift_parser - DEBUG - Final pronunciations: {'seh-fonipa': '\u02c8testi\u02d0'}
2025-07-18 21:45:28 - app.parsers.lift_parser - DEBUG - Found 1 pronunciation elements
2025-07-18 21:45:28 - app.parsers.lift_parser - DEBUG - Extracted pronunciation: seh-fonipa = '\u02c8test\u0259m\u0259nt'
2025-07-18 21:45:28 - app.parsers.lift_parser - DEBUG - Final pronunciations: {'seh-fonipa': '\u02c8test\u0259m\u0259nt'}
2025-07-18 21:45:28 - app.parsers.lift_parser - DEBUG - Found 1 pronunciation elements
2025-07-18 21:45:28 - app.parsers.lift_parser - DEBUG - Extracted pronunciation: seh-fonipa = '\u02cctest\u0259\u02c8ment\u0259r\u026a'
2025-07-18 21:45:28 - app.parsers.lift_parser - DEBUG - Final pronunciations: {'seh-fonipa': '\u02cctest\u0259\u02c8ment\u0259r\u026a'}
2025-07-18 21:45:28 - app.parsers.lift_parser - DEBUG - Found 0 pronunciation elements
2025-07-18 21:45:28 - app.parsers.lift_parser - DEBUG - No pronunciations found
2025-07-18 21:45:28 - app.parsers.lift_parser - DEBUG - Found 1 pronunciation elements
2025-07-18 21:45:28 - app.parsers.lift_parser - DEBUG - Extracted pronunciation: seh-fonipa = '\u02c8test(e)\u026at'
2025-07-18 21:45:28 - app.parsers.lift_parser - DEBUG - Final pronunciations: {'seh-fonipa': '\u02c8test(e)\u026at'}
2025-07-18 21:45:28 - app.parsers.lift_parser - DEBUG - Found 1 pronunciation elements
2025-07-18 21:45:28 - app.parsers.lift_parser - DEBUG - Extracted pronunciation: seh-fonipa = '\u02c8test(e)\u026at'
2025-07-18 21:45:28 - app.parsers.lift_parser - DEBUG - Final pronunciations: {'seh-fonipa': '\u02c8test(e)\u026at'}
2025-07-18 21:45:28 - app.parsers.lift_parser - DEBUG - Found 1 pronunciation elements
2025-07-18 21:45:28 - app.parsers.lift_parser - DEBUG - Extracted pronunciation: seh-fonipa = 'te\u02c8ste\u026at\u0259'
2025-07-18 21:45:28 - app.parsers.lift_parser - DEBUG - Final pronunciations: {'seh-fonipa': 'te\u02c8ste\u026at\u0259'}
2025-07-18 21:45:28 - app.parsers.lift_parser - DEBUG - Found 1 pronunciation elements
2025-07-18 21:45:28 - app.parsers.lift_parser - DEBUG - Extracted pronunciation: seh-fonipa = 'te\u02c8ste\u026atr\u026asi\u02d0z, tes\u02c8te\u026atr\u026asi\u02d0z'
2025-07-18 21:45:28 - app.parsers.lift_parser - DEBUG - Final pronunciations: {'seh-fonipa': 'te\u02c8ste\u026atr\u026asi\u02d0z, tes\u02c8te\u026atr\u026asi\u02d0z'}
2025-07-18 21:45:28 - app.parsers.lift_parser - DEBUG - Found 1 pronunciation elements
2025-07-18 21:45:28 - app.parsers.lift_parser - DEBUG - Extracted pronunciation: seh-fonipa = 'te\u02c8ste\u026atr\u026aks'
2025-07-18 21:45:28 - app.parsers.lift_parser - DEBUG - Final pronunciations: {'seh-fonipa': 'te\u02c8ste\u026atr\u026aks'}
2025-07-18 21:45:28 - app.parsers.lift_parser - DEBUG - Found 1 pronunciation elements
2025-07-18 21:45:28 - app.parsers.lift_parser - DEBUG - Extracted pronunciation: seh-fonipa = '\u02c8testkr\u0252s'
2025-07-18 21:45:28 - app.parsers.lift_parser - DEBUG - Final pronunciations: {'seh-fonipa': '\u02c8testkr\u0252s'}
2025-07-18 21:45:28 - app.parsers.lift_parser - DEBUG - Found 1 pronunciation elements
2025-07-18 21:45:28 - app.parsers.lift_parser - DEBUG - Extracted pronunciation: seh-fonipa = '\u02c8testkr\u0252s'
2025-07-18 21:45:28 - app.parsers.lift_parser - DEBUG - Final pronunciations: {'seh-fonipa': '\u02c8testkr\u0252s'}
2025-07-18 21:45:28 - app.parsers.lift_parser - DEBUG - Found 1 pronunciation elements
2025-07-18 21:45:28 - app.parsers.lift_parser - DEBUG - Extracted pronunciation: seh-fonipa = '\u02c8testi\u02d0'
2025-07-18 21:45:28 - app.parsers.lift_parser - DEBUG - Final pronunciations: {'seh-fonipa': '\u02c8testi\u02d0'}
2025-07-18 21:45:28 - app.parsers.lift_parser - DEBUG - Found 1 pronunciation elements
2025-07-18 21:45:28 - app.parsers.lift_parser - DEBUG - Extracted pronunciation: seh-fonipa = '\u02c8test\u0259'
2025-07-18 21:45:28 - app.parsers.lift_parser - DEBUG - Final pronunciations: {'seh-fonipa': '\u02c8test\u0259'}
2025-07-18 21:45:28 - app.parsers.lift_parser - DEBUG - Found 1 pronunciation elements
2025-07-18 21:45:28 - app.parsers.lift_parser - DEBUG - Extracted pronunciation: seh-fonipa = '\u02c8testi\u02d0z'
2025-07-18 21:45:28 - app.parsers.lift_parser - DEBUG - Final pronunciations: {'seh-fonipa': '\u02c8testi\u02d0z'}
2025-07-18 21:45:28 - app.parsers.lift_parser - DEBUG - Found 1 pronunciation elements
2025-07-18 21:45:28 - app.parsers.lift_parser - DEBUG - Extracted pronunciation: seh-fonipa = '\u02c8test\u026ak(\u0259)l'
2025-07-18 21:45:28 - app.parsers.lift_parser - DEBUG - Final pronunciations: {'seh-fonipa': '\u02c8test\u026ak(\u0259)l'}
2025-07-18 21:45:28 - app.parsers.lift_parser - DEBUG - Found 1 pronunciation elements
2025-07-18 21:45:28 - app.parsers.lift_parser - DEBUG - Extracted pronunciation: seh-fonipa = 'te\u02c8st\u026akj\u028a\u02ccle\u026at'
2025-07-18 21:45:28 - app.parsers.lift_parser - DEBUG - Final pronunciations: {'seh-fonipa': 'te\u02c8st\u026akj\u028a\u02ccle\u026at'}
2025-07-18 21:45:28 - app.parsers.lift_parser - DEBUG - Found 1 pronunciation elements
2025-07-18 21:45:28 - app.parsers.lift_parser - DEBUG - Extracted pronunciation: seh-fonipa = '\u02c8test\u026afa\u026a'
2025-07-18 21:45:28 - app.parsers.lift_parser - DEBUG - Final pronunciations: {'seh-fonipa': '\u02c8test\u026afa\u026a'}
2025-07-18 21:45:28 - app.parsers.lift_parser - DEBUG - Found 0 pronunciation elements
2025-07-18 21:45:28 - app.parsers.lift_parser - DEBUG - No pronunciations found
2025-07-18 21:45:28 - app.parsers.lift_parser - DEBUG - Found 0 pronunciation elements
2025-07-18 21:45:28 - app.parsers.lift_parser - DEBUG - No pronunciations found
2025-07-18 21:45:28 - app.parsers.lift_parser - DEBUG - Found 1 pronunciation elements
2025-07-18 21:45:28 - app.parsers.lift_parser - DEBUG - Extracted pronunciation: seh-fonipa = '\u02c8test\u026al\u026a'
2025-07-18 21:45:28 - app.parsers.lift_parser - DEBUG - Final pronunciations: {'seh-fonipa': '\u02c8test\u026al\u026a'}
2025-07-18 21:45:28 - app.parsers.lift_parser - DEBUG - Found 1 pronunciation elements
2025-07-18 21:45:28 - app.parsers.lift_parser - DEBUG - Extracted pronunciation: seh-fonipa = '\u02cctest\u026a\u02c8m\u0259\u028an\u026ael'
2025-07-18 21:45:28 - app.parsers.lift_parser - DEBUG - Final pronunciations: {'seh-fonipa': '\u02cctest\u026a\u02c8m\u0259\u028an\u026ael'}
2025-07-18 21:45:28 - app.parsers.lift_parser - DEBUG - Found 1 pronunciation elements
2025-07-18 21:45:28 - app.parsers.lift_parser - DEBUG - Extracted pronunciation: seh-fonipa = '\u02cctest\u026a\u02c8m\u0259\u028an\u026ael'
2025-07-18 21:45:28 - app.parsers.lift_parser - DEBUG - Final pronunciations: {'seh-fonipa': '\u02cctest\u026a\u02c8m\u0259\u028an\u026ael'}
2025-07-18 21:45:28 - app.parsers.lift_parser - DEBUG - Found 0 pronunciation elements
2025-07-18 21:45:28 - app.parsers.lift_parser - DEBUG - No pronunciations found
2025-07-18 21:45:28 - app.parsers.lift_parser - DEBUG - Found 1 pronunciation elements
2025-07-18 21:45:28 - app.parsers.lift_parser - DEBUG - Extracted pronunciation: seh-fonipa = '\u02c8test\u026am\u0259n\u026a'
2025-07-18 21:45:28 - app.parsers.lift_parser - DEBUG - Final pronunciations: {'seh-fonipa': '\u02c8test\u026am\u0259n\u026a'}
2025-07-18 21:45:28 - app.parsers.lift_parser - DEBUG - Found 1 pronunciation elements
2025-07-18 21:45:28 - app.parsers.lift_parser - DEBUG - Extracted pronunciation: seh-fonipa = '\u02c8test\u026a\u014b'
2025-07-18 21:45:28 - app.parsers.lift_parser - DEBUG - Final pronunciations: {'seh-fonipa': '\u02c8test\u026a\u014b'}
2025-07-18 21:45:28 - app.parsers.lift_parser - DEBUG - Found 1 pronunciation elements
2025-07-18 21:45:28 - app.parsers.lift_parser - DEBUG - Extracted pronunciation: seh-fonipa = '\u02c8test\u026a\u014b'
2025-07-18 21:45:28 - app.parsers.lift_parser - DEBUG - Final pronunciations: {'seh-fonipa': '\u02c8test\u026a\u014b'}
2025-07-18 21:45:28 - app.parsers.lift_parser - DEBUG - Found 0 pronunciation elements
2025-07-18 21:45:28 - app.parsers.lift_parser - DEBUG - No pronunciations found
2025-07-18 21:45:28 - app.parsers.lift_parser - DEBUG - Found 1 pronunciation elements
2025-07-18 21:45:28 - app.parsers.lift_parser - DEBUG - Extracted pronunciation: seh-fonipa = '\u02c8test\u026as'
2025-07-18 21:45:28 - app.parsers.lift_parser - DEBUG - Final pronunciations: {'seh-fonipa': '\u02c8test\u026as'}
2025-07-18 21:45:28 - app.parsers.lift_parser - DEBUG - Found 1 pronunciation elements
2025-07-18 21:45:28 - app.parsers.lift_parser - DEBUG - Extracted pronunciation: seh-fonipa = '\u02c8test\u0259n'
2025-07-18 21:45:28 - app.parsers.lift_parser - DEBUG - Final pronunciations: {'seh-fonipa': '\u02c8test\u0259n'}
2025-07-18 21:45:28 - app.parsers.lift_parser - DEBUG - Found 1 pronunciation elements
2025-07-18 21:45:28 - app.parsers.lift_parser - DEBUG - Extracted pronunciation: seh-fonipa = 'te\u02c8st\u0252st\u0259r\u0259\u028an'
2025-07-18 21:45:28 - app.parsers.lift_parser - DEBUG - Final pronunciations: {'seh-fonipa': 'te\u02c8st\u0252st\u0259r\u0259\u028an'}
2025-07-18 21:45:28 - app.parsers.lift_parser - DEBUG - Found 1 pronunciation elements
2025-07-18 21:45:28 - app.parsers.lift_parser - DEBUG - Extracted pronunciation: seh-fonipa = '\u02c8testju\u02d0\u02ccd\u026an\u0259l'
2025-07-18 21:45:28 - app.parsers.lift_parser - DEBUG - Final pronunciations: {'seh-fonipa': '\u02c8testju\u02d0\u02ccd\u026an\u0259l'}
2025-07-18 21:45:28 - app.parsers.lift_parser - DEBUG - Found 0 pronunciation elements
2025-07-18 21:45:28 - app.parsers.lift_parser - DEBUG - No pronunciations found
2025-07-18 21:45:28 - app.parsers.lift_parser - DEBUG - Found 0 pronunciation elements
2025-07-18 21:45:28 - app.parsers.lift_parser - DEBUG - No pronunciations found
2025-07-18 21:45:28 - app.parsers.lift_parser - DEBUG - Found 0 pronunciation elements
2025-07-18 21:45:28 - app.parsers.lift_parser - DEBUG - No pronunciations found
2025-07-18 21:45:28 - app.parsers.lift_parser - DEBUG - Found 0 pronunciation elements
2025-07-18 21:45:28 - app.parsers.lift_parser - DEBUG - No pronunciations found
2025-07-18 21:45:28 - app.parsers.lift_parser - DEBUG - Found 0 pronunciation elements
2025-07-18 21:45:28 - app.parsers.lift_parser - DEBUG - No pronunciations found
2025-07-18 21:45:28 - app.parsers.lift_parser - DEBUG - Found 0 pronunciation elements
2025-07-18 21:45:28 - app.parsers.lift_parser - DEBUG - No pronunciations found
2025-07-18 21:45:28 - app.parsers.lift_parser - DEBUG - Found 0 pronunciation elements
2025-07-18 21:45:28 - app.parsers.lift_parser - DEBUG - No pronunciations found
2025-07-18 21:45:28 - app.parsers.lift_parser - DEBUG - Found 0 pronunciation elements
2025-07-18 21:45:28 - app.parsers.lift_parser - DEBUG - No pronunciations found
2025-07-18 21:45:28 - app.parsers.lift_parser - DEBUG - Found 0 pronunciation elements
2025-07-18 21:45:28 - app.parsers.lift_parser - DEBUG - No pronunciations found
2025-07-18 21:45:28 - app.parsers.lift_parser - DEBUG - Found 0 pronunciation elements
2025-07-18 21:45:28 - app.parsers.lift_parser - DEBUG - No pronunciations found
2025-07-18 21:45:28 - app.parsers.lift_parser - DEBUG - Found 0 pronunciation elements
2025-07-18 21:45:28 - app.parsers.lift_parser - DEBUG - No pronunciations found
2025-07-18 21:45:28 - app.parsers.lift_parser - DEBUG - Found 0 pronunciation elements
2025-07-18 21:45:28 - app.parsers.lift_parser - DEBUG - No pronunciations found
2025-07-18 21:45:28 - app.parsers.lift_parser - DEBUG - Found 0 pronunciation elements
2025-07-18 21:45:28 - app.parsers.lift_parser - DEBUG - No pronunciations found
2025-07-18 21:45:28 - app.parsers.lift_parser - DEBUG - Found 0 pronunciation elements
2025-07-18 21:45:28 - app.parsers.lift_parser - DEBUG - No pronunciations found
2025-07-18 21:45:28 - app.parsers.lift_parser - DEBUG - Found 0 pronunciation elements
2025-07-18 21:45:28 - app.parsers.lift_parser - DEBUG - No pronunciations found
2025-07-18 21:45:28 - app.parsers.lift_parser - DEBUG - Found 0 pronunciation elements
2025-07-18 21:45:28 - app.parsers.lift_parser - DEBUG - No pronunciations found
2025-07-18 21:45:28 - app.parsers.lift_parser - DEBUG - Found 0 pronunciation elements
2025-07-18 21:45:28 - app.parsers.lift_parser - DEBUG - No pronunciations found
2025-07-18 21:45:28 - app.parsers.lift_parser - DEBUG - Found 0 pronunciation elements
2025-07-18 21:45:28 - app.parsers.lift_parser - DEBUG - No pronunciations found
2025-07-18 21:45:28 - app.parsers.lift_parser - DEBUG - Found 0 pronunciation elements
2025-07-18 21:45:28 - app.parsers.lift_parser - DEBUG - No pronunciations found
2025-07-18 21:45:28 - app.parsers.lift_parser - DEBUG - Found 0 pronunciation elements
2025-07-18 21:45:28 - app.parsers.lift_parser - DEBUG - No pronunciations found
2025-07-18 21:45:28 - app.parsers.lift_parser - DEBUG - Found 0 pronunciation elements
2025-07-18 21:45:28 - app.parsers.lift_parser - DEBUG - No pronunciations found
2025-07-18 21:45:28 - app.parsers.lift_parser - DEBUG - Found 0 pronunciation elements
2025-07-18 21:45:28 - app.parsers.lift_parser - DEBUG - No pronunciations found
2025-07-18 21:45:28 - app.parsers.lift_parser - DEBUG - Found 0 pronunciation elements
2025-07-18 21:45:28 - app.parsers.lift_parser - DEBUG - No pronunciations found
2025-07-18 21:45:28 - app.parsers.lift_parser - DEBUG - Found 0 pronunciation elements
2025-07-18 21:45:28 - app.parsers.lift_parser - DEBUG - No pronunciations found
2025-07-18 21:45:28 - app.parsers.lift_parser - DEBUG - Found 0 pronunciation elements
2025-07-18 21:45:28 - app.parsers.lift_parser - DEBUG - No pronunciations found
2025-07-18 21:45:28 - app.parsers.lift_parser - DEBUG - Found 0 pronunciation elements
2025-07-18 21:45:28 - app.parsers.lift_parser - DEBUG - No pronunciations found
2025-07-18 21:45:28 - app.parsers.lift_parser - DEBUG - Found 0 pronunciation elements
2025-07-18 21:45:28 - app.parsers.lift_parser - DEBUG - No pronunciations found
2025-07-18 21:45:28 - app.parsers.lift_parser - DEBUG - Found 0 pronunciation elements
2025-07-18 21:45:28 - app.parsers.lift_parser - DEBUG - No pronunciations found
2025-07-18 21:45:28 - app.parsers.lift_parser - DEBUG - Found 0 pronunciation elements
2025-07-18 21:45:28 - app.parsers.lift_parser - DEBUG - No pronunciations found
2025-07-18 21:45:28 - app.parsers.lift_parser - DEBUG - Found 1 pronunciation elements
2025-07-18 21:45:28 - app.parsers.lift_parser - DEBUG - Extracted pronunciation: seh-fonipa = '\u02c8test\u026a'
2025-07-18 21:45:28 - app.parsers.lift_parser - DEBUG - Final pronunciations: {'seh-fonipa': '\u02c8test\u026a'}
2025-07-18 21:45:28 - app.parsers.lift_parser - DEBUG - Found 0 pronunciation elements
2025-07-18 21:45:28 - app.parsers.lift_parser - DEBUG - No pronunciations found
2025-07-18 21:45:28 - app.parsers.lift_parser - DEBUG - Found 0 pronunciation elements
2025-07-18 21:45:28 - app.parsers.lift_parser - DEBUG - No pronunciations found
2025-07-18 21:45:28 - app.parsers.lift_parser - DEBUG - Found 0 pronunciation elements
2025-07-18 21:45:28 - app.parsers.lift_parser - DEBUG - No pronunciations found
2025-07-18 21:45:28 - app.parsers.lift_parser - DEBUG - Found 0 pronunciation elements
2025-07-18 21:45:28 - app.parsers.lift_parser - DEBUG - No pronunciations found
2025-07-18 21:45:28 - app.parsers.lift_parser - DEBUG - Found 0 pronunciation elements
2025-07-18 21:45:28 - app.parsers.lift_parser - DEBUG - No pronunciations found
2025-07-18 21:45:28 - app.parsers.lift_parser - DEBUG - Found 0 pronunciation elements
2025-07-18 21:45:28 - app.parsers.lift_parser - DEBUG - No pronunciations found
2025-07-18 21:45:28 - app.parsers.lift_parser - DEBUG - Found 0 pronunciation elements
2025-07-18 21:45:28 - app.parsers.lift_parser - DEBUG - No pronunciations found
2025-07-18 21:45:28 - app.parsers.lift_parser - DEBUG - Found 0 pronunciation elements
2025-07-18 21:45:28 - app.parsers.lift_parser - DEBUG - No pronunciations found
2025-07-18 21:45:28 - app.parsers.lift_parser - DEBUG - Found 0 pronunciation elements
2025-07-18 21:45:28 - app.parsers.lift_parser - DEBUG - No pronunciations found
2025-07-18 21:45:28 - app.parsers.lift_parser - DEBUG - Found 0 pronunciation elements
2025-07-18 21:45:28 - app.parsers.lift_parser - DEBUG - No pronunciations found
2025-07-18 21:45:28 - app.parsers.lift_parser - DEBUG - Found 0 pronunciation elements
2025-07-18 21:45:28 - app.parsers.lift_parser - DEBUG - No pronunciations found
2025-07-18 21:45:28 - app.parsers.lift_parser - DEBUG - Found 1 pronunciation elements
2025-07-18 21:45:28 - app.parsers.lift_parser - DEBUG - Extracted pronunciation: seh-fonipa = '\u02c8ta\u026am\u02c8test\u026ad'
2025-07-18 21:45:28 - app.parsers.lift_parser - DEBUG - Final pronunciations: {'seh-fonipa': '\u02c8ta\u026am\u02c8test\u026ad'}
2025-07-18 21:45:28 - app.parsers.lift_parser - DEBUG - Found 0 pronunciation elements
2025-07-18 21:45:28 - app.parsers.lift_parser - DEBUG - No pronunciations found
2025-07-18 21:45:28 - app.parsers.lift_parser - DEBUG - Found 1 pronunciation elements
2025-07-18 21:45:28 - app.parsers.lift_parser - DEBUG - Extracted pronunciation: seh-fonipa = '\u02c8tru\u02d0\u02c8f\u0252ls \u02c8test'
2025-07-18 21:45:28 - app.parsers.lift_parser - DEBUG - Final pronunciations: {'seh-fonipa': '\u02c8tru\u02d0\u02c8f\u0252ls \u02c8test'}
2025-07-18 21:45:28 - app.parsers.lift_parser - DEBUG - Found 1 pronunciation elements
2025-07-18 21:45:28 - app.parsers.lift_parser - DEBUG - Final pronunciations: {'seh-fonipa': '\u02c8tj\u028a\u0259r\u026a\u014b test'}
2025-07-18 21:45:28 - app.parsers.lift_parser - DEBUG - Found 1 pronunciation elements
2025-07-18 21:45:28 - app.parsers.lift_parser - DEBUG - Final pronunciations: {'seh-fonipa': '\u02c8tj\u028a\u0259r\u026a\u014b test'}
2025-07-18 21:45:28 - app.parsers.lift_parser - DEBUG - Found 1 pronunciation elements
2025-07-18 21:45:28 - app.parsers.lift_parser - DEBUG - Final pronunciations: {'seh-fonipa': '\u02c8tj\u028a\u0259r\u026a\u014b test'}
2025-07-18 21:45:28 - app.parsers.lift_parser - DEBUG - Found 0 pronunciation elements
2025-07-18 21:45:28 - app.parsers.lift_parser - DEBUG - No pronunciations found
2025-07-18 21:45:28 - app.parsers.lift_parser - DEBUG - Found 1 pronunciation elements
2025-07-18 21:45:28 - app.parsers.lift_parser - DEBUG - Extracted pronunciation: seh-fonipa = '\u02cc\u028cnk\u0259n\u02c8test\u026ad'
2025-07-18 21:45:28 - app.parsers.lift_parser - DEBUG - Final pronunciations: {'seh-fonipa': '\u02cc\u028cnk\u0259n\u02c8test\u026ad'}
2025-07-18 21:45:28 - app.parsers.lift_parser - DEBUG - Found 0 pronunciation elements
2025-07-18 21:45:28 - app.parsers.lift_parser - DEBUG - No pronunciations found
2025-07-18 21:45:28 - app.parsers.lift_parser - DEBUG - Found 1 pronunciation elements
2025-07-18 21:45:28 - app.parsers.lift_parser - DEBUG - Extracted pronunciation: seh-fonipa = '\u02cc\u028cn\u02c8test\u026ad'
2025-07-18 21:45:28 - app.parsers.lift_parser - DEBUG - Final pronunciations: {'seh-fonipa': '\u02cc\u028cn\u02c8test\u026ad'}
2025-07-18 21:45:28 - app.parsers.lift_parser - DEBUG - Found 1 pronunciation elements
2025-07-18 21:45:28 - app.parsers.lift_parser - DEBUG - Extracted pronunciation: seh-fonipa = '\u02c8w\u0251\u02d0s\u0259rm\u0259n test'
2025-07-18 21:45:28 - app.parsers.lift_parser - DEBUG - Final pronunciations: {'seh-fonipa': '\u02c8w\u0251\u02d0s\u0259rm\u0259n test'}
2025-07-18 21:45:28 - app.parsers.lift_parser - DEBUG - Found 0 pronunciation elements
2025-07-18 21:45:28 - app.parsers.lift_parser - DEBUG - No pronunciations found
2025-07-18 21:45:28 - app.parsers.lift_parser - DEBUG - Found 0 pronunciation elements
2025-07-18 21:45:28 - app.parsers.lift_parser - DEBUG - No pronunciations found
2025-07-18 21:45:28 - app.parsers.lift_parser - DEBUG - Found 0 pronunciation elements
2025-07-18 21:45:28 - app.parsers.lift_parser - DEBUG - No pronunciations found
2025-07-18 21:45:28 - app.parsers.lift_parser - DEBUG - Found 0 pronunciation elements
2025-07-18 21:45:28 - app.parsers.lift_parser - DEBUG - No pronunciations found
2025-07-18 21:45:28 - app.parsers.lift_parser - DEBUG - Found 0 pronunciation elements
2025-07-18 21:45:28 - app.parsers.lift_parser - DEBUG - No pronunciations found
2025-07-18 21:45:28 - app.parsers.lift_parser - DEBUG - Found 0 pronunciation elements
2025-07-18 21:45:28 - app.parsers.lift_parser - DEBUG - No pronunciations found
2025-07-18 21:45:28 - app.parsers.lift_parser - DEBUG - Found 0 pronunciation elements
2025-07-18 21:45:28 - app.parsers.lift_parser - DEBUG - No pronunciations found
2025-07-18 21:45:28 - app.parsers.lift_parser - DEBUG - Found 0 pronunciation elements
2025-07-18 21:45:28 - app.parsers.lift_parser - DEBUG - No pronunciations found
2025-07-18 21:45:28 - app.parsers.lift_parser - DEBUG - Found 0 pronunciation elements
2025-07-18 21:45:28 - app.parsers.lift_parser - DEBUG - No pronunciations found
2025-07-18 21:45:28 - app.parsers.lift_parser - DEBUG - Found 0 pronunciation elements
2025-07-18 21:45:28 - app.parsers.lift_parser - DEBUG - No pronunciations found
2025-07-18 21:45:28 - app.parsers.lift_parser - DEBUG - Found 0 pronunciation elements
2025-07-18 21:45:28 - app.parsers.lift_parser - DEBUG - No pronunciations found
2025-07-18 21:45:28 - app.parsers.lift_parser - DEBUG - Found 0 pronunciation elements
2025-07-18 21:45:28 - app.parsers.lift_parser - DEBUG - No pronunciations found
2025-07-18 21:45:28 - app.parsers.lift_parser - DEBUG - Found 0 pronunciation elements
2025-07-18 21:45:28 - app.parsers.lift_parser - DEBUG - No pronunciations found
2025-07-18 21:45:28 - app.parsers.lift_parser - DEBUG - Found 0 pronunciation elements
2025-07-18 21:45:28 - app.parsers.lift_parser - DEBUG - No pronunciations found
2025-07-18 21:45:28 - app.parsers.lift_parser - DEBUG - Found 0 pronunciation elements
2025-07-18 21:45:28 - app.parsers.lift_parser - DEBUG - No pronunciations found
2025-07-18 21:45:28 - app.parsers.lift_parser - DEBUG - Found 0 pronunciation elements
2025-07-18 21:45:28 - app.parsers.lift_parser - DEBUG - No pronunciations found
2025-07-18 21:45:28 - app.parsers.lift_parser - DEBUG - Found 0 pronunciation elements
2025-07-18 21:45:28 - app.parsers.lift_parser - DEBUG - No pronunciations found
2025-07-18 21:45:28 - app.parsers.lift_parser - DEBUG - Found 0 pronunciation elements
2025-07-18 21:45:28 - app.parsers.lift_parser - DEBUG - No pronunciations found
2025-07-18 21:45:28 - app.parsers.lift_parser - DEBUG - Found 0 pronunciation elements
2025-07-18 21:45:28 - app.parsers.lift_parser - DEBUG - No pronunciations found
2025-07-18 21:45:28 - app.parsers.lift_parser - DEBUG - Found 0 pronunciation elements
2025-07-18 21:45:28 - app.parsers.lift_parser - DEBUG - No pronunciations found
2025-07-18 21:45:28 - app.parsers.lift_parser - DEBUG - Found 0 pronunciation elements
2025-07-18 21:45:28 - app.parsers.lift_parser - DEBUG - No pronunciations found
2025-07-18 21:45:28 - app.parsers.lift_parser - DEBUG - Found 0 pronunciation elements
2025-07-18 21:45:28 - app.parsers.lift_parser - DEBUG - No pronunciations found
2025-07-18 21:45:28 - app.parsers.lift_parser - DEBUG - Found 0 pronunciation elements
2025-07-18 21:45:28 - app.parsers.lift_parser - DEBUG - No pronunciations found
2025-07-18 21:45:28 - app.parsers.lift_parser - DEBUG - Found 0 pronunciation elements
2025-07-18 21:45:28 - app.parsers.lift_parser - DEBUG - No pronunciations found
2025-07-18 21:45:28 - app.parsers.lift_parser - DEBUG - Found 0 pronunciation elements
2025-07-18 21:45:28 - app.parsers.lift_parser - DEBUG - No pronunciations found
2025-07-18 21:45:28 - app.parsers.lift_parser - DEBUG - Found 0 pronunciation elements
2025-07-18 21:45:28 - app.parsers.lift_parser - DEBUG - No pronunciations found
2025-07-18 21:45:28 - app.parsers.lift_parser - DEBUG - Found 0 pronunciation elements
2025-07-18 21:45:28 - app.parsers.lift_parser - DEBUG - No pronunciations found
2025-07-18 21:45:28 - app.parsers.lift_parser - DEBUG - Found 0 pronunciation elements
2025-07-18 21:45:28 - app.parsers.lift_parser - DEBUG - No pronunciations found
2025-07-18 21:45:28 - app.parsers.lift_parser - DEBUG - Found 0 pronunciation elements
2025-07-18 21:45:28 - app.parsers.lift_parser - DEBUG - No pronunciations found
2025-07-18 21:45:28 - app.parsers.lift_parser - DEBUG - Found 0 pronunciation elements
2025-07-18 21:45:28 - app.parsers.lift_parser - DEBUG - No pronunciations found
2025-07-18 21:45:28 - app.parsers.lift_parser - DEBUG - Found 0 pronunciation elements
2025-07-18 21:45:28 - app.parsers.lift_parser - DEBUG - No pronunciations found
2025-07-18 21:45:28 - app.parsers.lift_parser - DEBUG - Found 0 pronunciation elements
2025-07-18 21:45:28 - app.parsers.lift_parser - DEBUG - No pronunciations found
2025-07-18 21:45:28 - app.parsers.lift_parser - DEBUG - Found 0 pronunciation elements
2025-07-18 21:45:28 - app.parsers.lift_parser - DEBUG - No pronunciations found
2025-07-18 21:45:28 - app.parsers.lift_parser - DEBUG - Found 0 pronunciation elements
2025-07-18 21:45:28 - app.parsers.lift_parser - DEBUG - No pronunciations found
2025-07-18 21:45:28 - app.parsers.lift_parser - DEBUG - Found 0 pronunciation elements
2025-07-18 21:45:28 - app.parsers.lift_parser - DEBUG - No pronunciations found
2025-07-18 21:45:28 - app.parsers.lift_parser - DEBUG - Found 0 pronunciation elements
2025-07-18 21:45:28 - app.parsers.lift_parser - DEBUG - No pronunciations found
2025-07-18 21:45:28 - app.parsers.lift_parser - DEBUG - Found 0 pronunciation elements
2025-07-18 21:45:28 - app.parsers.lift_parser - DEBUG - No pronunciations found
2025-07-18 21:45:28 - app.parsers.lift_parser - DEBUG - Found 0 pronunciation elements
2025-07-18 21:45:28 - app.parsers.lift_parser - DEBUG - No pronunciations found
2025-07-18 21:45:28 - app.parsers.lift_parser - DEBUG - Found 0 pronunciation elements
2025-07-18 21:45:28 - app.parsers.lift_parser - DEBUG - No pronunciations found
2025-07-18 21:45:28 - app.parsers.lift_parser - DEBUG - Found 0 pronunciation elements
2025-07-18 21:45:28 - app.parsers.lift_parser - DEBUG - No pronunciations found
2025-07-18 21:45:28 - app.parsers.lift_parser - DEBUG - Found 0 pronunciation elements
2025-07-18 21:45:28 - app.parsers.lift_parser - DEBUG - No pronunciations found
2025-07-18 21:45:28 - app.parsers.lift_parser - DEBUG - Found 0 pronunciation elements
2025-07-18 21:45:28 - app.parsers.lift_parser - DEBUG - No pronunciations found
2025-07-18 21:45:28 - werkzeug - INFO - 127.0.0.1 - - [18/Jul/2025 21:45:28] "GET /entries/entry_with_sense_relation_19f5ddc4/edit HTTP/1.1" 200 -
2025-07-18 21:45:28 - werkzeug - INFO - 127.0.0.1 - - [18/Jul/2025 21:45:28] "GET /static/css/main.css HTTP/1.1" 304 -
2025-07-18 21:45:28 - werkzeug - INFO - 127.0.0.1 - - [18/Jul/2025 21:45:28] "GET /static/css/form-tooltips.css HTTP/1.1" 304 -
2025-07-18 21:45:28 - werkzeug - INFO - 127.0.0.1 - - [18/Jul/2025 21:45:28] "GET /static/js/form-serializer.js HTTP/1.1" 304 -
2025-07-18 21:45:28 - werkzeug - INFO - 127.0.0.1 - - [18/Jul/2025 21:45:28] "GET /static/js/form-state-manager.js HTTP/1.1" 304 -
2025-07-18 21:45:28 - werkzeug - INFO - 127.0.0.1 - - [18/Jul/2025 21:45:28] "GET /static/css/validation-feedback.css HTTP/1.1" 304 -
2025-07-18 21:45:28 - werkzeug - INFO - 127.0.0.1 - - [18/Jul/2025 21:45:28] "GET /static/js/common.js HTTP/1.1" 304 -
2025-07-18 21:45:28 - werkzeug - INFO - 127.0.0.1 - - [18/Jul/2025 21:45:28] "GET /static/js/client-validation-engine.js HTTP/1.1" 304 -
2025-07-18 21:45:28 - werkzeug - INFO - 127.0.0.1 - - [18/Jul/2025 21:45:28] "GET /static/js/auto-save-manager.js HTTP/1.1" 304 -
2025-07-18 21:45:29 - werkzeug - INFO - 127.0.0.1 - - [18/Jul/2025 21:45:29] "GET /static/js/ranges-loader.js HTTP/1.1" 304 -
2025-07-18 21:45:29 - werkzeug - INFO - 127.0.0.1 - - [18/Jul/2025 21:45:29] "GET /static/js/validation-ui.js HTTP/1.1" 304 -
2025-07-18 21:45:29 - werkzeug - INFO - 127.0.0.1 - - [18/Jul/2025 21:45:29] "GET /static/js/inline-validation.js HTTP/1.1" 304 -
2025-07-18 21:45:29 - werkzeug - INFO - 127.0.0.1 - - [18/Jul/2025 21:45:29] "GET /static/js/pronunciation-forms.js HTTP/1.1" 304 -
2025-07-18 21:45:29 - werkzeug - INFO - 127.0.0.1 - - [18/Jul/2025 21:45:29] "GET /static/js/relations.js HTTP/1.1" 304 -
2025-07-18 21:45:29 - werkzeug - INFO - 127.0.0.1 - - [18/Jul/2025 21:45:29] "GET /static/js/variant-forms.js HTTP/1.1" 304 -
2025-07-18 21:45:29 - werkzeug - INFO - 127.0.0.1 - - [18/Jul/2025 21:45:29] "GET /.well-known/appspecific/com.chrome.devtools.json HTTP/1.1" 404 -
2025-07-18 21:45:29 - werkzeug - INFO - 127.0.0.1 - - [18/Jul/2025 21:45:29] "GET /static/js/multilingual-sense-fields.js HTTP/1.1" 304 -
2025-07-18 21:45:29 - werkzeug - INFO - 127.0.0.1 - - [18/Jul/2025 21:45:29] "GET /static/js/etymology-forms.js HTTP/1.1" 304 -
2025-07-18 21:45:29 - werkzeug - INFO - 127.0.0.1 - - [18/Jul/2025 21:45:29] "GET /static/js/entry-form.js HTTP/1.1" 304 -
2025-07-18 21:45:29 - werkzeug - INFO - 127.0.0.1 - - [18/Jul/2025 21:45:29] "GET /api/ranges/grammatical-info HTTP/1.1" 500 -
2025-07-18 21:45:29 - werkzeug - INFO - 127.0.0.1 - - [18/Jul/2025 21:45:29] "GET /api/ranges/lexical-relation HTTP/1.1" 500 -
2025-07-18 21:45:29 - werkzeug - INFO - 127.0.0.1 - - [18/Jul/2025 21:45:29] "GET /api/ranges/etymology HTTP/1.1" 500 -
2025-07-18 21:45:29 - werkzeug - INFO - 127.0.0.1 - - [18/Jul/2025 21:45:29] "GET /api/ranges HTTP/1.1" 500 -
2025-07-18 21:45:29 - werkzeug - INFO - 127.0.0.1 - - [18/Jul/2025 21:45:29] "GET /api/ranges/grammatical-info HTTP/1.1" 500 -
